Archive member included to satisfy reference by file (symbol)

.\CortexM3\ARM_GCC_541\Debug\ZumoBot.a(PWM.o)
                              .\CortexM3\ARM_GCC_541\Debug\Motor.o (PWM_Stop)
.\CortexM3\ARM_GCC_541\Debug\ZumoBot.a(I2C.o)
                              .\CortexM3\ARM_GCC_541\Debug\Nunchuk.o (I2C_Start)
.\CortexM3\ARM_GCC_541\Debug\ZumoBot.a(I2C_INT.o)
                              .\CortexM3\ARM_GCC_541\Debug\ZumoBot.a(I2C.o) (I2C_ISR)
.\CortexM3\ARM_GCC_541\Debug\ZumoBot.a(I2C_PM.o)
                              .\CortexM3\ARM_GCC_541\Debug\ZumoBot.a(I2C.o) (I2C_backup)
.\CortexM3\ARM_GCC_541\Debug\ZumoBot.a(I2C_MASTER.o)
                              .\CortexM3\ARM_GCC_541\Debug\I2C_made.o (I2C_MasterWriteBuf)
.\CortexM3\ARM_GCC_541\Debug\ZumoBot.a(CyLib.o)
                              .\CortexM3\ARM_GCC_541\Debug\Cm3Start.o (CyHalt)
.\CortexM3\ARM_GCC_541\Debug\ZumoBot.a(cyPm.o)
                              .\CortexM3\ARM_GCC_541\Debug\ZumoBot.a(CyLib.o) (CyPmReadStatus)
.\CortexM3\ARM_GCC_541\Debug\ZumoBot.a(MotorDirLeft.o)
                              .\CortexM3\ARM_GCC_541\Debug\Motor.o (MotorDirLeft_Write)
.\CortexM3\ARM_GCC_541\Debug\ZumoBot.a(MotorDirRight.o)
                              .\CortexM3\ARM_GCC_541\Debug\Motor.o (MotorDirRight_Write)
.\CortexM3\ARM_GCC_541\Debug\ZumoBot.a(IR_led.o)
                              .\CortexM3\ARM_GCC_541\Debug\main.o (IR_led_Write)
.\CortexM3\ARM_GCC_541\Debug\ZumoBot.a(sensor_isr.o)
                              .\CortexM3\ARM_GCC_541\Debug\main.o (sensor_isr_StartEx)
.\CortexM3\ARM_GCC_541\Debug\ZumoBot.a(UART_1.o)
                              .\CortexM3\ARM_GCC_541\Debug\main.o (UART_1_Start)
.\CortexM3\ARM_GCC_541\Debug\ZumoBot.a(ADC_Battery.o)
                              .\CortexM3\ARM_GCC_541\Debug\main.o (ADC_Battery_Start)
.\CortexM3\ARM_GCC_541\Debug\ZumoBot.a(ADC_Battery_INT.o)
                              .\CortexM3\ARM_GCC_541\Debug\ZumoBot.a(ADC_Battery.o) (ADC_Battery_ISR)
.\CortexM3\ARM_GCC_541\Debug\ZumoBot.a(BatteryLed.o)
                              .\CortexM3\ARM_GCC_541\Debug\main.o (BatteryLed_Write)
.\CortexM3\ARM_GCC_541\Debug\ZumoBot.a(IR_receiver.o)
                              .\CortexM3\ARM_GCC_541\Debug\IR.o (IR_receiver_Read)
.\CortexM3\ARM_GCC_541\Debug\ZumoBot.a(Trig.o)
                              .\CortexM3\ARM_GCC_541\Debug\Ultra.o (Trig_Write)
.\CortexM3\ARM_GCC_541\Debug\ZumoBot.a(Timer.o)
                              .\CortexM3\ARM_GCC_541\Debug\Ultra.o (Timer_Stop)
.\CortexM3\ARM_GCC_541\Debug\ZumoBot.a(Echo.o)
                              .\CortexM3\ARM_GCC_541\Debug\Ultra.o (Echo_Read)
.\CortexM3\ARM_GCC_541\Debug\ZumoBot.a(ultra_isr.o)
                              .\CortexM3\ARM_GCC_541\Debug\Ultra.o (ultra_isr_StartEx)
.\CortexM3\ARM_GCC_541\Debug\ZumoBot.a(UART_1_IntClock.o)
                              .\CortexM3\ARM_GCC_541\Debug\ZumoBot.a(UART_1.o) (UART_1_IntClock_Start)
.\CortexM3\ARM_GCC_541\Debug\ZumoBot.a(ADC_Battery_theACLK.o)
                              .\CortexM3\ARM_GCC_541\Debug\ZumoBot.a(ADC_Battery.o) (ADC_Battery_theACLK_SetModeRegister)
.\CortexM3\ARM_GCC_541\Debug\ZumoBot.a(Buzzer_PWM.o)
                              .\CortexM3\ARM_GCC_541\Debug\Beep.o (Buzzer_PWM_Stop)
.\CortexM3\ARM_GCC_541\Debug\ZumoBot.a(L3.o)
                              .\CortexM3\ARM_GCC_541\Debug\Reflectance.o (L3_Write)
.\CortexM3\ARM_GCC_541\Debug\ZumoBot.a(Timer_L3.o)
                              .\CortexM3\ARM_GCC_541\Debug\Reflectance.o (Timer_L3_ReadStatusRegister)
.\CortexM3\ARM_GCC_541\Debug\ZumoBot.a(Timer_R3.o)
                              .\CortexM3\ARM_GCC_541\Debug\Reflectance.o (Timer_R3_ReadStatusRegister)
.\CortexM3\ARM_GCC_541\Debug\ZumoBot.a(Timer_R1.o)
                              .\CortexM3\ARM_GCC_541\Debug\Reflectance.o (Timer_R1_ReadStatusRegister)
.\CortexM3\ARM_GCC_541\Debug\ZumoBot.a(R1.o)
                              .\CortexM3\ARM_GCC_541\Debug\Reflectance.o (R1_Write)
.\CortexM3\ARM_GCC_541\Debug\ZumoBot.a(R3.o)
                              .\CortexM3\ARM_GCC_541\Debug\Reflectance.o (R3_Write)
.\CortexM3\ARM_GCC_541\Debug\ZumoBot.a(Timer_L1.o)
                              .\CortexM3\ARM_GCC_541\Debug\Reflectance.o (Timer_L1_ReadStatusRegister)
.\CortexM3\ARM_GCC_541\Debug\ZumoBot.a(L1.o)
                              .\CortexM3\ARM_GCC_541\Debug\Reflectance.o (L1_Write)
.\CortexM3\ARM_GCC_541\Debug\ZumoBot.a(SW1.o)
                              .\CortexM3\ARM_GCC_541\Debug\main.o (SW1_Read)
.\CortexM3\ARM_GCC_541\Debug\ZumoBot.a(CyBootAsmGnu.o)
                              .\CortexM3\ARM_GCC_541\Debug\cyfitter_cfg.o (CyDelayCycles)
.\CortexM3\ARM_GCC_541\Debug\ZumoBot.a(CyFlash.o)
                              .\CortexM3\ARM_GCC_541\Debug\ZumoBot.a(cyPm.o) (CyFlash_SetWaitCycles)
.\CortexM3\ARM_GCC_541\Debug\ZumoBot.a(CySpc.o)
                              .\CortexM3\ARM_GCC_541\Debug\ZumoBot.a(CyFlash.o) (CySpcStart)
[...]
Memory Configuration

Name             Origin             Length             Attributes
rom              0x00000000         0x00040000         xr
ram              0x1fff8000         0x00010000         xrw
*default*        0x00000000         0xffffffff

Linker script and memory map

LOAD c:/program files (x86)/cypress/psoc creator/4.1/psoc creator/import/gnu/arm/5.4.1/bin/../lib/gcc/arm-none-eabi/5.4.1/armv7-m/crti.o
LOAD c:/program files (x86)/cypress/psoc creator/4.1/psoc creator/import/gnu/arm/5.4.1/bin/../lib/gcc/arm-none-eabi/5.4.1/armv7-m/crtbegin.o
LOAD c:/program files (x86)/cypress/psoc creator/4.1/psoc creator/import/gnu/arm/5.4.1/bin/../lib/gcc/arm-none-eabi/5.4.1/../../../../arm-none-eabi/lib/armv7-m/crt0.o
START GROUP
LOAD .\CortexM3\ARM_GCC_541\Debug\main.o
LOAD .\CortexM3\ARM_GCC_541\Debug\Accel.o
LOAD .\CortexM3\ARM_GCC_541\Debug\Ambient.o
LOAD .\CortexM3\ARM_GCC_541\Debug\Gyro.o
LOAD .\CortexM3\ARM_GCC_541\Debug\I2C_made.o
LOAD .\CortexM3\ARM_GCC_541\Debug\IR.o
LOAD .\CortexM3\ARM_GCC_541\Debug\Magnet.o
LOAD .\CortexM3\ARM_GCC_541\Debug\Motor.o
LOAD .\CortexM3\ARM_GCC_541\Debug\Nunchuk.o
LOAD .\CortexM3\ARM_GCC_541\Debug\Reflectance.o
LOAD .\CortexM3\ARM_GCC_541\Debug\Ultra.o
LOAD .\CortexM3\ARM_GCC_541\Debug\Beep.o
LOAD .\CortexM3\ARM_GCC_541\Debug\Drive.o
LOAD .\CortexM3\ARM_GCC_541\Debug\cyfitter_cfg.o
LOAD .\CortexM3\ARM_GCC_541\Debug\cymetadata.o
LOAD .\CortexM3\ARM_GCC_541\Debug\Cm3Start.o
LOAD .\CortexM3\ARM_GCC_541\Debug\ZumoBot.a
LOAD C:\Program Files (x86)\Cypress\PSoC Creator\4.1\PSoC Creator\psoc\content\cycomponentlibrary\CyComponentLibrary.cylib\CortexM3\ARM_GCC_541\Debug\CyComponentLibrary.a
LOAD c:/program files (x86)/cypress/psoc creator/4.1/psoc creator/import/gnu/arm/5.4.1/bin/../lib/gcc/arm-none-eabi/5.4.1/../../../../arm-none-eabi/lib/armv7-m\libm.a
END GROUP
START GROUP
LOAD c:/program files (x86)/cypress/psoc creator/4.1/psoc creator/import/gnu/arm/5.4.1/bin/../lib/gcc/arm-none-eabi/5.4.1/armv7-m\libgcc.a
LOAD c:/program files (x86)/cypress/psoc creator/4.1/psoc creator/import/gnu/arm/5.4.1/bin/../lib/gcc/arm-none-eabi/5.4.1/../../../../arm-none-eabi/lib/armv7-m\libg.a
LOAD c:/program files (x86)/cypress/psoc creator/4.1/psoc creator/import/gnu/arm/5.4.1/bin/../lib/gcc/arm-none-eabi/5.4.1/../../../../arm-none-eabi/lib/armv7-m\libc.a
END GROUP
LOAD c:/program files (x86)/cypress/psoc creator/4.1/psoc creator/import/gnu/arm/5.4.1/bin/../lib/gcc/arm-none-eabi/5.4.1/armv7-m/crtend.o
LOAD c:/program files (x86)/cypress/psoc creator/4.1/psoc creator/import/gnu/arm/5.4.1/bin/../lib/gcc/arm-none-eabi/5.4.1/armv7-m/crtn.o
START GROUP
LOAD c:/program files (x86)/cypress/psoc creator/4.1/psoc creator/import/gnu/arm/5.4.1/bin/../lib/gcc/arm-none-eabi/5.4.1/armv7-m\libgcc.a
LOAD c:/program files (x86)/cypress/psoc creator/4.1/psoc creator/import/gnu/arm/5.4.1/bin/../lib/gcc/arm-none-eabi/5.4.1/../../../../arm-none-eabi/lib/armv7-m\libc.a
LOAD c:/program files (x86)/cypress/psoc creator/4.1/psoc creator/import/gnu/arm/5.4.1/bin/../lib/gcc/arm-none-eabi/5.4.1/../../../../arm-none-eabi/lib/armv7-m\libnosys.a
END GROUP
                0x00000000                CY_APPL_ORIGIN = 0x0
                0x00000100                CY_FLASH_ROW_SIZE = 0x100
                0x00000020                CY_ECC_ROW_SIZE = 0x20
                0x00000000                CY_EE_IN_BTLDR = 0x0
                0x00000000                CY_APPL_LOADABLE = 0x0
                0x00000800                CY_EE_SIZE = 0x800
                0x00000001                CY_APPL_NUM = 0x1
                0x00000001                CY_APPL_MAX = 0x1
                0x00000040                CY_METADATA_SIZE = 0x40
                0x00000000                CY_APPL_LOADABLE = 0x0
                0x00000000                CY_CHECKSUM_EXCLUDE_SIZE = ALIGN (0x0, CY_FLASH_ROW_SIZE)
                [!provide]                PROVIDE (__cy_heap_start, _end)
                0x00000001                PROVIDE (__cy_region_num, ((__cy_regions_end - __cy_regions) / 0x10))
                0x20008000                PROVIDE (__cy_stack, (ORIGIN (ram) + LENGTH (ram)))
                [!provide]                PROVIDE (__cy_heap_end, (__cy_stack - 0x800))

.cybootloader   0x00000000        0x0
 *(.cybootloader)
                0x00000000                appl1_start = CY_APPL_ORIGIN?CY_APPL_ORIGIN:ALIGN (CY_FLASH_ROW_SIZE)
                0x0001ff00                appl2_start = (appl1_start + ALIGN ((((LENGTH (rom) - appl1_start) - (0x2 * CY_FLASH_ROW_SIZE)) / 0x2), CY_FLASH_ROW_SIZE))
                0x00000000                appl_start = (CY_APPL_NUM == 0x1)?appl1_start:appl2_start
                0x00000000                ecc_offset = ((appl_start / CY_FLASH_ROW_SIZE) * CY_ECC_ROW_SIZE)
                0x00000000                ee_offset = (CY_APPL_LOADABLE && ! (CY_EE_IN_BTLDR))?((CY_EE_SIZE / CY_APPL_MAX) * (CY_APPL_NUM - 0x1)):0x0
                0x00000800                ee_size = (CY_APPL_LOADABLE && ! (CY_EE_IN_BTLDR))?(CY_EE_SIZE / CY_APPL_MAX):CY_EE_SIZE
                [!provide]                PROVIDE (CY_ECC_OFFSET, ecc_offset)

.text           0x00000000     0x7408
 CREATE_OBJECT_SYMBOLS
                0x00000000                PROVIDE (__cy_interrupt_vector, RomVectors)
 *(.romvectors)
 .romvectors    0x00000000       0x10 .\CortexM3\ARM_GCC_541\Debug\Cm3Start.o
                0x00000000                RomVectors
                0x00000001                ASSERT ((. != __cy_interrupt_vector), No interrupt vector)
                0x00000001                ASSERT (CY_APPL_ORIGIN?(SIZEOF (.cybootloader) <= CY_APPL_ORIGIN):0x1, Wrong image location)
                0x00000010                PROVIDE (__cy_reset, Reset)
 *(.text.Reset)
 .text.Reset    0x00000010       0x18 .\CortexM3\ARM_GCC_541\Debug\Cm3Start.o
                0x00000010                Reset
                0x00000001                ASSERT ((. != __cy_reset), No reset code)
 *(.dma_init)
                0x00000001                ASSERT ((((appl_start + .) <= 0x10000) || 0x1), DMA Init must be within the first 64k of flash)
 *(.text .text.* .gnu.linkonce.t.*)
 .text          0x00000028       0x5c c:/program files (x86)/cypress/psoc creator/4.1/psoc creator/import/gnu/arm/5.4.1/bin/../lib/gcc/arm-none-eabi/5.4.1/armv7-m/crtbegin.o
 .text.checkBat
                0x00000084       0x40 .\CortexM3\ARM_GCC_541\Debug\main.o
                0x00000084                checkBat
 .text.main     0x000000c4      0x2fc .\CortexM3\ARM_GCC_541\Debug\main.o
                0x000000c4                main
 .text._write   0x000003c0       0x2c .\CortexM3\ARM_GCC_541\Debug\main.o
                0x000003c0                _write
 .text._read    0x000003ec       0x38 .\CortexM3\ARM_GCC_541\Debug\main.o
                0x000003ec                _read
 .text.motor_start
                0x00000424        0x8 .\CortexM3\ARM_GCC_541\Debug\Motor.o
                0x00000424                motor_start
 .text.motor_stop
                0x0000042c        0x8 .\CortexM3\ARM_GCC_541\Debug\Motor.o
                0x0000042c                motor_stop
 .text.motor_forward
                0x00000434       0x28 .\CortexM3\ARM_GCC_541\Debug\Motor.o
                0x00000434                motor_forward
 .text.motor_turn
                0x0000045c       0x28 .\CortexM3\ARM_GCC_541\Debug\Motor.o
                0x0000045c                motor_turn
 .text.motor_sharp_turn
                0x00000484       0x28 .\CortexM3\ARM_GCC_541\Debug\Motor.o
                0x00000484                motor_sharp_turn
 .text.sensor_isr_handler
                0x000004ac      0x108 .\CortexM3\ARM_GCC_541\Debug\Reflectance.o
                0x000004ac                sensor_isr_handler
 .text.reflectance_start
                0x000005b4       0x20 .\CortexM3\ARM_GCC_541\Debug\Reflectance.o
                0x000005b4                reflectance_start
 .text.reflectance_read
                0x000005d4       0x10 .\CortexM3\ARM_GCC_541\Debug\Reflectance.o
                0x000005d4                reflectance_read
 .text.reflectance_digital
                0x000005e4       0x6c .\CortexM3\ARM_GCC_541\Debug\Reflectance.o
                0x000005e4                reflectance_digital
 .text.reflectance_set_threshold
                0x00000650       0x14 .\CortexM3\ARM_GCC_541\Debug\Reflectance.o
                0x00000650                reflectance_set_threshold
 .text.Beep     0x00000664       0x24 .\CortexM3\ARM_GCC_541\Debug\Beep.o
                0x00000664                Beep
 .text.Drive    0x00000688      0x128 .\CortexM3\ARM_GCC_541\Debug\Drive.o
                0x00000688                Drive
 .text.CyClockStartupError
                0x000007b0        0x4 .\CortexM3\ARM_GCC_541\Debug\cyfitter_cfg.o
 .text.cfg_write_bytes32
                0x000007b4       0x34 .\CortexM3\ARM_GCC_541\Debug\cyfitter_cfg.o
 .text.CYMEMZERO
                0x000007e8        0xc .\CortexM3\ARM_GCC_541\Debug\cyfitter_cfg.o
 .text.ClockSetup
                0x000007f4       0xf0 .\CortexM3\ARM_GCC_541\Debug\cyfitter_cfg.o
 .text.AnalogSetDefault
                0x000008e4       0x80 .\CortexM3\ARM_GCC_541\Debug\cyfitter_cfg.o
 .text.CYCONFIGCPY
                0x00000964        0x8 .\CortexM3\ARM_GCC_541\Debug\cyfitter_cfg.o
 .text.cyfitter_cfg
                0x0000096c      0x144 .\CortexM3\ARM_GCC_541\Debug\cyfitter_cfg.o
                0x0000096c                cyfitter_cfg
 .text.IntDefaultHandler
                0x00000ab0       0x10 .\CortexM3\ARM_GCC_541\Debug\Cm3Start.o
                0x00000ab0                IntDefaultHandler
 .text._sbrk    0x00000ac0       0x30 .\CortexM3\ARM_GCC_541\Debug\Cm3Start.o
                0x00000ac0                _sbrk
 .text.Start_c  0x00000af0       0x4c .\CortexM3\ARM_GCC_541\Debug\Cm3Start.o
                0x00000af0                Start_c
 .text.initialize_psoc
                0x00000b3c       0x68 .\CortexM3\ARM_GCC_541\Debug\Cm3Start.o
                0x00000b3c                initialize_psoc
 .text.PWM_Enable
                0x00000ba4       0x10 .\CortexM3\ARM_GCC_541\Debug\ZumoBot.a(PWM.o)
                0x00000ba4                PWM_Enable
 .text.PWM_Stop
                0x00000bb4       0x10 .\CortexM3\ARM_GCC_541\Debug\ZumoBot.a(PWM.o)
                0x00000bb4                PWM_Stop
 .text.PWM_WriteCounter
                0x00000bc4        0xc .\CortexM3\ARM_GCC_541\Debug\ZumoBot.a(PWM.o)
                0x00000bc4                PWM_WriteCounter
 .text.PWM_WritePeriod
                0x00000bd0        0xc .\CortexM3\ARM_GCC_541\Debug\ZumoBot.a(PWM.o)
                0x00000bd0                PWM_WritePeriod
 .text.PWM_WriteCompare1
                0x00000bdc        0xc .\CortexM3\ARM_GCC_541\Debug\ZumoBot.a(PWM.o)
                0x00000bdc                PWM_WriteCompare1
 .text.PWM_WriteCompare2
                0x00000be8        0xc .\CortexM3\ARM_GCC_541\Debug\ZumoBot.a(PWM.o)
                0x00000be8                PWM_WriteCompare2
 .text.PWM_SetInterruptMode
                0x00000bf4        0xc .\CortexM3\ARM_GCC_541\Debug\ZumoBot.a(PWM.o)
                0x00000bf4                PWM_SetInterruptMode
 .text.PWM_ReadStatusRegister
                0x00000c00        0xc .\CortexM3\ARM_GCC_541\Debug\ZumoBot.a(PWM.o)
                0x00000c00                PWM_ReadStatusRegister
 .text.PWM_ReadCapture
                0x00000c0c        0xc .\CortexM3\ARM_GCC_541\Debug\ZumoBot.a(PWM.o)
                0x00000c0c                PWM_ReadCapture
 .text.PWM_ClearFIFO
                0x00000c18       0x14 .\CortexM3\ARM_GCC_541\Debug\ZumoBot.a(PWM.o)
                0x00000c18                PWM_ClearFIFO
 .text.PWM_Init
                0x00000c2c       0x58 .\CortexM3\ARM_GCC_541\Debug\ZumoBot.a(PWM.o)
                0x00000c2c                PWM_Init
 .text.PWM_Start
                0x00000c84       0x1c .\CortexM3\ARM_GCC_541\Debug\ZumoBot.a(PWM.o)
                0x00000c84                PWM_Start
 .text.CyHalt   0x00000ca0        0x4 .\CortexM3\ARM_GCC_541\Debug\ZumoBot.a(CyLib.o)
                0x00000ca0                CyHalt
 .text.CyDelay  0x00000ca4       0x2c .\CortexM3\ARM_GCC_541\Debug\ZumoBot.a(CyLib.o)
                0x00000ca4                CyDelay
 .text.CyDelayUs
                0x00000cd0       0x14 .\CortexM3\ARM_GCC_541\Debug\ZumoBot.a(CyLib.o)
                0x00000cd0                CyDelayUs
 .text.CyIntSetVector
                0x00000ce4       0x28 .\CortexM3\ARM_GCC_541\Debug\ZumoBot.a(CyLib.o)
                0x00000ce4                CyIntSetVector
 .text.CyIntSetPriority
                0x00000d0c       0x30 .\CortexM3\ARM_GCC_541\Debug\ZumoBot.a(CyLib.o)
                0x00000d0c                CyIntSetPriority
 .text.MotorDirLeft_Write
                0x00000d3c       0x18 .\CortexM3\ARM_GCC_541\Debug\ZumoBot.a(MotorDirLeft.o)
                0x00000d3c                MotorDirLeft_Write
 .text.MotorDirRight_Write
                0x00000d54       0x18 .\CortexM3\ARM_GCC_541\Debug\ZumoBot.a(MotorDirRight.o)
                0x00000d54                MotorDirRight_Write
 .text.IR_led_Write
                0x00000d6c       0x18 .\CortexM3\ARM_GCC_541\Debug\ZumoBot.a(IR_led.o)
                0x00000d6c                IR_led_Write
 .text.sensor_isr_SetVector
                0x00000d84        0xc .\CortexM3\ARM_GCC_541\Debug\ZumoBot.a(sensor_isr.o)
                0x00000d84                sensor_isr_SetVector
 .text.sensor_isr_SetPriority
                0x00000d90       0x10 .\CortexM3\ARM_GCC_541\Debug\ZumoBot.a(sensor_isr.o)
                0x00000d90                sensor_isr_SetPriority
 .text.sensor_isr_Enable
                0x00000da0        0xc .\CortexM3\ARM_GCC_541\Debug\ZumoBot.a(sensor_isr.o)
                0x00000da0                sensor_isr_Enable
 .text.sensor_isr_Disable
                0x00000dac        0xc .\CortexM3\ARM_GCC_541\Debug\ZumoBot.a(sensor_isr.o)
                0x00000dac                sensor_isr_Disable
 .text.sensor_isr_StartEx
                0x00000db8       0x1c .\CortexM3\ARM_GCC_541\Debug\ZumoBot.a(sensor_isr.o)
                0x00000db8                sensor_isr_StartEx
 .text.UART_1_Init
                0x00000dd4       0x28 .\CortexM3\ARM_GCC_541\Debug\ZumoBot.a(UART_1.o)
                0x00000dd4                UART_1_Init
 .text.UART_1_Enable
                0x00000dfc       0x38 .\CortexM3\ARM_GCC_541\Debug\ZumoBot.a(UART_1.o)
                0x00000dfc                UART_1_Enable
 .text.UART_1_Start
                0x00000e34       0x1c .\CortexM3\ARM_GCC_541\Debug\ZumoBot.a(UART_1.o)
                0x00000e34                UART_1_Start
 .text.UART_1_GetChar
                0x00000e50       0x2c .\CortexM3\ARM_GCC_541\Debug\ZumoBot.a(UART_1.o)
                0x00000e50                UART_1_GetChar
 .text.UART_1_PutChar
                0x00000e7c       0x18 .\CortexM3\ARM_GCC_541\Debug\ZumoBot.a(UART_1.o)
                0x00000e7c                UART_1_PutChar
 .text.ADC_Battery_CalcGain
                0x00000e94       0x64 .\CortexM3\ARM_GCC_541\Debug\ZumoBot.a(ADC_Battery.o)
 .text.ADC_Battery_Enable
                0x00000ef8       0x94 .\CortexM3\ARM_GCC_541\Debug\ZumoBot.a(ADC_Battery.o)
                0x00000ef8                ADC_Battery_Enable
 .text.ADC_Battery_SetResolution
                0x00000f8c       0x38 .\CortexM3\ARM_GCC_541\Debug\ZumoBot.a(ADC_Battery.o)
                0x00000f8c                ADC_Battery_SetResolution
 .text.ADC_Battery_Init
                0x00000fc4       0x3c .\CortexM3\ARM_GCC_541\Debug\ZumoBot.a(ADC_Battery.o)
                0x00000fc4                ADC_Battery_Init
 .text.ADC_Battery_Start
                0x00001000       0x1c .\CortexM3\ARM_GCC_541\Debug\ZumoBot.a(ADC_Battery.o)
                0x00001000                ADC_Battery_Start
 .text.ADC_Battery_StartConvert
                0x0000101c       0x10 .\CortexM3\ARM_GCC_541\Debug\ZumoBot.a(ADC_Battery.o)
                0x0000101c                ADC_Battery_StartConvert
 .text.ADC_Battery_IsEndConversion
                0x0000102c       0x24 .\CortexM3\ARM_GCC_541\Debug\ZumoBot.a(ADC_Battery.o)
                0x0000102c                ADC_Battery_IsEndConversion
 .text.ADC_Battery_GetResult16
                0x00001050       0x18 .\CortexM3\ARM_GCC_541\Debug\ZumoBot.a(ADC_Battery.o)
                0x00001050                ADC_Battery_GetResult16
 .text.ADC_Battery_CountsTo_Volts
                0x00001068       0x50 .\CortexM3\ARM_GCC_541\Debug\ZumoBot.a(ADC_Battery.o)
                0x00001068                ADC_Battery_CountsTo_Volts
 .text.ADC_Battery_ISR
                0x000010b8        0x4 .\CortexM3\ARM_GCC_541\Debug\ZumoBot.a(ADC_Battery_INT.o)
                0x000010b8                ADC_Battery_ISR
 .text.BatteryLed_Write
                0x000010bc       0x18 .\CortexM3\ARM_GCC_541\Debug\ZumoBot.a(BatteryLed.o)
                0x000010bc                BatteryLed_Write
 .text.UART_1_IntClock_Start
                0x000010d4       0x1c .\CortexM3\ARM_GCC_541\Debug\ZumoBot.a(UART_1_IntClock.o)
                0x000010d4                UART_1_IntClock_Start
 .text.ADC_Battery_theACLK_SetModeRegister
                0x000010f0       0x14 .\CortexM3\ARM_GCC_541\Debug\ZumoBot.a(ADC_Battery_theACLK.o)
                0x000010f0                ADC_Battery_theACLK_SetModeRegister
 .text.Buzzer_PWM_Enable
                0x00001104       0x10 .\CortexM3\ARM_GCC_541\Debug\ZumoBot.a(Buzzer_PWM.o)
                0x00001104                Buzzer_PWM_Enable
 .text.Buzzer_PWM_Stop
                0x00001114       0x10 .\CortexM3\ARM_GCC_541\Debug\ZumoBot.a(Buzzer_PWM.o)
                0x00001114                Buzzer_PWM_Stop
 .text.Buzzer_PWM_WriteCounter
                0x00001124        0xc .\CortexM3\ARM_GCC_541\Debug\ZumoBot.a(Buzzer_PWM.o)
                0x00001124                Buzzer_PWM_WriteCounter
 .text.Buzzer_PWM_WritePeriod
                0x00001130        0xc .\CortexM3\ARM_GCC_541\Debug\ZumoBot.a(Buzzer_PWM.o)
                0x00001130                Buzzer_PWM_WritePeriod
 .text.Buzzer_PWM_WriteCompare
                0x0000113c        0xc .\CortexM3\ARM_GCC_541\Debug\ZumoBot.a(Buzzer_PWM.o)
                0x0000113c                Buzzer_PWM_WriteCompare
 .text.Buzzer_PWM_Init
                0x00001148       0x34 .\CortexM3\ARM_GCC_541\Debug\ZumoBot.a(Buzzer_PWM.o)
                0x00001148                Buzzer_PWM_Init
 .text.Buzzer_PWM_Start
                0x0000117c       0x1c .\CortexM3\ARM_GCC_541\Debug\ZumoBot.a(Buzzer_PWM.o)
                0x0000117c                Buzzer_PWM_Start
 .text.L3_Write
                0x00001198       0x18 .\CortexM3\ARM_GCC_541\Debug\ZumoBot.a(L3.o)
                0x00001198                L3_Write
 .text.L3_SetDriveMode
                0x000011b0       0x18 .\CortexM3\ARM_GCC_541\Debug\ZumoBot.a(L3.o)
                0x000011b0                L3_SetDriveMode
 .text.Timer_L3_Enable
                0x000011c8       0x28 .\CortexM3\ARM_GCC_541\Debug\ZumoBot.a(Timer_L3.o)
                0x000011c8                Timer_L3_Enable
 .text.Timer_L3_SetInterruptMode
                0x000011f0        0xc .\CortexM3\ARM_GCC_541\Debug\ZumoBot.a(Timer_L3.o)
                0x000011f0                Timer_L3_SetInterruptMode
 .text.Timer_L3_ReadStatusRegister
                0x000011fc        0xc .\CortexM3\ARM_GCC_541\Debug\ZumoBot.a(Timer_L3.o)
                0x000011fc                Timer_L3_ReadStatusRegister
 .text.Timer_L3_ReadPeriod
                0x00001208        0xc .\CortexM3\ARM_GCC_541\Debug\ZumoBot.a(Timer_L3.o)
                0x00001208                Timer_L3_ReadPeriod
 .text.Timer_L3_WritePeriod
                0x00001214        0xc .\CortexM3\ARM_GCC_541\Debug\ZumoBot.a(Timer_L3.o)
                0x00001214                Timer_L3_WritePeriod
 .text.Timer_L3_ReadCapture
                0x00001220        0xc .\CortexM3\ARM_GCC_541\Debug\ZumoBot.a(Timer_L3.o)
                0x00001220                Timer_L3_ReadCapture
 .text.Timer_L3_WriteCounter
                0x0000122c        0xc .\CortexM3\ARM_GCC_541\Debug\ZumoBot.a(Timer_L3.o)
                0x0000122c                Timer_L3_WriteCounter
 .text.Timer_L3_Init
                0x00001238       0x68 .\CortexM3\ARM_GCC_541\Debug\ZumoBot.a(Timer_L3.o)
                0x00001238                Timer_L3_Init
 .text.Timer_L3_Start
                0x000012a0       0x1c .\CortexM3\ARM_GCC_541\Debug\ZumoBot.a(Timer_L3.o)
                0x000012a0                Timer_L3_Start
 .text.Timer_R3_Enable
                0x000012bc       0x28 .\CortexM3\ARM_GCC_541\Debug\ZumoBot.a(Timer_R3.o)
                0x000012bc                Timer_R3_Enable
 .text.Timer_R3_SetInterruptMode
                0x000012e4        0xc .\CortexM3\ARM_GCC_541\Debug\ZumoBot.a(Timer_R3.o)
                0x000012e4                Timer_R3_SetInterruptMode
 .text.Timer_R3_ReadStatusRegister
                0x000012f0        0xc .\CortexM3\ARM_GCC_541\Debug\ZumoBot.a(Timer_R3.o)
                0x000012f0                Timer_R3_ReadStatusRegister
 .text.Timer_R3_ReadPeriod
                0x000012fc        0xc .\CortexM3\ARM_GCC_541\Debug\ZumoBot.a(Timer_R3.o)
                0x000012fc                Timer_R3_ReadPeriod
 .text.Timer_R3_WritePeriod
                0x00001308        0xc .\CortexM3\ARM_GCC_541\Debug\ZumoBot.a(Timer_R3.o)
                0x00001308                Timer_R3_WritePeriod
 .text.Timer_R3_ReadCapture
                0x00001314        0xc .\CortexM3\ARM_GCC_541\Debug\ZumoBot.a(Timer_R3.o)
                0x00001314                Timer_R3_ReadCapture
 .text.Timer_R3_WriteCounter
                0x00001320        0xc .\CortexM3\ARM_GCC_541\Debug\ZumoBot.a(Timer_R3.o)
                0x00001320                Timer_R3_WriteCounter
 .text.Timer_R3_Init
                0x0000132c       0x68 .\CortexM3\ARM_GCC_541\Debug\ZumoBot.a(Timer_R3.o)
                0x0000132c                Timer_R3_Init
 .text.Timer_R3_Start
                0x00001394       0x1c .\CortexM3\ARM_GCC_541\Debug\ZumoBot.a(Timer_R3.o)
                0x00001394                Timer_R3_Start
 .text.Timer_R1_Enable
                0x000013b0       0x28 .\CortexM3\ARM_GCC_541\Debug\ZumoBot.a(Timer_R1.o)
                0x000013b0                Timer_R1_Enable
 .text.Timer_R1_SetInterruptMode
                0x000013d8        0xc .\CortexM3\ARM_GCC_541\Debug\ZumoBot.a(Timer_R1.o)
                0x000013d8                Timer_R1_SetInterruptMode
 .text.Timer_R1_ReadStatusRegister
                0x000013e4        0xc .\CortexM3\ARM_GCC_541\Debug\ZumoBot.a(Timer_R1.o)
                0x000013e4                Timer_R1_ReadStatusRegister
 .text.Timer_R1_ReadPeriod
                0x000013f0        0xc .\CortexM3\ARM_GCC_541\Debug\ZumoBot.a(Timer_R1.o)
                0x000013f0                Timer_R1_ReadPeriod
 .text.Timer_R1_WritePeriod
                0x000013fc        0xc .\CortexM3\ARM_GCC_541\Debug\ZumoBot.a(Timer_R1.o)
                0x000013fc                Timer_R1_WritePeriod
 .text.Timer_R1_ReadCapture
                0x00001408        0xc .\CortexM3\ARM_GCC_541\Debug\ZumoBot.a(Timer_R1.o)
                0x00001408                Timer_R1_ReadCapture
 .text.Timer_R1_WriteCounter
                0x00001414        0xc .\CortexM3\ARM_GCC_541\Debug\ZumoBot.a(Timer_R1.o)
                0x00001414                Timer_R1_WriteCounter
 .text.Timer_R1_Init
                0x00001420       0x68 .\CortexM3\ARM_GCC_541\Debug\ZumoBot.a(Timer_R1.o)
                0x00001420                Timer_R1_Init
 .text.Timer_R1_Start
                0x00001488       0x1c .\CortexM3\ARM_GCC_541\Debug\ZumoBot.a(Timer_R1.o)
                0x00001488                Timer_R1_Start
 .text.R1_Write
                0x000014a4       0x18 .\CortexM3\ARM_GCC_541\Debug\ZumoBot.a(R1.o)
                0x000014a4                R1_Write
 .text.R1_SetDriveMode
                0x000014bc       0x18 .\CortexM3\ARM_GCC_541\Debug\ZumoBot.a(R1.o)
                0x000014bc                R1_SetDriveMode
 .text.R3_Write
                0x000014d4       0x18 .\CortexM3\ARM_GCC_541\Debug\ZumoBot.a(R3.o)
                0x000014d4                R3_Write
 .text.R3_SetDriveMode
                0x000014ec       0x18 .\CortexM3\ARM_GCC_541\Debug\ZumoBot.a(R3.o)
                0x000014ec                R3_SetDriveMode
 .text.Timer_L1_Enable
                0x00001504       0x28 .\CortexM3\ARM_GCC_541\Debug\ZumoBot.a(Timer_L1.o)
                0x00001504                Timer_L1_Enable
 .text.Timer_L1_SetInterruptMode
                0x0000152c        0xc .\CortexM3\ARM_GCC_541\Debug\ZumoBot.a(Timer_L1.o)
                0x0000152c                Timer_L1_SetInterruptMode
 .text.Timer_L1_ReadStatusRegister
                0x00001538        0xc .\CortexM3\ARM_GCC_541\Debug\ZumoBot.a(Timer_L1.o)
                0x00001538                Timer_L1_ReadStatusRegister
 .text.Timer_L1_ReadPeriod
                0x00001544        0xc .\CortexM3\ARM_GCC_541\Debug\ZumoBot.a(Timer_L1.o)
                0x00001544                Timer_L1_ReadPeriod
 .text.Timer_L1_WritePeriod
                0x00001550        0xc .\CortexM3\ARM_GCC_541\Debug\ZumoBot.a(Timer_L1.o)
                0x00001550                Timer_L1_WritePeriod
 .text.Timer_L1_ReadCapture
                0x0000155c        0xc .\CortexM3\ARM_GCC_541\Debug\ZumoBot.a(Timer_L1.o)
                0x0000155c                Timer_L1_ReadCapture
 .text.Timer_L1_WriteCounter
                0x00001568        0xc .\CortexM3\ARM_GCC_541\Debug\ZumoBot.a(Timer_L1.o)
                0x00001568                Timer_L1_WriteCounter
 .text.Timer_L1_Init
                0x00001574       0x68 .\CortexM3\ARM_GCC_541\Debug\ZumoBot.a(Timer_L1.o)
                0x00001574                Timer_L1_Init
 .text.Timer_L1_Start
                0x000015dc       0x1c .\CortexM3\ARM_GCC_541\Debug\ZumoBot.a(Timer_L1.o)
                0x000015dc                Timer_L1_Start
 .text.L1_Write
                0x000015f8       0x18 .\CortexM3\ARM_GCC_541\Debug\ZumoBot.a(L1.o)
                0x000015f8                L1_Write
 .text.L1_SetDriveMode
                0x00001610       0x18 .\CortexM3\ARM_GCC_541\Debug\ZumoBot.a(L1.o)
                0x00001610                L1_SetDriveMode
 .text.SW1_Read
                0x00001628       0x10 .\CortexM3\ARM_GCC_541\Debug\ZumoBot.a(SW1.o)
                0x00001628                SW1_Read
 .text          0x00001638       0x20 .\CortexM3\ARM_GCC_541\Debug\ZumoBot.a(CyBootAsmGnu.o)
                0x00001638                CyDelayCycles
                0x00001648                CyEnterCriticalSection
                0x00001650                CyExitCriticalSection
 .text          0x00001658      0x370 c:/program files (x86)/cypress/psoc creator/4.1/psoc creator/import/gnu/arm/5.4.1/bin/../lib/gcc/arm-none-eabi/5.4.1/armv7-m\libgcc.a(_arm_addsubdf3.o)
                0x00001658                __aeabi_drsub
                0x00001660                __aeabi_dsub
                0x00001660                __subdf3
                0x00001664                __aeabi_dadd
                0x00001664                __adddf3
                0x000018dc                __floatunsidf
                0x000018dc                __aeabi_ui2d
                0x000018fc                __floatsidf
                0x000018fc                __aeabi_i2d
                0x00001920                __aeabi_f2d
                0x00001920                __extendsfdf2
                0x0000195c                __floatundidf
                0x0000195c                __aeabi_ul2d
                0x0000196c                __floatdidf
                0x0000196c                __aeabi_l2d
 .text          0x000019c8      0x424 c:/program files (x86)/cypress/psoc creator/4.1/psoc creator/import/gnu/arm/5.4.1/bin/../lib/gcc/arm-none-eabi/5.4.1/armv7-m\libgcc.a(_arm_muldivdf3.o)
                0x000019c8                __aeabi_dmul
                0x000019c8                __muldf3
                0x00001c1c                __divdf3
                0x00001c1c                __aeabi_ddiv
 .text          0x00001dec      0x110 c:/program files (x86)/cypress/psoc creator/4.1/psoc creator/import/gnu/arm/5.4.1/bin/../lib/gcc/arm-none-eabi/5.4.1/armv7-m\libgcc.a(_arm_cmpdf2.o)
                0x00001dec                __gtdf2
                0x00001dec                __gedf2
                0x00001df4                __ltdf2
                0x00001df4                __ledf2
                0x00001dfc                __nedf2
                0x00001dfc                __eqdf2
                0x00001dfc                __cmpdf2
                0x00001e78                __aeabi_cdrcmple
                0x00001e88                __aeabi_cdcmpeq
                0x00001e88                __aeabi_cdcmple
                0x00001e98                __aeabi_dcmpeq
                0x00001eac                __aeabi_dcmplt
                0x00001ec0                __aeabi_dcmple
                0x00001ed4                __aeabi_dcmpge
                0x00001ee8                __aeabi_dcmpgt
 .text          0x00001efc       0x2c c:/program files (x86)/cypress/psoc creator/4.1/psoc creator/import/gnu/arm/5.4.1/bin/../lib/gcc/arm-none-eabi/5.4.1/armv7-m\libgcc.a(_arm_unorddf2.o)
                0x00001efc                __unorddf2
                0x00001efc                __aeabi_dcmpun
 .text          0x00001f28       0x50 c:/program files (x86)/cypress/psoc creator/4.1/psoc creator/import/gnu/arm/5.4.1/bin/../lib/gcc/arm-none-eabi/5.4.1/armv7-m\libgcc.a(_arm_fixdfsi.o)
                0x00001f28                __aeabi_d2iz
                0x00001f28                __fixdfsi
 .text          0x00001f78      0x21c c:/program files (x86)/cypress/psoc creator/4.1/psoc creator/import/gnu/arm/5.4.1/bin/../lib/gcc/arm-none-eabi/5.4.1/armv7-m\libgcc.a(_arm_addsubsf3.o)
                0x00001f78                __aeabi_frsub
                0x00001f80                __subsf3
                0x00001f80                __aeabi_fsub
                0x00001f84                __aeabi_fadd
                0x00001f84                __addsf3
                0x000020e4                __aeabi_ui2f
                0x000020e4                __floatunsisf
                0x000020ec                __aeabi_i2f
                0x000020ec                __floatsisf
                0x00002108                __aeabi_ul2f
                0x00002108                __floatundisf
                0x00002118                __aeabi_l2f
                0x00002118                __floatdisf
 .text          0x00002194      0x2a0 c:/program files (x86)/cypress/psoc creator/4.1/psoc creator/import/gnu/arm/5.4.1/bin/../lib/gcc/arm-none-eabi/5.4.1/armv7-m\libgcc.a(_arm_muldivsf3.o)
                0x00002194                __mulsf3
                0x00002194                __aeabi_fmul
                0x000022fc                __aeabi_fdiv
                0x000022fc                __divsf3
 .text          0x00002434       0xec c:/program files (x86)/cypress/psoc creator/4.1/psoc creator/import/gnu/arm/5.4.1/bin/../lib/gcc/arm-none-eabi/5.4.1/armv7-m\libgcc.a(_arm_cmpsf2.o)
                0x00002434                __gesf2
                0x00002434                __gtsf2
                0x0000243c                __lesf2
                0x0000243c                __ltsf2
                0x00002444                __nesf2
                0x00002444                __eqsf2
                0x00002444                __cmpsf2
                0x000024a4                __aeabi_cfrcmple
                0x000024ac                __aeabi_cfcmpeq
                0x000024ac                __aeabi_cfcmple
                0x000024bc                __aeabi_fcmpeq
                0x000024d0                __aeabi_fcmplt
                0x000024e4                __aeabi_fcmple
                0x000024f8                __aeabi_fcmpge
                0x0000250c                __aeabi_fcmpgt
 .text          0x00002520       0x4c c:/program files (x86)/cypress/psoc creator/4.1/psoc creator/import/gnu/arm/5.4.1/bin/../lib/gcc/arm-none-eabi/5.4.1/armv7-m\libgcc.a(_arm_fixsfsi.o)
                0x00002520                __aeabi_f2iz
                0x00002520                __fixsfsi
 .text          0x0000256c      0x2ec c:/program files (x86)/cypress/psoc creator/4.1/psoc creator/import/gnu/arm/5.4.1/bin/../lib/gcc/arm-none-eabi/5.4.1/armv7-m\libgcc.a(_udivmoddi4.o)
                0x0000256c                __udivmoddi4
 .text          0x00002858        0x4 c:/program files (x86)/cypress/psoc creator/4.1/psoc creator/import/gnu/arm/5.4.1/bin/../lib/gcc/arm-none-eabi/5.4.1/armv7-m\libgcc.a(_dvmd_tls.o)
                0x00002858                __aeabi_idiv0
                0x00002858                __aeabi_ldiv0
 .text.__errno  0x0000285c        0xc c:/program files (x86)/cypress/psoc creator/4.1/psoc creator/import/gnu/arm/5.4.1/bin/../lib/gcc/arm-none-eabi/5.4.1/../../../../arm-none-eabi/lib/armv7-m\libg.a(lib_a-errno.o)
                0x0000285c                __errno
 .text.__libc_init_array
                0x00002868       0x50 c:/program files (x86)/cypress/psoc creator/4.1/psoc creator/import/gnu/arm/5.4.1/bin/../lib/gcc/arm-none-eabi/5.4.1/../../../../arm-none-eabi/lib/armv7-m\libg.a(lib_a-init.o)
                0x00002868                __libc_init_array
 .text          0x000028b8       0xec c:/program files (x86)/cypress/psoc creator/4.1/psoc creator/import/gnu/arm/5.4.1/bin/../lib/gcc/arm-none-eabi/5.4.1/../../../../arm-none-eabi/lib/armv7-m\libg.a(lib_a-memcpy.o)
                0x000028b8                memcpy
 .text.memset   0x000029a4       0x9c c:/program files (x86)/cypress/psoc creator/4.1/psoc creator/import/gnu/arm/5.4.1/bin/../lib/gcc/arm-none-eabi/5.4.1/../../../../arm-none-eabi/lib/armv7-m\libg.a(lib_a-memset.o)
                0x000029a4                memset
 .text.printf   0x00002a40       0x28 c:/program files (x86)/cypress/psoc creator/4.1/psoc creator/import/gnu/arm/5.4.1/bin/../lib/gcc/arm-none-eabi/5.4.1/../../../../arm-none-eabi/lib/armv7-m\libg.a(lib_a-printf.o)
                0x00002a40                printf
 .text.putchar  0x00002a68       0x10 c:/program files (x86)/cypress/psoc creator/4.1/psoc creator/import/gnu/arm/5.4.1/bin/../lib/gcc/arm-none-eabi/5.4.1/../../../../arm-none-eabi/lib/armv7-m\libg.a(lib_a-putchar.o)
                0x00002a68                putchar
 .text._puts_r  0x00002a78       0x68 c:/program files (x86)/cypress/psoc creator/4.1/psoc creator/import/gnu/arm/5.4.1/bin/../lib/gcc/arm-none-eabi/5.4.1/../../../../arm-none-eabi/lib/armv7-m\libg.a(lib_a-puts.o)
                0x00002a78                _puts_r
 .text.puts     0x00002ae0       0x10 c:/program files (x86)/cypress/psoc creator/4.1/psoc creator/import/gnu/arm/5.4.1/bin/../lib/gcc/arm-none-eabi/5.4.1/../../../../arm-none-eabi/lib/armv7-m\libg.a(lib_a-puts.o)
                0x00002ae0                puts
 .text.strlen   0x00002af0       0x5c c:/program files (x86)/cypress/psoc creator/4.1/psoc creator/import/gnu/arm/5.4.1/bin/../lib/gcc/arm-none-eabi/5.4.1/../../../../arm-none-eabi/lib/armv7-m\libg.a(lib_a-strlen-stub.o)
                0x00002af0                strlen
 .text._vfprintf_r
                0x00002b4c     0x1788 c:/program files (x86)/cypress/psoc creator/4.1/psoc creator/import/gnu/arm/5.4.1/bin/../lib/gcc/arm-none-eabi/5.4.1/../../../../arm-none-eabi/lib/armv7-m\libg.a(lib_a-vfprintf.o)
                0x00002b4c                _vfprintf_r
 .text.__sbprintf
                0x000042d4       0x6c c:/program files (x86)/cypress/psoc creator/4.1/psoc creator/import/gnu/arm/5.4.1/bin/../lib/gcc/arm-none-eabi/5.4.1/../../../../arm-none-eabi/lib/armv7-m\libg.a(lib_a-vfprintf.o)
 .text.__swsetup_r
                0x00004340       0xc8 c:/program files (x86)/cypress/psoc creator/4.1/psoc creator/import/gnu/arm/5.4.1/bin/../lib/gcc/arm-none-eabi/5.4.1/../../../../arm-none-eabi/lib/armv7-m\libg.a(lib_a-wsetup.o)
                0x00004340                __swsetup_r
 .text.startup.register_fini
                0x00004408       0x14 c:/program files (x86)/cypress/psoc creator/4.1/psoc creator/import/gnu/arm/5.4.1/bin/../lib/gcc/arm-none-eabi/5.4.1/../../../../arm-none-eabi/lib/armv7-m\libg.a(lib_a-__call_atexit.o)
 .text.atexit   0x0000441c        0xc c:/program files (x86)/cypress/psoc creator/4.1/psoc creator/import/gnu/arm/5.4.1/bin/../lib/gcc/arm-none-eabi/5.4.1/../../../../arm-none-eabi/lib/armv7-m\libg.a(lib_a-atexit.o)
                0x0000441c                atexit
 .text.quorem   0x00004428      0x12c c:/program files (x86)/cypress/psoc creator/4.1/psoc creator/import/gnu/arm/5.4.1/bin/../lib/gcc/arm-none-eabi/5.4.1/../../../../arm-none-eabi/lib/armv7-m\libg.a(lib_a-dtoa.o)
 *fill*         0x00004554        0x4 
 .text._dtoa_r  0x00004558      0xe4c c:/program files (x86)/cypress/psoc creator/4.1/psoc creator/import/gnu/arm/5.4.1/bin/../lib/gcc/arm-none-eabi/5.4.1/../../../../arm-none-eabi/lib/armv7-m\libg.a(lib_a-dtoa.o)
                0x00004558                _dtoa_r
 .text.__sflush_r
                0x000053a4      0x148 c:/program files (x86)/cypress/psoc creator/4.1/psoc creator/import/gnu/arm/5.4.1/bin/../lib/gcc/arm-none-eabi/5.4.1/../../../../arm-none-eabi/lib/armv7-m\libg.a(lib_a-fflush.o)
                0x000053a4                __sflush_r
 .text._fflush_r
                0x000054ec       0x2c c:/program files (x86)/cypress/psoc creator/4.1/psoc creator/import/gnu/arm/5.4.1/bin/../lib/gcc/arm-none-eabi/5.4.1/../../../../arm-none-eabi/lib/armv7-m\libg.a(lib_a-fflush.o)
                0x000054ec                _fflush_r
 .text._cleanup_r
                0x00005518        0xc c:/program files (x86)/cypress/psoc creator/4.1/psoc creator/import/gnu/arm/5.4.1/bin/../lib/gcc/arm-none-eabi/5.4.1/../../../../arm-none-eabi/lib/armv7-m\libg.a(lib_a-findfp.o)
                0x00005518                _cleanup_r
 .text.__sinit.part.1
                0x00005524       0xf0 c:/program files (x86)/cypress/psoc creator/4.1/psoc creator/import/gnu/arm/5.4.1/bin/../lib/gcc/arm-none-eabi/5.4.1/../../../../arm-none-eabi/lib/armv7-m\libg.a(lib_a-findfp.o)
 .text.__sinit  0x00005614        0xc c:/program files (x86)/cypress/psoc creator/4.1/psoc creator/import/gnu/arm/5.4.1/bin/../lib/gcc/arm-none-eabi/5.4.1/../../../../arm-none-eabi/lib/armv7-m\libg.a(lib_a-findfp.o)
                0x00005614                __sinit
 .text.__sfp_lock_acquire
                0x00005620        0x4 c:/program files (x86)/cypress/psoc creator/4.1/psoc creator/import/gnu/arm/5.4.1/bin/../lib/gcc/arm-none-eabi/5.4.1/../../../../arm-none-eabi/lib/armv7-m\libg.a(lib_a-findfp.o)
                0x00005620                __sfp_lock_acquire
 .text.__sfp_lock_release
                0x00005624        0x4 c:/program files (x86)/cypress/psoc creator/4.1/psoc creator/import/gnu/arm/5.4.1/bin/../lib/gcc/arm-none-eabi/5.4.1/../../../../arm-none-eabi/lib/armv7-m\libg.a(lib_a-findfp.o)
                0x00005624                __sfp_lock_release
 .text.__libc_fini_array
                0x00005628       0x28 c:/program files (x86)/cypress/psoc creator/4.1/psoc creator/import/gnu/arm/5.4.1/bin/../lib/gcc/arm-none-eabi/5.4.1/../../../../arm-none-eabi/lib/armv7-m\libg.a(lib_a-fini.o)
                0x00005628                __libc_fini_array
 .text._malloc_trim_r
                0x00005650       0x9c c:/program files (x86)/cypress/psoc creator/4.1/psoc creator/import/gnu/arm/5.4.1/bin/../lib/gcc/arm-none-eabi/5.4.1/../../../../arm-none-eabi/lib/armv7-m\libg.a(lib_a-freer.o)
                0x00005650                _malloc_trim_r
 .text._free_r  0x000056ec      0x1d0 c:/program files (x86)/cypress/psoc creator/4.1/psoc creator/import/gnu/arm/5.4.1/bin/../lib/gcc/arm-none-eabi/5.4.1/../../../../arm-none-eabi/lib/armv7-m\libg.a(lib_a-freer.o)
                0x000056ec                _free_r
 .text.__sfvwrite_r
                0x000058bc      0x308 c:/program files (x86)/cypress/psoc creator/4.1/psoc creator/import/gnu/arm/5.4.1/bin/../lib/gcc/arm-none-eabi/5.4.1/../../../../arm-none-eabi/lib/armv7-m\libg.a(lib_a-fvwrite.o)
                0x000058bc                __sfvwrite_r
 .text._fwalk_reent
                0x00005bc4       0x50 c:/program files (x86)/cypress/psoc creator/4.1/psoc creator/import/gnu/arm/5.4.1/bin/../lib/gcc/arm-none-eabi/5.4.1/../../../../arm-none-eabi/lib/armv7-m\libg.a(lib_a-fwalk.o)
                0x00005bc4                _fwalk_reent
 .text.__locale_charset
                0x00005c14        0x8 c:/program files (x86)/cypress/psoc creator/4.1/psoc creator/import/gnu/arm/5.4.1/bin/../lib/gcc/arm-none-eabi/5.4.1/../../../../arm-none-eabi/lib/armv7-m\libg.a(lib_a-locale.o)
                0x00005c14                __locale_charset
 .text.__locale_mb_cur_max
                0x00005c1c        0xc c:/program files (x86)/cypress/psoc creator/4.1/psoc creator/import/gnu/arm/5.4.1/bin/../lib/gcc/arm-none-eabi/5.4.1/../../../../arm-none-eabi/lib/armv7-m\libg.a(lib_a-locale.o)
                0x00005c1c                __locale_mb_cur_max
 .text._localeconv_r
                0x00005c28        0x8 c:/program files (x86)/cypress/psoc creator/4.1/psoc creator/import/gnu/arm/5.4.1/bin/../lib/gcc/arm-none-eabi/5.4.1/../../../../arm-none-eabi/lib/armv7-m\libg.a(lib_a-locale.o)
                0x00005c28                _localeconv_r
 .text.__swhatbuf_r
                0x00005c30       0x60 c:/program files (x86)/cypress/psoc creator/4.1/psoc creator/import/gnu/arm/5.4.1/bin/../lib/gcc/arm-none-eabi/5.4.1/../../../../arm-none-eabi/lib/armv7-m\libg.a(lib_a-makebuf.o)
                0x00005c30                __swhatbuf_r
 .text.__smakebuf_r
                0x00005c90       0x88 c:/program files (x86)/cypress/psoc creator/4.1/psoc creator/import/gnu/arm/5.4.1/bin/../lib/gcc/arm-none-eabi/5.4.1/../../../../arm-none-eabi/lib/armv7-m\libg.a(lib_a-makebuf.o)
                0x00005c90                __smakebuf_r
 .text._malloc_r
                0x00005d18      0x558 c:/program files (x86)/cypress/psoc creator/4.1/psoc creator/import/gnu/arm/5.4.1/bin/../lib/gcc/arm-none-eabi/5.4.1/../../../../arm-none-eabi/lib/armv7-m\libg.a(lib_a-mallocr.o)
                0x00005d18                _malloc_r
 .text.memchr   0x00006270       0x8c c:/program files (x86)/cypress/psoc creator/4.1/psoc creator/import/gnu/arm/5.4.1/bin/../lib/gcc/arm-none-eabi/5.4.1/../../../../arm-none-eabi/lib/armv7-m\libg.a(lib_a-memchr-stub.o)
                0x00006270                memchr
 .text.memmove  0x000062fc       0xc8 c:/program files (x86)/cypress/psoc creator/4.1/psoc creator/import/gnu/arm/5.4.1/bin/../lib/gcc/arm-none-eabi/5.4.1/../../../../arm-none-eabi/lib/armv7-m\libg.a(lib_a-memmove.o)
                0x000062fc                memmove
 .text.__malloc_lock
                0x000063c4        0x4 c:/program files (x86)/cypress/psoc creator/4.1/psoc creator/import/gnu/arm/5.4.1/bin/../lib/gcc/arm-none-eabi/5.4.1/../../../../arm-none-eabi/lib/armv7-m\libg.a(lib_a-mlock.o)
                0x000063c4                __malloc_lock
 .text.__malloc_unlock
                0x000063c8        0x4 c:/program files (x86)/cypress/psoc creator/4.1/psoc creator/import/gnu/arm/5.4.1/bin/../lib/gcc/arm-none-eabi/5.4.1/../../../../arm-none-eabi/lib/armv7-m\libg.a(lib_a-mlock.o)
                0x000063c8                __malloc_unlock
 .text._Balloc  0x000063cc       0x50 c:/program files (x86)/cypress/psoc creator/4.1/psoc creator/import/gnu/arm/5.4.1/bin/../lib/gcc/arm-none-eabi/5.4.1/../../../../arm-none-eabi/lib/armv7-m\libg.a(lib_a-mprec.o)
                0x000063cc                _Balloc
 .text._Bfree   0x0000641c       0x14 c:/program files (x86)/cypress/psoc creator/4.1/psoc creator/import/gnu/arm/5.4.1/bin/../lib/gcc/arm-none-eabi/5.4.1/../../../../arm-none-eabi/lib/armv7-m\libg.a(lib_a-mprec.o)
                0x0000641c                _Bfree
 .text.__multadd
                0x00006430       0x80 c:/program files (x86)/cypress/psoc creator/4.1/psoc creator/import/gnu/arm/5.4.1/bin/../lib/gcc/arm-none-eabi/5.4.1/../../../../arm-none-eabi/lib/armv7-m\libg.a(lib_a-mprec.o)
                0x00006430                __multadd
 .text.__hi0bits
                0x000064b0       0x40 c:/program files (x86)/cypress/psoc creator/4.1/psoc creator/import/gnu/arm/5.4.1/bin/../lib/gcc/arm-none-eabi/5.4.1/../../../../arm-none-eabi/lib/armv7-m\libg.a(lib_a-mprec.o)
                0x000064b0                __hi0bits
 .text.__lo0bits
                0x000064f0       0x5c c:/program files (x86)/cypress/psoc creator/4.1/psoc creator/import/gnu/arm/5.4.1/bin/../lib/gcc/arm-none-eabi/5.4.1/../../../../arm-none-eabi/lib/armv7-m\libg.a(lib_a-mprec.o)
                0x000064f0                __lo0bits
 .text.__i2b    0x0000654c       0x14 c:/program files (x86)/cypress/psoc creator/4.1/psoc creator/import/gnu/arm/5.4.1/bin/../lib/gcc/arm-none-eabi/5.4.1/../../../../arm-none-eabi/lib/armv7-m\libg.a(lib_a-mprec.o)
                0x0000654c                __i2b
 .text.__multiply
                0x00006560      0x13c c:/program files (x86)/cypress/psoc creator/4.1/psoc creator/import/gnu/arm/5.4.1/bin/../lib/gcc/arm-none-eabi/5.4.1/../../../../arm-none-eabi/lib/armv7-m\libg.a(lib_a-mprec.o)
                0x00006560                __multiply
 .text.__pow5mult
                0x0000669c       0xa0 c:/program files (x86)/cypress/psoc creator/4.1/psoc creator/import/gnu/arm/5.4.1/bin/../lib/gcc/arm-none-eabi/5.4.1/../../../../arm-none-eabi/lib/armv7-m\libg.a(lib_a-mprec.o)
                0x0000669c                __pow5mult
 .text.__lshift
                0x0000673c       0xac c:/program files (x86)/cypress/psoc creator/4.1/psoc creator/import/gnu/arm/5.4.1/bin/../lib/gcc/arm-none-eabi/5.4.1/../../../../arm-none-eabi/lib/armv7-m\libg.a(lib_a-mprec.o)
                0x0000673c                __lshift
 .text.__mcmp   0x000067e8       0x40 c:/program files (x86)/cypress/psoc creator/4.1/psoc creator/import/gnu/arm/5.4.1/bin/../lib/gcc/arm-none-eabi/5.4.1/../../../../arm-none-eabi/lib/armv7-m\libg.a(lib_a-mprec.o)
                0x000067e8                __mcmp
 .text.__mdiff  0x00006828      0x128 c:/program files (x86)/cypress/psoc creator/4.1/psoc creator/import/gnu/arm/5.4.1/bin/../lib/gcc/arm-none-eabi/5.4.1/../../../../arm-none-eabi/lib/armv7-m\libg.a(lib_a-mprec.o)
                0x00006828                __mdiff
 .text.__d2b    0x00006950       0xa8 c:/program files (x86)/cypress/psoc creator/4.1/psoc creator/import/gnu/arm/5.4.1/bin/../lib/gcc/arm-none-eabi/5.4.1/../../../../arm-none-eabi/lib/armv7-m\libg.a(lib_a-mprec.o)
                0x00006950                __d2b
 .text._putc_r  0x000069f8       0x44 c:/program files (x86)/cypress/psoc creator/4.1/psoc creator/import/gnu/arm/5.4.1/bin/../lib/gcc/arm-none-eabi/5.4.1/../../../../arm-none-eabi/lib/armv7-m\libg.a(lib_a-putc.o)
                0x000069f8                _putc_r
 .text._realloc_r
                0x00006a3c      0x3d4 c:/program files (x86)/cypress/psoc creator/4.1/psoc creator/import/gnu/arm/5.4.1/bin/../lib/gcc/arm-none-eabi/5.4.1/../../../../arm-none-eabi/lib/armv7-m\libg.a(lib_a-reallocr.o)
                0x00006a3c                _realloc_r
 .text._sbrk_r  0x00006e10       0x24 c:/program files (x86)/cypress/psoc creator/4.1/psoc creator/import/gnu/arm/5.4.1/bin/../lib/gcc/arm-none-eabi/5.4.1/../../../../arm-none-eabi/lib/armv7-m\libg.a(lib_a-sbrkr.o)
                0x00006e10                _sbrk_r
 .text.__sread  0x00006e34       0x24 c:/program files (x86)/cypress/psoc creator/4.1/psoc creator/import/gnu/arm/5.4.1/bin/../lib/gcc/arm-none-eabi/5.4.1/../../../../arm-none-eabi/lib/armv7-m\libg.a(lib_a-stdio.o)
                0x00006e34                __sread
 .text.__swrite
                0x00006e58       0x3c c:/program files (x86)/cypress/psoc creator/4.1/psoc creator/import/gnu/arm/5.4.1/bin/../lib/gcc/arm-none-eabi/5.4.1/../../../../arm-none-eabi/lib/armv7-m\libg.a(lib_a-stdio.o)
                0x00006e58                __swrite
 .text.__sseek  0x00006e94       0x20 c:/program files (x86)/cypress/psoc creator/4.1/psoc creator/import/gnu/arm/5.4.1/bin/../lib/gcc/arm-none-eabi/5.4.1/../../../../arm-none-eabi/lib/armv7-m\libg.a(lib_a-stdio.o)
                0x00006e94                __sseek
 .text.__sclose
                0x00006eb4        0x8 c:/program files (x86)/cypress/psoc creator/4.1/psoc creator/import/gnu/arm/5.4.1/bin/../lib/gcc/arm-none-eabi/5.4.1/../../../../arm-none-eabi/lib/armv7-m\libg.a(lib_a-stdio.o)
                0x00006eb4                __sclose
 .text.__sprint_r.part.0
                0x00006ebc       0x78 c:/program files (x86)/cypress/psoc creator/4.1/psoc creator/import/gnu/arm/5.4.1/bin/../lib/gcc/arm-none-eabi/5.4.1/../../../../arm-none-eabi/lib/armv7-m\libg.a(lib_a-vfiprintf.o)
 .text.__sprint_r
                0x00006f34       0x14 c:/program files (x86)/cypress/psoc creator/4.1/psoc creator/import/gnu/arm/5.4.1/bin/../lib/gcc/arm-none-eabi/5.4.1/../../../../arm-none-eabi/lib/armv7-m\libg.a(lib_a-vfiprintf.o)
                0x00006f34                __sprint_r
 .text.__swbuf_r
                0x00006f48       0xac c:/program files (x86)/cypress/psoc creator/4.1/psoc creator/import/gnu/arm/5.4.1/bin/../lib/gcc/arm-none-eabi/5.4.1/../../../../arm-none-eabi/lib/armv7-m\libg.a(lib_a-wbuf.o)
                0x00006f48                __swbuf_r
 .text._write_r
                0x00006ff4       0x2c c:/program files (x86)/cypress/psoc creator/4.1/psoc creator/import/gnu/arm/5.4.1/bin/../lib/gcc/arm-none-eabi/5.4.1/../../../../arm-none-eabi/lib/armv7-m\libg.a(lib_a-writer.o)
                0x00006ff4                _write_r
 .text.__register_exitproc
                0x00007020       0xa4 c:/program files (x86)/cypress/psoc creator/4.1/psoc creator/import/gnu/arm/5.4.1/bin/../lib/gcc/arm-none-eabi/5.4.1/../../../../arm-none-eabi/lib/armv7-m\libg.a(lib_a-__atexit.o)
                0x00007020                __register_exitproc
 .text._calloc_r
                0x000070c4       0x60 c:/program files (x86)/cypress/psoc creator/4.1/psoc creator/import/gnu/arm/5.4.1/bin/../lib/gcc/arm-none-eabi/5.4.1/../../../../arm-none-eabi/lib/armv7-m\libg.a(lib_a-callocr.o)
                0x000070c4                _calloc_r
 .text._close_r
                0x00007124       0x24 c:/program files (x86)/cypress/psoc creator/4.1/psoc creator/import/gnu/arm/5.4.1/bin/../lib/gcc/arm-none-eabi/5.4.1/../../../../arm-none-eabi/lib/armv7-m\libg.a(lib_a-closer.o)
                0x00007124                _close_r
 .text._fclose_r
                0x00007148       0x84 c:/program files (x86)/cypress/psoc creator/4.1/psoc creator/import/gnu/arm/5.4.1/bin/../lib/gcc/arm-none-eabi/5.4.1/../../../../arm-none-eabi/lib/armv7-m\libg.a(lib_a-fclose.o)
                0x00007148                _fclose_r
 .text.__fputwc
                0x000071cc       0x94 c:/program files (x86)/cypress/psoc creator/4.1/psoc creator/import/gnu/arm/5.4.1/bin/../lib/gcc/arm-none-eabi/5.4.1/../../../../arm-none-eabi/lib/armv7-m\libg.a(lib_a-fputwc.o)
                0x000071cc                __fputwc
 .text._fputwc_r
                0x00007260       0x24 c:/program files (x86)/cypress/psoc creator/4.1/psoc creator/import/gnu/arm/5.4.1/bin/../lib/gcc/arm-none-eabi/5.4.1/../../../../arm-none-eabi/lib/armv7-m\libg.a(lib_a-fputwc.o)
                0x00007260                _fputwc_r
 .text._fstat_r
                0x00007284       0x28 c:/program files (x86)/cypress/psoc creator/4.1/psoc creator/import/gnu/arm/5.4.1/bin/../lib/gcc/arm-none-eabi/5.4.1/../../../../arm-none-eabi/lib/armv7-m\libg.a(lib_a-fstatr.o)
                0x00007284                _fstat_r
 .text._isatty_r
                0x000072ac       0x24 c:/program files (x86)/cypress/psoc creator/4.1/psoc creator/import/gnu/arm/5.4.1/bin/../lib/gcc/arm-none-eabi/5.4.1/../../../../arm-none-eabi/lib/armv7-m\libg.a(lib_a-isattyr.o)
                0x000072ac                _isatty_r
 .text._lseek_r
                0x000072d0       0x2c c:/program files (x86)/cypress/psoc creator/4.1/psoc creator/import/gnu/arm/5.4.1/bin/../lib/gcc/arm-none-eabi/5.4.1/../../../../arm-none-eabi/lib/armv7-m\libg.a(lib_a-lseekr.o)
                0x000072d0                _lseek_r
 .text._read_r  0x000072fc       0x2c c:/program files (x86)/cypress/psoc creator/4.1/psoc creator/import/gnu/arm/5.4.1/bin/../lib/gcc/arm-none-eabi/5.4.1/../../../../arm-none-eabi/lib/armv7-m\libg.a(lib_a-readr.o)
                0x000072fc                _read_r
 .text._wcrtomb_r
                0x00007328       0x54 c:/program files (x86)/cypress/psoc creator/4.1/psoc creator/import/gnu/arm/5.4.1/bin/../lib/gcc/arm-none-eabi/5.4.1/../../../../arm-none-eabi/lib/armv7-m\libg.a(lib_a-wcrtomb.o)
                0x00007328                _wcrtomb_r
 .text.__ascii_wctomb
                0x0000737c       0x1c c:/program files (x86)/cypress/psoc creator/4.1/psoc creator/import/gnu/arm/5.4.1/bin/../lib/gcc/arm-none-eabi/5.4.1/../../../../arm-none-eabi/lib/armv7-m\libg.a(lib_a-wctomb_r.o)
                0x0000737c                __ascii_wctomb
 .text          0x00007398       0x30 c:/program files (x86)/cypress/psoc creator/4.1/psoc creator/import/gnu/arm/5.4.1/bin/../lib/gcc/arm-none-eabi/5.4.1/armv7-m\libgcc.a(_aeabi_uldivmod.o)
                0x00007398                __aeabi_uldivmod
 .text._close   0x000073c8       0x10 c:/program files (x86)/cypress/psoc creator/4.1/psoc creator/import/gnu/arm/5.4.1/bin/../lib/gcc/arm-none-eabi/5.4.1/../../../../arm-none-eabi/lib/armv7-m\libnosys.a(close.o)
                0x000073c8                _close
 .text._fstat   0x000073d8       0x10 c:/program files (x86)/cypress/psoc creator/4.1/psoc creator/import/gnu/arm/5.4.1/bin/../lib/gcc/arm-none-eabi/5.4.1/../../../../arm-none-eabi/lib/armv7-m\libnosys.a(fstat.o)
                0x000073d8                _fstat
 .text._isatty  0x000073e8       0x10 c:/program files (x86)/cypress/psoc creator/4.1/psoc creator/import/gnu/arm/5.4.1/bin/../lib/gcc/arm-none-eabi/5.4.1/../../../../arm-none-eabi/lib/armv7-m\libnosys.a(isatty.o)
                0x000073e8                _isatty
 .text._lseek   0x000073f8       0x10 c:/program files (x86)/cypress/psoc creator/4.1/psoc creator/import/gnu/arm/5.4.1/bin/../lib/gcc/arm-none-eabi/5.4.1/../../../../arm-none-eabi/lib/armv7-m\libnosys.a(lseek.o)
                0x000073f8                _lseek
 *(.plt)
 *(.gnu.warning)
 *(.glue_7t)
 .glue_7t       0x00007408        0x0 linker stubs
 *(.glue_7)
 .glue_7        0x00007408        0x0 linker stubs
 *(.vfp11_veneer)
 .vfp11_veneer  0x00007408        0x0 linker stubs
 *(.bootloader)
 *(.ARM.extab* .gnu.linkonce.armextab.*)
 *(.gcc_except_table)

.v4_bx          0x00007408        0x0
 .v4_bx         0x00007408        0x0 linker stubs

.iplt           0x00007408        0x0
 .iplt          0x00007408        0x0 c:/program files (x86)/cypress/psoc creator/4.1/psoc creator/import/gnu/arm/5.4.1/bin/../lib/gcc/arm-none-eabi/5.4.1/armv7-m/crtbegin.o

.eh_frame_hdr
 *(.eh_frame_hdr)

.eh_frame       0x00007408        0x4
 *(.eh_frame)
 .eh_frame      0x00007408        0x0 c:/program files (x86)/cypress/psoc creator/4.1/psoc creator/import/gnu/arm/5.4.1/bin/../lib/gcc/arm-none-eabi/5.4.1/armv7-m/crtbegin.o
 .eh_frame      0x00007408        0x4 c:/program files (x86)/cypress/psoc creator/4.1/psoc creator/import/gnu/arm/5.4.1/bin/../lib/gcc/arm-none-eabi/5.4.1/armv7-m/crtend.o
                [!provide]                PROVIDE (__exidx_start, .)

.ARM.exidx      0x0000740c        0x8
 *(.ARM.exidx* .gnu.linkonce.armexidx.*)
 .ARM.exidx     0x0000740c        0x8 c:/program files (x86)/cypress/psoc creator/4.1/psoc creator/import/gnu/arm/5.4.1/bin/../lib/gcc/arm-none-eabi/5.4.1/armv7-m\libgcc.a(_udivmoddi4.o)
                0x00007414                __exidx_end = .

.rodata         0x00007418      0x228
 *(.rodata .rodata.* .gnu.linkonce.r.*)
 .rodata.str1.4
                0x00007418       0x27 .\CortexM3\ARM_GCC_541\Debug\main.o
 *fill*         0x0000743f        0x1 
 .rodata        0x00007440       0x3a .\CortexM3\ARM_GCC_541\Debug\cyfitter_cfg.o
 *fill*         0x0000747a        0x2 
 .rodata.str1.4
                0x0000747c        0x2 c:/program files (x86)/cypress/psoc creator/4.1/psoc creator/import/gnu/arm/5.4.1/bin/../lib/gcc/arm-none-eabi/5.4.1/../../../../arm-none-eabi/lib/armv7-m\libg.a(lib_a-impure.o)
 *fill*         0x0000747e        0x2 
 .rodata._global_impure_ptr
                0x00007480        0x4 c:/program files (x86)/cypress/psoc creator/4.1/psoc creator/import/gnu/arm/5.4.1/bin/../lib/gcc/arm-none-eabi/5.4.1/../../../../arm-none-eabi/lib/armv7-m\libg.a(lib_a-impure.o)
                0x00007480                _global_impure_ptr
 .rodata.str1.4
                0x00007484        0x2 c:/program files (x86)/cypress/psoc creator/4.1/psoc creator/import/gnu/arm/5.4.1/bin/../lib/gcc/arm-none-eabi/5.4.1/../../../../arm-none-eabi/lib/armv7-m\libg.a(lib_a-puts.o)
 *fill*         0x00007486        0x2 
 .rodata.blanks.7070
                0x00007488       0x10 c:/program files (x86)/cypress/psoc creator/4.1/psoc creator/import/gnu/arm/5.4.1/bin/../lib/gcc/arm-none-eabi/5.4.1/../../../../arm-none-eabi/lib/armv7-m\libg.a(lib_a-vfprintf.o)
 .rodata.str1.4
                0x00007498       0x42 c:/program files (x86)/cypress/psoc creator/4.1/psoc creator/import/gnu/arm/5.4.1/bin/../lib/gcc/arm-none-eabi/5.4.1/../../../../arm-none-eabi/lib/armv7-m\libg.a(lib_a-vfprintf.o)
 *fill*         0x000074da        0x2 
 .rodata.zeroes.7071
                0x000074dc       0x10 c:/program files (x86)/cypress/psoc creator/4.1/psoc creator/import/gnu/arm/5.4.1/bin/../lib/gcc/arm-none-eabi/5.4.1/../../../../arm-none-eabi/lib/armv7-m\libg.a(lib_a-vfprintf.o)
 .rodata.str1.4
                0x000074ec       0x10 c:/program files (x86)/cypress/psoc creator/4.1/psoc creator/import/gnu/arm/5.4.1/bin/../lib/gcc/arm-none-eabi/5.4.1/../../../../arm-none-eabi/lib/armv7-m\libg.a(lib_a-dtoa.o)
                                 0x12 (size before relaxing)
 .rodata.str1.4
                0x000074fc        0xc c:/program files (x86)/cypress/psoc creator/4.1/psoc creator/import/gnu/arm/5.4.1/bin/../lib/gcc/arm-none-eabi/5.4.1/../../../../arm-none-eabi/lib/armv7-m\libg.a(lib_a-locale.o)
                                 0x12 (size before relaxing)
 .rodata.__mprec_tens
                0x00007508       0xc8 c:/program files (x86)/cypress/psoc creator/4.1/psoc creator/import/gnu/arm/5.4.1/bin/../lib/gcc/arm-none-eabi/5.4.1/../../../../arm-none-eabi/lib/armv7-m\libg.a(lib_a-mprec.o)
                0x00007508                __mprec_tens
 .rodata.__mprec_bigtens
                0x000075d0       0x28 c:/program files (x86)/cypress/psoc creator/4.1/psoc creator/import/gnu/arm/5.4.1/bin/../lib/gcc/arm-none-eabi/5.4.1/../../../../arm-none-eabi/lib/armv7-m\libg.a(lib_a-mprec.o)
                0x000075d0                __mprec_bigtens
 .rodata.p05.5396
                0x000075f8        0xc c:/program files (x86)/cypress/psoc creator/4.1/psoc creator/import/gnu/arm/5.4.1/bin/../lib/gcc/arm-none-eabi/5.4.1/../../../../arm-none-eabi/lib/armv7-m\libg.a(lib_a-mprec.o)
                0x00007604                . = ALIGN (0x4)
 *(.init)
 .init          0x00007604        0x4 c:/program files (x86)/cypress/psoc creator/4.1/psoc creator/import/gnu/arm/5.4.1/bin/../lib/gcc/arm-none-eabi/5.4.1/armv7-m/crti.o
                0x00007604                _init
 .init          0x00007608        0x8 c:/program files (x86)/cypress/psoc creator/4.1/psoc creator/import/gnu/arm/5.4.1/bin/../lib/gcc/arm-none-eabi/5.4.1/armv7-m/crtn.o
                0x00007610                . = ALIGN (0x4)
                0x00007610                __preinit_array_start = .
 *(.preinit_array)
                0x00007610                __preinit_array_end = .
                0x00007610                . = ALIGN (0x4)
                0x00007610                __init_array_start = .
 *(SORT(.init_array.*))
 .init_array.00000
                0x00007610        0x4 c:/program files (x86)/cypress/psoc creator/4.1/psoc creator/import/gnu/arm/5.4.1/bin/../lib/gcc/arm-none-eabi/5.4.1/../../../../arm-none-eabi/lib/armv7-m\libg.a(lib_a-__call_atexit.o)
 *(.init_array)
 .init_array    0x00007614        0x4 c:/program files (x86)/cypress/psoc creator/4.1/psoc creator/import/gnu/arm/5.4.1/bin/../lib/gcc/arm-none-eabi/5.4.1/armv7-m/crtbegin.o
 .init_array    0x00007618        0x4 .\CortexM3\ARM_GCC_541\Debug\Cm3Start.o
                0x0000761c                __init_array_end = .
                0x0000761c                . = ALIGN (0x4)
 *(.fini)
 .fini          0x0000761c        0x4 c:/program files (x86)/cypress/psoc creator/4.1/psoc creator/import/gnu/arm/5.4.1/bin/../lib/gcc/arm-none-eabi/5.4.1/armv7-m/crti.o
                0x0000761c                _fini
 .fini          0x00007620        0x8 c:/program files (x86)/cypress/psoc creator/4.1/psoc creator/import/gnu/arm/5.4.1/bin/../lib/gcc/arm-none-eabi/5.4.1/armv7-m/crtn.o
                0x00007628                . = ALIGN (0x4)
                0x00007628                __fini_array_start = .
 *(.fini_array)
 .fini_array    0x00007628        0x4 c:/program files (x86)/cypress/psoc creator/4.1/psoc creator/import/gnu/arm/5.4.1/bin/../lib/gcc/arm-none-eabi/5.4.1/armv7-m/crtbegin.o
 *(SORT(.fini_array.*))
                0x0000762c                __fini_array_end = .
                0x0000762c                . = ALIGN (0x4)
 *crtbegin.o(.ctors)
 *(EXCLUDE_FILE(*crtend.o) .ctors)
 *(SORT(.ctors.*))
 *crtend.o(.ctors)
                0x0000762c                . = ALIGN (0x4)
 *crtbegin.o(.dtors)
 *(EXCLUDE_FILE(*crtend.o) .dtors)
 *(SORT(.dtors.*))
 *crtend.o(.dtors)
                0x0000762c                . = ALIGN (0x4)
                0x0000762c                __cy_regions = .
                0x0000762c        0x4 LONG 0x7640 __cy_region_init_ram
                0x00007630        0x4 LONG 0x1fff80c8 __cy_region_start_data
                0x00007634        0x4 LONG 0x8d0 __cy_region_init_size_ram
                0x00007638        0x4 LONG 0x88 __cy_region_zero_size_ram
                0x0000763c                __cy_regions_end = .
                0x00007640                . = ALIGN (0x8)
 *fill*         0x0000763c        0x4 
                0x00007640                _etext = .

.cy_checksum_exclude
                0x00007640        0x0
 *(.cy_checksum_exclude)

.ramvectors     0x1fff8000       0xc0
                0x1fff8000                __cy_region_start_ram = .
 *(.ramvectors)
 .ramvectors    0x1fff8000       0xc0 .\CortexM3\ARM_GCC_541\Debug\Cm3Start.o
                0x1fff8000                CyRamVectors

.noinit         0x1fff80c0        0x1
 *(.noinit)
 .noinit        0x1fff80c0        0x1 .\CortexM3\ARM_GCC_541\Debug\ZumoBot.a(CyLib.o)
                0x1fff80c0                CyResetStatus

.data           0x1fff80c8      0x8d0 load address 0x00007640
                0x1fff80c8                __cy_region_start_data = .
 *(.jcr)
 .jcr           0x1fff80c8        0x0 c:/program files (x86)/cypress/psoc creator/4.1/psoc creator/import/gnu/arm/5.4.1/bin/../lib/gcc/arm-none-eabi/5.4.1/armv7-m/crtbegin.o
 .jcr           0x1fff80c8        0x4 c:/program files (x86)/cypress/psoc creator/4.1/psoc creator/import/gnu/arm/5.4.1/bin/../lib/gcc/arm-none-eabi/5.4.1/armv7-m/crtend.o
 *(.got.plt)
 *(.got)
 *(.shdata)
 *(.data .data.* .gnu.linkonce.d.*)
 *fill*         0x1fff80cc        0x4 
 .data          0x1fff80d0       0x10 .\CortexM3\ARM_GCC_541\Debug\Drive.o
                0x1fff80d0                max
                0x1fff80d8                korjaus
 .data          0x1fff80e0        0x4 .\CortexM3\ARM_GCC_541\Debug\Cm3Start.o
 .data          0x1fff80e4       0x10 .\CortexM3\ARM_GCC_541\Debug\ZumoBot.a(CyLib.o)
                0x1fff80e4                cydelay_32k_ms
                0x1fff80e8                cydelay_freq_khz
                0x1fff80ec                cydelay_freq_mhz
                0x1fff80f0                cydelay_freq_hz
 *fill*         0x1fff80f4        0x4 
 .data.impure_data
                0x1fff80f8      0x428 c:/program files (x86)/cypress/psoc creator/4.1/psoc creator/import/gnu/arm/5.4.1/bin/../lib/gcc/arm-none-eabi/5.4.1/../../../../arm-none-eabi/lib/armv7-m\libg.a(lib_a-impure.o)
 .data._impure_ptr
                0x1fff8520        0x4 c:/program files (x86)/cypress/psoc creator/4.1/psoc creator/import/gnu/arm/5.4.1/bin/../lib/gcc/arm-none-eabi/5.4.1/../../../../arm-none-eabi/lib/armv7-m\libg.a(lib_a-impure.o)
                0x1fff8520                _impure_ptr
 .data.lconv    0x1fff8524       0x38 c:/program files (x86)/cypress/psoc creator/4.1/psoc creator/import/gnu/arm/5.4.1/bin/../lib/gcc/arm-none-eabi/5.4.1/../../../../arm-none-eabi/lib/armv7-m\libg.a(lib_a-locale.o)
 .data.lc_ctype_charset
                0x1fff855c       0x20 c:/program files (x86)/cypress/psoc creator/4.1/psoc creator/import/gnu/arm/5.4.1/bin/../lib/gcc/arm-none-eabi/5.4.1/../../../../arm-none-eabi/lib/armv7-m\libg.a(lib_a-locale.o)
 .data.__mb_cur_max
                0x1fff857c        0x4 c:/program files (x86)/cypress/psoc creator/4.1/psoc creator/import/gnu/arm/5.4.1/bin/../lib/gcc/arm-none-eabi/5.4.1/../../../../arm-none-eabi/lib/armv7-m\libg.a(lib_a-locale.o)
                0x1fff857c                __mb_cur_max
 .data.__malloc_av_
                0x1fff8580      0x408 c:/program files (x86)/cypress/psoc creator/4.1/psoc creator/import/gnu/arm/5.4.1/bin/../lib/gcc/arm-none-eabi/5.4.1/../../../../arm-none-eabi/lib/armv7-m\libg.a(lib_a-mallocr.o)
                0x1fff8580                __malloc_av_
 .data.__malloc_trim_threshold
                0x1fff8988        0x4 c:/program files (x86)/cypress/psoc creator/4.1/psoc creator/import/gnu/arm/5.4.1/bin/../lib/gcc/arm-none-eabi/5.4.1/../../../../arm-none-eabi/lib/armv7-m\libg.a(lib_a-mallocr.o)
                0x1fff8988                __malloc_trim_threshold
 .data.__malloc_sbrk_base
                0x1fff898c        0x4 c:/program files (x86)/cypress/psoc creator/4.1/psoc creator/import/gnu/arm/5.4.1/bin/../lib/gcc/arm-none-eabi/5.4.1/../../../../arm-none-eabi/lib/armv7-m\libg.a(lib_a-mallocr.o)
                0x1fff898c                __malloc_sbrk_base
 .data.__wctomb
                0x1fff8990        0x4 c:/program files (x86)/cypress/psoc creator/4.1/psoc creator/import/gnu/arm/5.4.1/bin/../lib/gcc/arm-none-eabi/5.4.1/../../../../arm-none-eabi/lib/armv7-m\libg.a(lib_a-wctomb_r.o)
                0x1fff8990                __wctomb
                0x1fff8998                . = ALIGN (0x8)
 *fill*         0x1fff8994        0x4 
 *(.ram)
                0x1fff8998                _edata = .

.igot.plt       0x1fff8998        0x0 load address 0x00007f10
 .igot.plt      0x1fff8998        0x0 c:/program files (x86)/cypress/psoc creator/4.1/psoc creator/import/gnu/arm/5.4.1/bin/../lib/gcc/arm-none-eabi/5.4.1/armv7-m/crtbegin.o

.bss            0x1fff8998       0x88 load address 0x00007f10
                0x1fff8998                PROVIDE (__bss_start__, .)
 *(.shbss)
 *(.bss .bss.* .gnu.linkonce.b.*)
 .bss           0x1fff8998       0x1c c:/program files (x86)/cypress/psoc creator/4.1/psoc creator/import/gnu/arm/5.4.1/bin/../lib/gcc/arm-none-eabi/5.4.1/armv7-m/crtbegin.o
 .bss           0x1fff89b4       0x10 .\CortexM3\ARM_GCC_541\Debug\Reflectance.o
 .bss           0x1fff89c4        0x1 .\CortexM3\ARM_GCC_541\Debug\ZumoBot.a(PWM.o)
                0x1fff89c4                PWM_initVar
 .bss           0x1fff89c5        0x2 .\CortexM3\ARM_GCC_541\Debug\ZumoBot.a(UART_1.o)
                0x1fff89c5                UART_1_initVar
 .bss           0x1fff89c7        0x1 .\CortexM3\ARM_GCC_541\Debug\ZumoBot.a(ADC_Battery.o)
                0x1fff89c7                ADC_Battery_initVar
 .bss           0x1fff89c8        0x1 .\CortexM3\ARM_GCC_541\Debug\ZumoBot.a(Buzzer_PWM.o)
                0x1fff89c8                Buzzer_PWM_initVar
 .bss           0x1fff89c9        0x1 .\CortexM3\ARM_GCC_541\Debug\ZumoBot.a(Timer_L3.o)
                0x1fff89c9                Timer_L3_initVar
 .bss           0x1fff89ca        0x1 .\CortexM3\ARM_GCC_541\Debug\ZumoBot.a(Timer_R3.o)
                0x1fff89ca                Timer_R3_initVar
 .bss           0x1fff89cb        0x1 .\CortexM3\ARM_GCC_541\Debug\ZumoBot.a(Timer_R1.o)
                0x1fff89cb                Timer_R1_initVar
 .bss           0x1fff89cc        0x1 .\CortexM3\ARM_GCC_541\Debug\ZumoBot.a(Timer_L1.o)
                0x1fff89cc                Timer_L1_initVar
 *fill*         0x1fff89cd        0x3 
 .bss.__malloc_max_total_mem
                0x1fff89d0        0x4 c:/program files (x86)/cypress/psoc creator/4.1/psoc creator/import/gnu/arm/5.4.1/bin/../lib/gcc/arm-none-eabi/5.4.1/../../../../arm-none-eabi/lib/armv7-m\libg.a(lib_a-mallocr.o)
                0x1fff89d0                __malloc_max_total_mem
 .bss.__malloc_max_sbrked_mem
                0x1fff89d4        0x4 c:/program files (x86)/cypress/psoc creator/4.1/psoc creator/import/gnu/arm/5.4.1/bin/../lib/gcc/arm-none-eabi/5.4.1/../../../../arm-none-eabi/lib/armv7-m\libg.a(lib_a-mallocr.o)
                0x1fff89d4                __malloc_max_sbrked_mem
 .bss.__malloc_top_pad
                0x1fff89d8        0x4 c:/program files (x86)/cypress/psoc creator/4.1/psoc creator/import/gnu/arm/5.4.1/bin/../lib/gcc/arm-none-eabi/5.4.1/../../../../arm-none-eabi/lib/armv7-m\libg.a(lib_a-mallocr.o)
                0x1fff89d8                __malloc_top_pad
 .bss.__malloc_current_mallinfo
                0x1fff89dc       0x28 c:/program files (x86)/cypress/psoc creator/4.1/psoc creator/import/gnu/arm/5.4.1/bin/../lib/gcc/arm-none-eabi/5.4.1/../../../../arm-none-eabi/lib/armv7-m\libg.a(lib_a-mallocr.o)
                0x1fff89dc                __malloc_current_mallinfo
 *(COMMON)
 COMMON         0x1fff8a04        0x8 .\CortexM3\ARM_GCC_541\Debug\main.o
                0x1fff8a04                threshold
 COMMON         0x1fff8a0c        0x4 .\CortexM3\ARM_GCC_541\Debug\Drive.o
                0x1fff8a0c                dir
 COMMON         0x1fff8a10        0xc .\CortexM3\ARM_GCC_541\Debug\ZumoBot.a(ADC_Battery.o)
                0x1fff8a10                ADC_Battery_offset
                0x1fff8a12                ADC_Battery_countsPerVolt
                0x1fff8a14                ADC_Battery_shift
                0x1fff8a18                ADC_Battery_countsPer10Volt
 COMMON         0x1fff8a1c        0x4 c:/program files (x86)/cypress/psoc creator/4.1/psoc creator/import/gnu/arm/5.4.1/bin/../lib/gcc/arm-none-eabi/5.4.1/../../../../arm-none-eabi/lib/armv7-m\libg.a(lib_a-reent.o)
                0x1fff8a1c                errno
                0x1fff8a20                . = ALIGN (0x8)
 *(.ram.b)
                0x1fff8a20                _end = .
                0x1fff8a20                __end = .
                0x1fff8a20                PROVIDE (end, .)
                0x1fff8a20                PROVIDE (__bss_end__, .)
                0x00007640                __cy_region_init_ram = LOADADDR (.data)
                0x000008d0                __cy_region_init_size_ram = (_edata - ADDR (.data))
                0x00000088                __cy_region_zero_size_ram = (_end - _edata)

.heap           0x1fff8a20      0x800 load address 0x00007f10
                0x1fff8a20                . = _end
                0x1fff9220                . = (. + 0x800)
 *fill*         0x1fff8a20      0x800 
                0x1fff9220                __cy_heap_limit = .

.stack          0x20007800      0x800
                0x20007800                __cy_stack_limit = .
                0x20008000                . = (. + 0x800)
 *fill*         0x20007800      0x800 
                0x00000001                ASSERT ((__cy_stack_limit >= __cy_heap_limit), region RAM overflowed with stack)
                0x00000000                cy_checksum_exclude_size = (CY_APPL_LOADABLE == 0x1)?SIZEOF (.cy_checksum_exclude):0x0
                0x00000001                ASSERT ((cy_checksum_exclude_size <= CY_CHECKSUM_EXCLUDE_SIZE), CY_BOOT: Section .cy_checksum_exclude size exceedes specified limit.)

.cyloadermeta
 *(.cyloadermeta)

.cyloadablemeta
 *(.cyloadablemeta)

.cyconfigecc    0x80000000      0x8c4
 *(.cyconfigecc)
 .cyconfigecc   0x80000000      0x8c4 .\CortexM3\ARM_GCC_541\Debug\cymetadata.o
                0x80000000                cy_meta_configecc

.cycustnvl      0x90000000        0x4
 *(.cycustnvl)
 .cycustnvl     0x90000000        0x4 .\CortexM3\ARM_GCC_541\Debug\cymetadata.o
                0x90000000                cy_meta_custnvl

.cywolatch      0x90100000        0x4
 *(.cywolatch)
 .cywolatch     0x90100000        0x4 .\CortexM3\ARM_GCC_541\Debug\cymetadata.o
                0x90100000                cy_meta_wonvl

.cyeeprom       0x90200000        0x0
 *(.cyeeprom)
                0x00000001                ASSERT ((. <= ((0x90200000 + ee_offset) + ee_size)), .cyeeprom data will not fit in EEPROM)

.cyflashprotect
                0x90400000      0x100
 *(.cyflashprotect)
 .cyflashprotect
                0x90400000      0x100 .\CortexM3\ARM_GCC_541\Debug\cymetadata.o
                0x90400000                cy_meta_flashprotect

.cymeta         0x90500000        0xc
 *(.cymeta)
 .cymeta        0x90500000        0xc .\CortexM3\ARM_GCC_541\Debug\cymetadata.o
                0x90500000                cy_metadata

.rel.dyn        0x00007f10        0x0 load address 0x9050000c
 .rel.iplt      0x00007f10        0x0 c:/program files (x86)/cypress/psoc creator/4.1/psoc creator/import/gnu/arm/5.4.1/bin/../lib/gcc/arm-none-eabi/5.4.1/armv7-m/crtbegin.o

.stab           0x00000000       0x6c
 *(.stab)
 .stab          0x00000000       0x24 c:/program files (x86)/cypress/psoc creator/4.1/psoc creator/import/gnu/arm/5.4.1/bin/../lib/gcc/arm-none-eabi/5.4.1/../../../../arm-none-eabi/lib/armv7-m\libnosys.a(close.o)
 .stab          0x00000024       0x18 c:/program files (x86)/cypress/psoc creator/4.1/psoc creator/import/gnu/arm/5.4.1/bin/../lib/gcc/arm-none-eabi/5.4.1/../../../../arm-none-eabi/lib/armv7-m\libnosys.a(fstat.o)
                                 0x24 (size before relaxing)
 .stab          0x0000003c       0x18 c:/program files (x86)/cypress/psoc creator/4.1/psoc creator/import/gnu/arm/5.4.1/bin/../lib/gcc/arm-none-eabi/5.4.1/../../../../arm-none-eabi/lib/armv7-m\libnosys.a(isatty.o)
                                 0x24 (size before relaxing)
 .stab          0x00000054       0x18 c:/program files (x86)/cypress/psoc creator/4.1/psoc creator/import/gnu/arm/5.4.1/bin/../lib/gcc/arm-none-eabi/5.4.1/../../../../arm-none-eabi/lib/armv7-m\libnosys.a(lseek.o)
                                 0x24 (size before relaxing)

.stabstr        0x00000000       0xe3
 *(.stabstr)
 .stabstr       0x00000000       0xe3 c:/program files (x86)/cypress/psoc creator/4.1/psoc creator/import/gnu/arm/5.4.1/bin/../lib/gcc/arm-none-eabi/5.4.1/../../../../arm-none-eabi/lib/armv7-m\libnosys.a(close.o)

.debug
 *(.debug)

.line
 *(.line)

.debug_srcinfo
 *(.debug_srcinfo)

.debug_sfnames
 *(.debug_sfnames)

.debug_aranges  0x00000000     0x1280
 *(.debug_aranges)
 .debug_aranges
                0x00000000       0x38 .\CortexM3\ARM_GCC_541\Debug\main.o
 .debug_aranges
                0x00000038       0x20 .\CortexM3\ARM_GCC_541\Debug\Accel.o
 .debug_aranges
                0x00000058       0x20 .\CortexM3\ARM_GCC_541\Debug\Ambient.o
 .debug_aranges
                0x00000078       0x20 .\CortexM3\ARM_GCC_541\Debug\Gyro.o
 .debug_aranges
                0x00000098       0x30 .\CortexM3\ARM_GCC_541\Debug\I2C_made.o
 .debug_aranges
                0x000000c8       0x40 .\CortexM3\ARM_GCC_541\Debug\IR.o
 .debug_aranges
                0x00000108       0x20 .\CortexM3\ARM_GCC_541\Debug\Magnet.o
 .debug_aranges
                0x00000128       0x50 .\CortexM3\ARM_GCC_541\Debug\Motor.o
 .debug_aranges
                0x00000178       0x30 .\CortexM3\ARM_GCC_541\Debug\Nunchuk.o
 .debug_aranges
                0x000001a8       0x40 .\CortexM3\ARM_GCC_541\Debug\Reflectance.o
 .debug_aranges
                0x000001e8       0x38 .\CortexM3\ARM_GCC_541\Debug\Ultra.o
 .debug_aranges
                0x00000220       0x20 .\CortexM3\ARM_GCC_541\Debug\Beep.o
 .debug_aranges
                0x00000240       0x20 .\CortexM3\ARM_GCC_541\Debug\Drive.o
 .debug_aranges
                0x00000260       0x58 .\CortexM3\ARM_GCC_541\Debug\cyfitter_cfg.o
 .debug_aranges
                0x000002b8       0x18 .\CortexM3\ARM_GCC_541\Debug\cymetadata.o
 .debug_aranges
                0x000002d0       0x48 .\CortexM3\ARM_GCC_541\Debug\Cm3Start.o
 .debug_aranges
                0x00000318       0xa8 .\CortexM3\ARM_GCC_541\Debug\ZumoBot.a(PWM.o)
 .debug_aranges
                0x000003c0       0x38 .\CortexM3\ARM_GCC_541\Debug\ZumoBot.a(I2C.o)
 .debug_aranges
                0x000003f8       0x20 .\CortexM3\ARM_GCC_541\Debug\ZumoBot.a(I2C_INT.o)
 .debug_aranges
                0x00000418       0x38 .\CortexM3\ARM_GCC_541\Debug\ZumoBot.a(I2C_PM.o)
 .debug_aranges
                0x00000450       0x80 .\CortexM3\ARM_GCC_541\Debug\ZumoBot.a(I2C_MASTER.o)
 .debug_aranges
                0x000004d0      0x2a0 .\CortexM3\ARM_GCC_541\Debug\ZumoBot.a(CyLib.o)
 .debug_aranges
                0x00000770       0x98 .\CortexM3\ARM_GCC_541\Debug\ZumoBot.a(cyPm.o)
 .debug_aranges
                0x00000808       0x38 .\CortexM3\ARM_GCC_541\Debug\ZumoBot.a(MotorDirLeft.o)
 .debug_aranges
                0x00000840       0x38 .\CortexM3\ARM_GCC_541\Debug\ZumoBot.a(MotorDirRight.o)
 .debug_aranges
                0x00000878       0x38 .\CortexM3\ARM_GCC_541\Debug\ZumoBot.a(IR_led.o)
 .debug_aranges
                0x000008b0       0x80 .\CortexM3\ARM_GCC_541\Debug\ZumoBot.a(sensor_isr.o)
 .debug_aranges
                0x00000930       0xf0 .\CortexM3\ARM_GCC_541\Debug\ZumoBot.a(UART_1.o)
 .debug_aranges
                0x00000a20       0xa8 .\CortexM3\ARM_GCC_541\Debug\ZumoBot.a(ADC_Battery.o)
 .debug_aranges
                0x00000ac8       0x20 .\CortexM3\ARM_GCC_541\Debug\ZumoBot.a(ADC_Battery_INT.o)
 .debug_aranges
                0x00000ae8       0x38 .\CortexM3\ARM_GCC_541\Debug\ZumoBot.a(BatteryLed.o)
 .debug_aranges
                0x00000b20       0x38 .\CortexM3\ARM_GCC_541\Debug\ZumoBot.a(IR_receiver.o)
 .debug_aranges
                0x00000b58       0x38 .\CortexM3\ARM_GCC_541\Debug\ZumoBot.a(Trig.o)
 .debug_aranges
                0x00000b90       0x88 .\CortexM3\ARM_GCC_541\Debug\ZumoBot.a(Timer.o)
 .debug_aranges
                0x00000c18       0x38 .\CortexM3\ARM_GCC_541\Debug\ZumoBot.a(Echo.o)
 .debug_aranges
                0x00000c50       0x80 .\CortexM3\ARM_GCC_541\Debug\ZumoBot.a(ultra_isr.o)
 .debug_aranges
                0x00000cd0       0x70 .\CortexM3\ARM_GCC_541\Debug\ZumoBot.a(UART_1_IntClock.o)
 .debug_aranges
                0x00000d40       0x70 .\CortexM3\ARM_GCC_541\Debug\ZumoBot.a(ADC_Battery_theACLK.o)
 .debug_aranges
                0x00000db0       0x80 .\CortexM3\ARM_GCC_541\Debug\ZumoBot.a(Buzzer_PWM.o)
 .debug_aranges
                0x00000e30       0x38 .\CortexM3\ARM_GCC_541\Debug\ZumoBot.a(L3.o)
 .debug_aranges
                0x00000e68       0x88 .\CortexM3\ARM_GCC_541\Debug\ZumoBot.a(Timer_L3.o)
 .debug_aranges
                0x00000ef0       0x88 .\CortexM3\ARM_GCC_541\Debug\ZumoBot.a(Timer_R3.o)
 .debug_aranges
                0x00000f78       0x88 .\CortexM3\ARM_GCC_541\Debug\ZumoBot.a(Timer_R1.o)
 .debug_aranges
                0x00001000       0x38 .\CortexM3\ARM_GCC_541\Debug\ZumoBot.a(R1.o)
 .debug_aranges
                0x00001038       0x38 .\CortexM3\ARM_GCC_541\Debug\ZumoBot.a(R3.o)
 .debug_aranges
                0x00001070       0x88 .\CortexM3\ARM_GCC_541\Debug\ZumoBot.a(Timer_L1.o)
 .debug_aranges
                0x000010f8       0x38 .\CortexM3\ARM_GCC_541\Debug\ZumoBot.a(L1.o)
 .debug_aranges
                0x00001130       0x38 .\CortexM3\ARM_GCC_541\Debug\ZumoBot.a(SW1.o)
 .debug_aranges
                0x00001168       0x20 .\CortexM3\ARM_GCC_541\Debug\ZumoBot.a(CyBootAsmGnu.o)
 .debug_aranges
                0x00001188       0x80 .\CortexM3\ARM_GCC_541\Debug\ZumoBot.a(CyFlash.o)
 .debug_aranges
                0x00001208       0x78 .\CortexM3\ARM_GCC_541\Debug\ZumoBot.a(CySpc.o)

.debug_pubnames
 *(.debug_pubnames)

.debug_info     0x00000000     0xa001
 *(.debug_info .gnu.linkonce.wi.*)
 .debug_info    0x00000000      0x940 .\CortexM3\ARM_GCC_541\Debug\main.o
 .debug_info    0x00000940      0x138 .\CortexM3\ARM_GCC_541\Debug\Accel.o
 .debug_info    0x00000a78      0x10e .\CortexM3\ARM_GCC_541\Debug\Ambient.o
 .debug_info    0x00000b86      0x10a .\CortexM3\ARM_GCC_541\Debug\Gyro.o
 .debug_info    0x00000c90      0x2e3 .\CortexM3\ARM_GCC_541\Debug\I2C_made.o
 .debug_info    0x00000f73      0x22d .\CortexM3\ARM_GCC_541\Debug\IR.o
 .debug_info    0x000011a0      0x145 .\CortexM3\ARM_GCC_541\Debug\Magnet.o
 .debug_info    0x000012e5      0x481 .\CortexM3\ARM_GCC_541\Debug\Motor.o
 .debug_info    0x00001766      0x2b6 .\CortexM3\ARM_GCC_541\Debug\Nunchuk.o
 .debug_info    0x00001a1c      0x55f .\CortexM3\ARM_GCC_541\Debug\Reflectance.o
 .debug_info    0x00001f7b      0x6ac .\CortexM3\ARM_GCC_541\Debug\Ultra.o
 .debug_info    0x00002627      0x194 .\CortexM3\ARM_GCC_541\Debug\Beep.o
 .debug_info    0x000027bb      0x290 .\CortexM3\ARM_GCC_541\Debug\Drive.o
 .debug_info    0x00002a4b      0x63d .\CortexM3\ARM_GCC_541\Debug\cyfitter_cfg.o
 .debug_info    0x00003088      0x139 .\CortexM3\ARM_GCC_541\Debug\cymetadata.o
 .debug_info    0x000031c1      0x3b5 .\CortexM3\ARM_GCC_541\Debug\Cm3Start.o
 .debug_info    0x00003576      0x383 .\CortexM3\ARM_GCC_541\Debug\ZumoBot.a(PWM.o)
 .debug_info    0x000038f9      0x2ad .\CortexM3\ARM_GCC_541\Debug\ZumoBot.a(I2C.o)
 .debug_info    0x00003ba6      0x184 .\CortexM3\ARM_GCC_541\Debug\ZumoBot.a(I2C_INT.o)
 .debug_info    0x00003d2a      0x207 .\CortexM3\ARM_GCC_541\Debug\ZumoBot.a(I2C_PM.o)
 .debug_info    0x00003f31      0x407 .\CortexM3\ARM_GCC_541\Debug\ZumoBot.a(I2C_MASTER.o)
 .debug_info    0x00004338     0x1374 .\CortexM3\ARM_GCC_541\Debug\ZumoBot.a(CyLib.o)
 .debug_info    0x000056ac      0xa1d .\CortexM3\ARM_GCC_541\Debug\ZumoBot.a(cyPm.o)
 .debug_info    0x000060c9      0x11f .\CortexM3\ARM_GCC_541\Debug\ZumoBot.a(MotorDirLeft.o)
 .debug_info    0x000061e8      0x11f .\CortexM3\ARM_GCC_541\Debug\ZumoBot.a(MotorDirRight.o)
 .debug_info    0x00006307      0x11f .\CortexM3\ARM_GCC_541\Debug\ZumoBot.a(IR_led.o)
 .debug_info    0x00006426      0x2d2 .\CortexM3\ARM_GCC_541\Debug\ZumoBot.a(sensor_isr.o)
 .debug_info    0x000066f8      0x60c .\CortexM3\ARM_GCC_541\Debug\ZumoBot.a(UART_1.o)
 .debug_info    0x00006d04      0x5c0 .\CortexM3\ARM_GCC_541\Debug\ZumoBot.a(ADC_Battery.o)
 .debug_info    0x000072c4       0x92 .\CortexM3\ARM_GCC_541\Debug\ZumoBot.a(ADC_Battery_INT.o)
 .debug_info    0x00007356      0x11f .\CortexM3\ARM_GCC_541\Debug\ZumoBot.a(BatteryLed.o)
 .debug_info    0x00007475      0x11f .\CortexM3\ARM_GCC_541\Debug\ZumoBot.a(IR_receiver.o)
 .debug_info    0x00007594      0x11f .\CortexM3\ARM_GCC_541\Debug\ZumoBot.a(Trig.o)
 .debug_info    0x000076b3      0x2d3 .\CortexM3\ARM_GCC_541\Debug\ZumoBot.a(Timer.o)
 .debug_info    0x00007986      0x11f .\CortexM3\ARM_GCC_541\Debug\ZumoBot.a(Echo.o)
 .debug_info    0x00007aa5      0x2d2 .\CortexM3\ARM_GCC_541\Debug\ZumoBot.a(ultra_isr.o)
 .debug_info    0x00007d77      0x283 .\CortexM3\ARM_GCC_541\Debug\ZumoBot.a(UART_1_IntClock.o)
 .debug_info    0x00007ffa      0x283 .\CortexM3\ARM_GCC_541\Debug\ZumoBot.a(ADC_Battery_theACLK.o)
 .debug_info    0x0000827d      0x279 .\CortexM3\ARM_GCC_541\Debug\ZumoBot.a(Buzzer_PWM.o)
 .debug_info    0x000084f6      0x11f .\CortexM3\ARM_GCC_541\Debug\ZumoBot.a(L3.o)
 .debug_info    0x00008615      0x295 .\CortexM3\ARM_GCC_541\Debug\ZumoBot.a(Timer_L3.o)
 .debug_info    0x000088aa      0x295 .\CortexM3\ARM_GCC_541\Debug\ZumoBot.a(Timer_R3.o)
 .debug_info    0x00008b3f      0x295 .\CortexM3\ARM_GCC_541\Debug\ZumoBot.a(Timer_R1.o)
 .debug_info    0x00008dd4      0x11f .\CortexM3\ARM_GCC_541\Debug\ZumoBot.a(R1.o)
 .debug_info    0x00008ef3      0x11f .\CortexM3\ARM_GCC_541\Debug\ZumoBot.a(R3.o)
 .debug_info    0x00009012      0x295 .\CortexM3\ARM_GCC_541\Debug\ZumoBot.a(Timer_L1.o)
 .debug_info    0x000092a7      0x11f .\CortexM3\ARM_GCC_541\Debug\ZumoBot.a(L1.o)
 .debug_info    0x000093c6      0x11f .\CortexM3\ARM_GCC_541\Debug\ZumoBot.a(SW1.o)
 .debug_info    0x000094e5       0x7b .\CortexM3\ARM_GCC_541\Debug\ZumoBot.a(CyBootAsmGnu.o)
 .debug_info    0x00009560      0x5b8 .\CortexM3\ARM_GCC_541\Debug\ZumoBot.a(CyFlash.o)
 .debug_info    0x00009b18      0x4e9 .\CortexM3\ARM_GCC_541\Debug\ZumoBot.a(CySpc.o)

.debug_abbrev   0x00000000     0x349b
 *(.debug_abbrev)
 .debug_abbrev  0x00000000      0x1cf .\CortexM3\ARM_GCC_541\Debug\main.o
 .debug_abbrev  0x000001cf       0xae .\CortexM3\ARM_GCC_541\Debug\Accel.o
 .debug_abbrev  0x0000027d       0x8c .\CortexM3\ARM_GCC_541\Debug\Ambient.o
 .debug_abbrev  0x00000309       0xa5 .\CortexM3\ARM_GCC_541\Debug\Gyro.o
 .debug_abbrev  0x000003ae      0x124 .\CortexM3\ARM_GCC_541\Debug\I2C_made.o
 .debug_abbrev  0x000004d2      0x100 .\CortexM3\ARM_GCC_541\Debug\IR.o
 .debug_abbrev  0x000005d2       0xba .\CortexM3\ARM_GCC_541\Debug\Magnet.o
 .debug_abbrev  0x0000068c       0xec .\CortexM3\ARM_GCC_541\Debug\Motor.o
 .debug_abbrev  0x00000778       0xe4 .\CortexM3\ARM_GCC_541\Debug\Nunchuk.o
 .debug_abbrev  0x0000085c      0x12e .\CortexM3\ARM_GCC_541\Debug\Reflectance.o
 .debug_abbrev  0x0000098a      0x21b .\CortexM3\ARM_GCC_541\Debug\Ultra.o
 .debug_abbrev  0x00000ba5       0xc9 .\CortexM3\ARM_GCC_541\Debug\Beep.o
 .debug_abbrev  0x00000c6e      0x10b .\CortexM3\ARM_GCC_541\Debug\Drive.o
 .debug_abbrev  0x00000d79      0x20d .\CortexM3\ARM_GCC_541\Debug\cyfitter_cfg.o
 .debug_abbrev  0x00000f86       0x77 .\CortexM3\ARM_GCC_541\Debug\cymetadata.o
 .debug_abbrev  0x00000ffd      0x1e8 .\CortexM3\ARM_GCC_541\Debug\Cm3Start.o
 .debug_abbrev  0x000011e5      0x133 .\CortexM3\ARM_GCC_541\Debug\ZumoBot.a(PWM.o)
 .debug_abbrev  0x00001318      0x10a .\CortexM3\ARM_GCC_541\Debug\ZumoBot.a(I2C.o)
 .debug_abbrev  0x00001422       0xb6 .\CortexM3\ARM_GCC_541\Debug\ZumoBot.a(I2C_INT.o)
 .debug_abbrev  0x000014d8       0xfe .\CortexM3\ARM_GCC_541\Debug\ZumoBot.a(I2C_PM.o)
 .debug_abbrev  0x000015d6      0x13c .\CortexM3\ARM_GCC_541\Debug\ZumoBot.a(I2C_MASTER.o)
 .debug_abbrev  0x00001712      0x254 .\CortexM3\ARM_GCC_541\Debug\ZumoBot.a(CyLib.o)
 .debug_abbrev  0x00001966      0x1ab .\CortexM3\ARM_GCC_541\Debug\ZumoBot.a(cyPm.o)
 .debug_abbrev  0x00001b11       0x90 .\CortexM3\ARM_GCC_541\Debug\ZumoBot.a(MotorDirLeft.o)
 .debug_abbrev  0x00001ba1       0x90 .\CortexM3\ARM_GCC_541\Debug\ZumoBot.a(MotorDirRight.o)
 .debug_abbrev  0x00001c31       0x90 .\CortexM3\ARM_GCC_541\Debug\ZumoBot.a(IR_led.o)
 .debug_abbrev  0x00001cc1      0x173 .\CortexM3\ARM_GCC_541\Debug\ZumoBot.a(sensor_isr.o)
 .debug_abbrev  0x00001e34      0x175 .\CortexM3\ARM_GCC_541\Debug\ZumoBot.a(UART_1.o)
 .debug_abbrev  0x00001fa9      0x1ac .\CortexM3\ARM_GCC_541\Debug\ZumoBot.a(ADC_Battery.o)
 .debug_abbrev  0x00002155       0x42 .\CortexM3\ARM_GCC_541\Debug\ZumoBot.a(ADC_Battery_INT.o)
 .debug_abbrev  0x00002197       0x90 .\CortexM3\ARM_GCC_541\Debug\ZumoBot.a(BatteryLed.o)
 .debug_abbrev  0x00002227       0x90 .\CortexM3\ARM_GCC_541\Debug\ZumoBot.a(IR_receiver.o)
 .debug_abbrev  0x000022b7       0x90 .\CortexM3\ARM_GCC_541\Debug\ZumoBot.a(Trig.o)
 .debug_abbrev  0x00002347      0x13a .\CortexM3\ARM_GCC_541\Debug\ZumoBot.a(Timer.o)
 .debug_abbrev  0x00002481       0x90 .\CortexM3\ARM_GCC_541\Debug\ZumoBot.a(Echo.o)
 .debug_abbrev  0x00002511      0x173 .\CortexM3\ARM_GCC_541\Debug\ZumoBot.a(ultra_isr.o)
 .debug_abbrev  0x00002684      0x139 .\CortexM3\ARM_GCC_541\Debug\ZumoBot.a(UART_1_IntClock.o)
 .debug_abbrev  0x000027bd      0x139 .\CortexM3\ARM_GCC_541\Debug\ZumoBot.a(ADC_Battery_theACLK.o)
 .debug_abbrev  0x000028f6      0x12d .\CortexM3\ARM_GCC_541\Debug\ZumoBot.a(Buzzer_PWM.o)
 .debug_abbrev  0x00002a23       0x90 .\CortexM3\ARM_GCC_541\Debug\ZumoBot.a(L3.o)
 .debug_abbrev  0x00002ab3      0x11a .\CortexM3\ARM_GCC_541\Debug\ZumoBot.a(Timer_L3.o)
 .debug_abbrev  0x00002bcd      0x11a .\CortexM3\ARM_GCC_541\Debug\ZumoBot.a(Timer_R3.o)
 .debug_abbrev  0x00002ce7      0x11a .\CortexM3\ARM_GCC_541\Debug\ZumoBot.a(Timer_R1.o)
 .debug_abbrev  0x00002e01       0x90 .\CortexM3\ARM_GCC_541\Debug\ZumoBot.a(R1.o)
 .debug_abbrev  0x00002e91       0x90 .\CortexM3\ARM_GCC_541\Debug\ZumoBot.a(R3.o)
 .debug_abbrev  0x00002f21      0x11a .\CortexM3\ARM_GCC_541\Debug\ZumoBot.a(Timer_L1.o)
 .debug_abbrev  0x0000303b       0x90 .\CortexM3\ARM_GCC_541\Debug\ZumoBot.a(L1.o)
 .debug_abbrev  0x000030cb       0x90 .\CortexM3\ARM_GCC_541\Debug\ZumoBot.a(SW1.o)
 .debug_abbrev  0x0000315b       0x14 .\CortexM3\ARM_GCC_541\Debug\ZumoBot.a(CyBootAsmGnu.o)
 .debug_abbrev  0x0000316f      0x198 .\CortexM3\ARM_GCC_541\Debug\ZumoBot.a(CyFlash.o)
 .debug_abbrev  0x00003307      0x194 .\CortexM3\ARM_GCC_541\Debug\ZumoBot.a(CySpc.o)

.debug_line     0x00000000     0x4e94
 *(.debug_line)
 .debug_line    0x00000000      0x3ad .\CortexM3\ARM_GCC_541\Debug\main.o
 .debug_line    0x000003ad      0x1e6 .\CortexM3\ARM_GCC_541\Debug\Accel.o
 .debug_line    0x00000593       0xe3 .\CortexM3\ARM_GCC_541\Debug\Ambient.o
 .debug_line    0x00000676      0x174 .\CortexM3\ARM_GCC_541\Debug\Gyro.o
 .debug_line    0x000007ea      0x1c6 .\CortexM3\ARM_GCC_541\Debug\I2C_made.o
 .debug_line    0x000009b0      0x208 .\CortexM3\ARM_GCC_541\Debug\IR.o
 .debug_line    0x00000bb8      0x1e5 .\CortexM3\ARM_GCC_541\Debug\Magnet.o
 .debug_line    0x00000d9d      0x222 .\CortexM3\ARM_GCC_541\Debug\Motor.o
 .debug_line    0x00000fbf      0x1c2 .\CortexM3\ARM_GCC_541\Debug\Nunchuk.o
 .debug_line    0x00001181      0x274 .\CortexM3\ARM_GCC_541\Debug\Reflectance.o
 .debug_line    0x000013f5      0x20a .\CortexM3\ARM_GCC_541\Debug\Ultra.o
 .debug_line    0x000015ff      0x192 .\CortexM3\ARM_GCC_541\Debug\Beep.o
 .debug_line    0x00001791      0x1b5 .\CortexM3\ARM_GCC_541\Debug\Drive.o
 .debug_line    0x00001946      0x20e .\CortexM3\ARM_GCC_541\Debug\cyfitter_cfg.o
 .debug_line    0x00001b54      0x141 .\CortexM3\ARM_GCC_541\Debug\cymetadata.o
 .debug_line    0x00001c95      0x234 .\CortexM3\ARM_GCC_541\Debug\Cm3Start.o
 .debug_line    0x00001ec9      0x1a7 .\CortexM3\ARM_GCC_541\Debug\ZumoBot.a(PWM.o)
 .debug_line    0x00002070       0xd9 .\CortexM3\ARM_GCC_541\Debug\ZumoBot.a(I2C.o)
 .debug_line    0x00002149      0x114 .\CortexM3\ARM_GCC_541\Debug\ZumoBot.a(I2C_INT.o)
 .debug_line    0x0000225d       0xbb .\CortexM3\ARM_GCC_541\Debug\ZumoBot.a(I2C_PM.o)
 .debug_line    0x00002318      0x1fd .\CortexM3\ARM_GCC_541\Debug\ZumoBot.a(I2C_MASTER.o)
 .debug_line    0x00002515      0x816 .\CortexM3\ARM_GCC_541\Debug\ZumoBot.a(CyLib.o)
 .debug_line    0x00002d2b      0x364 .\CortexM3\ARM_GCC_541\Debug\ZumoBot.a(cyPm.o)
 .debug_line    0x0000308f       0x99 .\CortexM3\ARM_GCC_541\Debug\ZumoBot.a(MotorDirLeft.o)
 .debug_line    0x00003128       0x9a .\CortexM3\ARM_GCC_541\Debug\ZumoBot.a(MotorDirRight.o)
 .debug_line    0x000031c2       0x93 .\CortexM3\ARM_GCC_541\Debug\ZumoBot.a(IR_led.o)
 .debug_line    0x00003255      0x137 .\CortexM3\ARM_GCC_541\Debug\ZumoBot.a(sensor_isr.o)
 .debug_line    0x0000338c      0x2c0 .\CortexM3\ARM_GCC_541\Debug\ZumoBot.a(UART_1.o)
 .debug_line    0x0000364c      0x222 .\CortexM3\ARM_GCC_541\Debug\ZumoBot.a(ADC_Battery.o)
 .debug_line    0x0000386e       0x58 .\CortexM3\ARM_GCC_541\Debug\ZumoBot.a(ADC_Battery_INT.o)
 .debug_line    0x000038c6       0x97 .\CortexM3\ARM_GCC_541\Debug\ZumoBot.a(BatteryLed.o)
 .debug_line    0x0000395d       0x98 .\CortexM3\ARM_GCC_541\Debug\ZumoBot.a(IR_receiver.o)
 .debug_line    0x000039f5       0x91 .\CortexM3\ARM_GCC_541\Debug\ZumoBot.a(Trig.o)
 .debug_line    0x00003a86      0x159 .\CortexM3\ARM_GCC_541\Debug\ZumoBot.a(Timer.o)
 .debug_line    0x00003bdf       0x91 .\CortexM3\ARM_GCC_541\Debug\ZumoBot.a(Echo.o)
 .debug_line    0x00003c70      0x136 .\CortexM3\ARM_GCC_541\Debug\ZumoBot.a(ultra_isr.o)
 .debug_line    0x00003da6      0x17e .\CortexM3\ARM_GCC_541\Debug\ZumoBot.a(UART_1_IntClock.o)
 .debug_line    0x00003f24      0x182 .\CortexM3\ARM_GCC_541\Debug\ZumoBot.a(ADC_Battery_theACLK.o)
 .debug_line    0x000040a6      0x13f .\CortexM3\ARM_GCC_541\Debug\ZumoBot.a(Buzzer_PWM.o)
 .debug_line    0x000041e5       0x8f .\CortexM3\ARM_GCC_541\Debug\ZumoBot.a(L3.o)
 .debug_line    0x00004274      0x156 .\CortexM3\ARM_GCC_541\Debug\ZumoBot.a(Timer_L3.o)
 .debug_line    0x000043ca      0x156 .\CortexM3\ARM_GCC_541\Debug\ZumoBot.a(Timer_R3.o)
 .debug_line    0x00004520      0x156 .\CortexM3\ARM_GCC_541\Debug\ZumoBot.a(Timer_R1.o)
 .debug_line    0x00004676       0x8f .\CortexM3\ARM_GCC_541\Debug\ZumoBot.a(R1.o)
 .debug_line    0x00004705       0x8f .\CortexM3\ARM_GCC_541\Debug\ZumoBot.a(R3.o)
 .debug_line    0x00004794      0x156 .\CortexM3\ARM_GCC_541\Debug\ZumoBot.a(Timer_L1.o)
 .debug_line    0x000048ea       0x8f .\CortexM3\ARM_GCC_541\Debug\ZumoBot.a(L1.o)
 .debug_line    0x00004979       0x90 .\CortexM3\ARM_GCC_541\Debug\ZumoBot.a(SW1.o)
 .debug_line    0x00004a09       0x66 .\CortexM3\ARM_GCC_541\Debug\ZumoBot.a(CyBootAsmGnu.o)
 .debug_line    0x00004a6f      0x1e9 .\CortexM3\ARM_GCC_541\Debug\ZumoBot.a(CyFlash.o)
 .debug_line    0x00004c58      0x23c .\CortexM3\ARM_GCC_541\Debug\ZumoBot.a(CySpc.o)

.debug_frame    0x00000000     0x3ccc
 *(.debug_frame)
 .debug_frame   0x00000000       0xa8 .\CortexM3\ARM_GCC_541\Debug\main.o
 .debug_frame   0x000000a8       0x38 .\CortexM3\ARM_GCC_541\Debug\Accel.o
 .debug_frame   0x000000e0       0x3c .\CortexM3\ARM_GCC_541\Debug\Ambient.o
 .debug_frame   0x0000011c       0x2c .\CortexM3\ARM_GCC_541\Debug\Gyro.o
 .debug_frame   0x00000148       0x64 .\CortexM3\ARM_GCC_541\Debug\I2C_made.o
 .debug_frame   0x000001ac       0xa4 .\CortexM3\ARM_GCC_541\Debug\IR.o
 .debug_frame   0x00000250       0x2c .\CortexM3\ARM_GCC_541\Debug\Magnet.o
 .debug_frame   0x0000027c       0xe8 .\CortexM3\ARM_GCC_541\Debug\Motor.o
 .debug_frame   0x00000364       0x70 .\CortexM3\ARM_GCC_541\Debug\Nunchuk.o
 .debug_frame   0x000003d4       0x90 .\CortexM3\ARM_GCC_541\Debug\Reflectance.o
 .debug_frame   0x00000464       0x74 .\CortexM3\ARM_GCC_541\Debug\Ultra.o
 .debug_frame   0x000004d8       0x30 .\CortexM3\ARM_GCC_541\Debug\Beep.o
 .debug_frame   0x00000508       0x48 .\CortexM3\ARM_GCC_541\Debug\Drive.o
 .debug_frame   0x00000550       0xfc .\CortexM3\ARM_GCC_541\Debug\cyfitter_cfg.o
 .debug_frame   0x0000064c       0xb8 .\CortexM3\ARM_GCC_541\Debug\Cm3Start.o
 .debug_frame   0x00000704      0x154 .\CortexM3\ARM_GCC_541\Debug\ZumoBot.a(PWM.o)
 .debug_frame   0x00000858       0x94 .\CortexM3\ARM_GCC_541\Debug\ZumoBot.a(I2C.o)
 .debug_frame   0x000008ec       0x30 .\CortexM3\ARM_GCC_541\Debug\ZumoBot.a(I2C_INT.o)