Archive member included to satisfy reference by file (symbol)

.\CortexM3\ARM_GCC_541\Debug\ZumoBot.a(PWM.o)
                              .\CortexM3\ARM_GCC_541\Debug\Motor.o (PWM_Stop)
.\CortexM3\ARM_GCC_541\Debug\ZumoBot.a(I2C.o)
                              .\CortexM3\ARM_GCC_541\Debug\Nunchuk.o (I2C_Start)
.\CortexM3\ARM_GCC_541\Debug\ZumoBot.a(I2C_INT.o)
                              .\CortexM3\ARM_GCC_541\Debug\ZumoBot.a(I2C.o) (I2C_ISR)
.\CortexM3\ARM_GCC_541\Debug\ZumoBot.a(I2C_PM.o)
                              .\CortexM3\ARM_GCC_541\Debug\ZumoBot.a(I2C.o) (I2C_backup)
.\CortexM3\ARM_GCC_541\Debug\ZumoBot.a(I2C_MASTER.o)
                              .\CortexM3\ARM_GCC_541\Debug\I2C_made.o (I2C_MasterWriteBuf)
.\CortexM3\ARM_GCC_541\Debug\ZumoBot.a(CyLib.o)
                              .\CortexM3\ARM_GCC_541\Debug\Cm3Start.o (CyHalt)
.\CortexM3\ARM_GCC_541\Debug\ZumoBot.a(cyPm.o)
                              .\CortexM3\ARM_GCC_541\Debug\ZumoBot.a(CyLib.o) (CyPmReadStatus)
.\CortexM3\ARM_GCC_541\Debug\ZumoBot.a(MotorDirLeft.o)
                              .\CortexM3\ARM_GCC_541\Debug\Motor.o (MotorDirLeft_Write)
.\CortexM3\ARM_GCC_541\Debug\ZumoBot.a(MotorDirRight.o)
                              .\CortexM3\ARM_GCC_541\Debug\Motor.o (MotorDirRight_Write)
.\CortexM3\ARM_GCC_541\Debug\ZumoBot.a(IR_led.o)
                              .\CortexM3\ARM_GCC_541\Debug\main.o (IR_led_Write)
.\CortexM3\ARM_GCC_541\Debug\ZumoBot.a(sensor_isr.o)
                              .\CortexM3\ARM_GCC_541\Debug\main.o (sensor_isr_StartEx)
.\CortexM3\ARM_GCC_541\Debug\ZumoBot.a(UART_1.o)
                              .\CortexM3\ARM_GCC_541\Debug\main.o (UART_1_Start)
.\CortexM3\ARM_GCC_541\Debug\ZumoBot.a(ADC_Battery.o)
                              .\CortexM3\ARM_GCC_541\Debug\main.o (ADC_Battery_Start)
.\CortexM3\ARM_GCC_541\Debug\ZumoBot.a(ADC_Battery_INT.o)
                              .\CortexM3\ARM_GCC_541\Debug\ZumoBot.a(ADC_Battery.o) (ADC_Battery_ISR)
.\CortexM3\ARM_GCC_541\Debug\ZumoBot.a(BatteryLed.o)
                              .\CortexM3\ARM_GCC_541\Debug\main.o (BatteryLed_Write)
.\CortexM3\ARM_GCC_541\Debug\ZumoBot.a(IR_receiver.o)
                              .\CortexM3\ARM_GCC_541\Debug\IR.o (IR_receiver_Read)
.\CortexM3\ARM_GCC_541\Debug\ZumoBot.a(Trig.o)
                              .\CortexM3\ARM_GCC_541\Debug\Ultra.o (Trig_Write)
.\CortexM3\ARM_GCC_541\Debug\ZumoBot.a(Timer.o)
                              .\CortexM3\ARM_GCC_541\Debug\Ultra.o (Timer_Stop)
.\CortexM3\ARM_GCC_541\Debug\ZumoBot.a(Echo.o)
                              .\CortexM3\ARM_GCC_541\Debug\Ultra.o (Echo_Read)
.\CortexM3\ARM_GCC_541\Debug\ZumoBot.a(ultra_isr.o)
                              .\CortexM3\ARM_GCC_541\Debug\Ultra.o (ultra_isr_StartEx)
.\CortexM3\ARM_GCC_541\Debug\ZumoBot.a(UART_1_IntClock.o)
                              .\CortexM3\ARM_GCC_541\Debug\ZumoBot.a(UART_1.o) (UART_1_IntClock_Start)
.\CortexM3\ARM_GCC_541\Debug\ZumoBot.a(ADC_Battery_theACLK.o)
                              .\CortexM3\ARM_GCC_541\Debug\ZumoBot.a(ADC_Battery.o) (ADC_Battery_theACLK_SetModeRegister)
.\CortexM3\ARM_GCC_541\Debug\ZumoBot.a(Buzzer_PWM.o)
                              .\CortexM3\ARM_GCC_541\Debug\Beep.o (Buzzer_PWM_Stop)
.\CortexM3\ARM_GCC_541\Debug\ZumoBot.a(L3.o)
                              .\CortexM3\ARM_GCC_541\Debug\Reflectance.o (L3_Write)
.\CortexM3\ARM_GCC_541\Debug\ZumoBot.a(Timer_L3.o)
                              .\CortexM3\ARM_GCC_541\Debug\Reflectance.o (Timer_L3_ReadStatusRegister)
.\CortexM3\ARM_GCC_541\Debug\ZumoBot.a(Timer_R3.o)
                              .\CortexM3\ARM_GCC_541\Debug\Reflectance.o (Timer_R3_ReadStatusRegister)
.\CortexM3\ARM_GCC_541\Debug\ZumoBot.a(Timer_R1.o)
                              .\CortexM3\ARM_GCC_541\Debug\Reflectance.o (Timer_R1_ReadStatusRegister)
.\CortexM3\ARM_GCC_541\Debug\ZumoBot.a(R1.o)
                              .\CortexM3\ARM_GCC_541\Debug\Reflectance.o (R1_Write)
.\CortexM3\ARM_GCC_541\Debug\ZumoBot.a(R3.o)
                              .\CortexM3\ARM_GCC_541\Debug\Reflectance.o (R3_Write)
.\CortexM3\ARM_GCC_541\Debug\ZumoBot.a(Timer_L1.o)
                              .\CortexM3\ARM_GCC_541\Debug\Reflectance.o (Timer_L1_ReadStatusRegister)
.\CortexM3\ARM_GCC_541\Debug\ZumoBot.a(L1.o)
                              .\CortexM3\ARM_GCC_541\Debug\Reflectance.o (L1_Write)
.\CortexM3\ARM_GCC_541\Debug\ZumoBot.a(SW1.o)
                              .\CortexM3\ARM_GCC_541\Debug\main.o (SW1_Read)
.\CortexM3\ARM_GCC_541\Debug\ZumoBot.a(CyBootAsmGnu.o)
                              .\CortexM3\ARM_GCC_541\Debug\cyfitter_cfg.o (CyDelayCycles)
.\CortexM3\ARM_GCC_541\Debug\ZumoBot.a(CyFlash.o)
                              .\CortexM3\ARM_GCC_541\Debug\ZumoBot.a(cyPm.o) (CyFlash_SetWaitCycles)
.\CortexM3\ARM_GCC_541\Debug\ZumoBot.a(CySpc.o)
                              .\CortexM3\ARM_GCC_541\Debug\ZumoBot.a(CyFlash.o) (CySpcStart)
[...]
Memory Configuration

Name             Origin             Length             Attributes
rom              0x00000000         0x00040000         xr
ram              0x1fff8000         0x00010000         xrw
*default*        0x00000000         0xffffffff

Linker script and memory map

LOAD c:/program files (x86)/cypress/psoc creator/4.1/psoc creator/import/gnu/arm/5.4.1/bin/../lib/gcc/arm-none-eabi/5.4.1/armv7-m/crti.o
LOAD c:/program files (x86)/cypress/psoc creator/4.1/psoc creator/import/gnu/arm/5.4.1/bin/../lib/gcc/arm-none-eabi/5.4.1/armv7-m/crtbegin.o
LOAD c:/program files (x86)/cypress/psoc creator/4.1/psoc creator/import/gnu/arm/5.4.1/bin/../lib/gcc/arm-none-eabi/5.4.1/../../../../arm-none-eabi/lib/armv7-m/crt0.o
START GROUP
LOAD .\CortexM3\ARM_GCC_541\Debug\main.o
LOAD .\CortexM3\ARM_GCC_541\Debug\Accel.o
LOAD .\CortexM3\ARM_GCC_541\Debug\Ambient.o
LOAD .\CortexM3\ARM_GCC_541\Debug\Gyro.o
LOAD .\CortexM3\ARM_GCC_541\Debug\I2C_made.o
LOAD .\CortexM3\ARM_GCC_541\Debug\IR.o
LOAD .\CortexM3\ARM_GCC_541\Debug\Magnet.o
LOAD .\CortexM3\ARM_GCC_541\Debug\Motor.o
LOAD .\CortexM3\ARM_GCC_541\Debug\Nunchuk.o
LOAD .\CortexM3\ARM_GCC_541\Debug\Reflectance.o
LOAD .\CortexM3\ARM_GCC_541\Debug\Ultra.o
LOAD .\CortexM3\ARM_GCC_541\Debug\Beep.o
LOAD .\CortexM3\ARM_GCC_541\Debug\Drive.o
LOAD .\CortexM3\ARM_GCC_541\Debug\cyfitter_cfg.o
LOAD .\CortexM3\ARM_GCC_541\Debug\cymetadata.o
LOAD .\CortexM3\ARM_GCC_541\Debug\Cm3Start.o
LOAD .\CortexM3\ARM_GCC_541\Debug\ZumoBot.a
LOAD C:\Program Files (x86)\Cypress\PSoC Creator\4.1\PSoC Creator\psoc\content\cycomponentlibrary\CyComponentLibrary.cylib\CortexM3\ARM_GCC_541\Debug\CyComponentLibrary.a
LOAD c:/program files (x86)/cypress/psoc creator/4.1/psoc creator/import/gnu/arm/5.4.1/bin/../lib/gcc/arm-none-eabi/5.4.1/../../../../arm-none-eabi/lib/armv7-m\libm.a
END GROUP
START GROUP
LOAD c:/program files (x86)/cypress/psoc creator/4.1/psoc creator/import/gnu/arm/5.4.1/bin/../lib/gcc/arm-none-eabi/5.4.1/armv7-m\libgcc.a
LOAD c:/program files (x86)/cypress/psoc creator/4.1/psoc creator/import/gnu/arm/5.4.1/bin/../lib/gcc/arm-none-eabi/5.4.1/../../../../arm-none-eabi/lib/armv7-m\libg.a
LOAD c:/program files (x86)/cypress/psoc creator/4.1/psoc creator/import/gnu/arm/5.4.1/bin/../lib/gcc/arm-none-eabi/5.4.1/../../../../arm-none-eabi/lib/armv7-m\libc.a
END GROUP
LOAD c:/program files (x86)/cypress/psoc creator/4.1/psoc creator/import/gnu/arm/5.4.1/bin/../lib/gcc/arm-none-eabi/5.4.1/armv7-m/crtend.o
LOAD c:/program files (x86)/cypress/psoc creator/4.1/psoc creator/import/gnu/arm/5.4.1/bin/../lib/gcc/arm-none-eabi/5.4.1/armv7-m/crtn.o
START GROUP
LOAD c:/program files (x86)/cypress/psoc creator/4.1/psoc creator/import/gnu/arm/5.4.1/bin/../lib/gcc/arm-none-eabi/5.4.1/armv7-m\libgcc.a
LOAD c:/program files (x86)/cypress/psoc creator/4.1/psoc creator/import/gnu/arm/5.4.1/bin/../lib/gcc/arm-none-eabi/5.4.1/../../../../arm-none-eabi/lib/armv7-m\libc.a
LOAD c:/program files (x86)/cypress/psoc creator/4.1/psoc creator/import/gnu/arm/5.4.1/bin/../lib/gcc/arm-none-eabi/5.4.1/../../../../arm-none-eabi/lib/armv7-m\libnosys.a
END GROUP
                0x00000000                CY_APPL_ORIGIN = 0x0
                0x00000100                CY_FLASH_ROW_SIZE = 0x100
                0x00000020                CY_ECC_ROW_SIZE = 0x20
                0x00000000                CY_EE_IN_BTLDR = 0x0
                0x00000000                CY_APPL_LOADABLE = 0x0
                0x00000800                CY_EE_SIZE = 0x800
                0x00000001                CY_APPL_NUM = 0x1
                0x00000001                CY_APPL_MAX = 0x1
                0x00000040                CY_METADATA_SIZE = 0x40
                0x00000000                CY_APPL_LOADABLE = 0x0
                0x00000000                CY_CHECKSUM_EXCLUDE_SIZE = ALIGN (0x0, CY_FLASH_ROW_SIZE)
                [!provide]                PROVIDE (__cy_heap_start, _end)
                0x00000001                PROVIDE (__cy_region_num, ((__cy_regions_end - __cy_regions) / 0x10))
                0x20008000                PROVIDE (__cy_stack, (ORIGIN (ram) + LENGTH (ram)))
                [!provide]                PROVIDE (__cy_heap_end, (__cy_stack - 0x800))

.cybootloader   0x00000000        0x0
 *(.cybootloader)
                0x00000000                appl1_start = CY_APPL_ORIGIN?CY_APPL_ORIGIN:ALIGN (CY_FLASH_ROW_SIZE)
                0x0001ff00                appl2_start = (appl1_start + ALIGN ((((LENGTH (rom) - appl1_start) - (0x2 * CY_FLASH_ROW_SIZE)) / 0x2), CY_FLASH_ROW_SIZE))
                0x00000000                appl_start = (CY_APPL_NUM == 0x1)?appl1_start:appl2_start
                0x00000000                ecc_offset = ((appl_start / CY_FLASH_ROW_SIZE) * CY_ECC_ROW_SIZE)
                0x00000000                ee_offset = (CY_APPL_LOADABLE && ! (CY_EE_IN_BTLDR))?((CY_EE_SIZE / CY_APPL_MAX) * (CY_APPL_NUM - 0x1)):0x0
                0x00000800                ee_size = (CY_APPL_LOADABLE && ! (CY_EE_IN_BTLDR))?(CY_EE_SIZE / CY_APPL_MAX):CY_EE_SIZE
                [!provide]                PROVIDE (CY_ECC_OFFSET, ecc_offset)

.text           0x00000000     0x73f8
 CREATE_OBJECT_SYMBOLS
                0x00000000                PROVIDE (__cy_interrupt_vector, RomVectors)
 *(.romvectors)
 .romvectors    0x00000000       0x10 .\CortexM3\ARM_GCC_541\Debug\Cm3Start.o
                0x00000000                RomVectors
                0x00000001                ASSERT ((. != __cy_interrupt_vector), No interrupt vector)
                0x00000001                ASSERT (CY_APPL_ORIGIN?(SIZEOF (.cybootloader) <= CY_APPL_ORIGIN):0x1, Wrong image location)
                0x00000010                PROVIDE (__cy_reset, Reset)
 *(.text.Reset)
 .text.Reset    0x00000010       0x18 .\CortexM3\ARM_GCC_541\Debug\Cm3Start.o
                0x00000010                Reset
                0x00000001                ASSERT ((. != __cy_reset), No reset code)
 *(.dma_init)
                0x00000001                ASSERT ((((appl_start + .) <= 0x10000) || 0x1), DMA Init must be within the first 64k of flash)
 *(.text .text.* .gnu.linkonce.t.*)
 .text          0x00000028       0x5c c:/program files (x86)/cypress/psoc creator/4.1/psoc creator/import/gnu/arm/5.4.1/bin/../lib/gcc/arm-none-eabi/5.4.1/armv7-m/crtbegin.o
 .text.checkBat
                0x00000084       0x40 .\CortexM3\ARM_GCC_541\Debug\main.o
                0x00000084                checkBat
 .text.main     0x000000c4      0x254 .\CortexM3\ARM_GCC_541\Debug\main.o
                0x000000c4                main
 .text._write   0x00000318       0x2c .\CortexM3\ARM_GCC_541\Debug\main.o
                0x00000318                _write
 .text._read    0x00000344       0x38 .\CortexM3\ARM_GCC_541\Debug\main.o
                0x00000344                _read
 .text.motor_start
                0x0000037c        0x8 .\CortexM3\ARM_GCC_541\Debug\Motor.o
                0x0000037c                motor_start
 .text.motor_stop
                0x00000384        0x8 .\CortexM3\ARM_GCC_541\Debug\Motor.o
                0x00000384                motor_stop
 .text.motor_forward
                0x0000038c       0x28 .\CortexM3\ARM_GCC_541\Debug\Motor.o
                0x0000038c                motor_forward
 .text.motor_turn
                0x000003b4       0x28 .\CortexM3\ARM_GCC_541\Debug\Motor.o
                0x000003b4                motor_turn
 .text.motor_sharp_turn
                0x000003dc       0x28 .\CortexM3\ARM_GCC_541\Debug\Motor.o
                0x000003dc                motor_sharp_turn
 .text.sensor_isr_handler
                0x00000404      0x108 .\CortexM3\ARM_GCC_541\Debug\Reflectance.o
                0x00000404                sensor_isr_handler
 .text.reflectance_start
                0x0000050c       0x20 .\CortexM3\ARM_GCC_541\Debug\Reflectance.o
                0x0000050c                reflectance_start
 .text.reflectance_read
                0x0000052c       0x10 .\CortexM3\ARM_GCC_541\Debug\Reflectance.o
                0x0000052c                reflectance_read
 .text.reflectance_digital
                0x0000053c       0x6c .\CortexM3\ARM_GCC_541\Debug\Reflectance.o
                0x0000053c                reflectance_digital
 .text.reflectance_set_threshold
                0x000005a8       0x14 .\CortexM3\ARM_GCC_541\Debug\Reflectance.o
                0x000005a8                reflectance_set_threshold
 .text.Beep     0x000005bc       0x24 .\CortexM3\ARM_GCC_541\Debug\Beep.o
                0x000005bc                Beep
 .text.Drive    0x000005e0      0x210 .\CortexM3\ARM_GCC_541\Debug\Drive.o
                0x000005e0                Drive
 .text.CyClockStartupError
                0x000007f0        0x4 .\CortexM3\ARM_GCC_541\Debug\cyfitter_cfg.o
 .text.cfg_write_bytes32
                0x000007f4       0x34 .\CortexM3\ARM_GCC_541\Debug\cyfitter_cfg.o
 .text.CYMEMZERO
                0x00000828        0xc .\CortexM3\ARM_GCC_541\Debug\cyfitter_cfg.o
 .text.ClockSetup
                0x00000834       0xf0 .\CortexM3\ARM_GCC_541\Debug\cyfitter_cfg.o
 .text.AnalogSetDefault
                0x00000924       0x80 .\CortexM3\ARM_GCC_541\Debug\cyfitter_cfg.o
 .text.CYCONFIGCPY
                0x000009a4        0x8 .\CortexM3\ARM_GCC_541\Debug\cyfitter_cfg.o
 .text.cyfitter_cfg
                0x000009ac      0x144 .\CortexM3\ARM_GCC_541\Debug\cyfitter_cfg.o
                0x000009ac                cyfitter_cfg
 .text.IntDefaultHandler
                0x00000af0       0x10 .\CortexM3\ARM_GCC_541\Debug\Cm3Start.o
                0x00000af0                IntDefaultHandler
 .text._sbrk    0x00000b00       0x30 .\CortexM3\ARM_GCC_541\Debug\Cm3Start.o
                0x00000b00                _sbrk
 .text.Start_c  0x00000b30       0x4c .\CortexM3\ARM_GCC_541\Debug\Cm3Start.o
                0x00000b30                Start_c
 .text.initialize_psoc
                0x00000b7c       0x68 .\CortexM3\ARM_GCC_541\Debug\Cm3Start.o
                0x00000b7c                initialize_psoc
 .text.PWM_Enable
                0x00000be4       0x10 .\CortexM3\ARM_GCC_541\Debug\ZumoBot.a(PWM.o)
                0x00000be4                PWM_Enable
 .text.PWM_Stop
                0x00000bf4       0x10 .\CortexM3\ARM_GCC_541\Debug\ZumoBot.a(PWM.o)
                0x00000bf4                PWM_Stop
 .text.PWM_WriteCounter
                0x00000c04        0xc .\CortexM3\ARM_GCC_541\Debug\ZumoBot.a(PWM.o)
                0x00000c04                PWM_WriteCounter
 .text.PWM_WritePeriod
                0x00000c10        0xc .\CortexM3\ARM_GCC_541\Debug\ZumoBot.a(PWM.o)
                0x00000c10                PWM_WritePeriod
 .text.PWM_WriteCompare1
                0x00000c1c        0xc .\CortexM3\ARM_GCC_541\Debug\ZumoBot.a(PWM.o)
                0x00000c1c                PWM_WriteCompare1
 .text.PWM_WriteCompare2
                0x00000c28        0xc .\CortexM3\ARM_GCC_541\Debug\ZumoBot.a(PWM.o)
                0x00000c28                PWM_WriteCompare2
 .text.PWM_SetInterruptMode
                0x00000c34        0xc .\CortexM3\ARM_GCC_541\Debug\ZumoBot.a(PWM.o)
                0x00000c34                PWM_SetInterruptMode
 .text.PWM_ReadStatusRegister
                0x00000c40        0xc .\CortexM3\ARM_GCC_541\Debug\ZumoBot.a(PWM.o)
                0x00000c40                PWM_ReadStatusRegister
 .text.PWM_ReadCapture
                0x00000c4c        0xc .\CortexM3\ARM_GCC_541\Debug\ZumoBot.a(PWM.o)
                0x00000c4c                PWM_ReadCapture
 .text.PWM_ClearFIFO
                0x00000c58       0x14 .\CortexM3\ARM_GCC_541\Debug\ZumoBot.a(PWM.o)
                0x00000c58                PWM_ClearFIFO
 .text.PWM_Init
                0x00000c6c       0x58 .\CortexM3\ARM_GCC_541\Debug\ZumoBot.a(PWM.o)
                0x00000c6c                PWM_Init
 .text.PWM_Start
                0x00000cc4       0x1c .\CortexM3\ARM_GCC_541\Debug\ZumoBot.a(PWM.o)
                0x00000cc4                PWM_Start
 .text.CyHalt   0x00000ce0        0x4 .\CortexM3\ARM_GCC_541\Debug\ZumoBot.a(CyLib.o)
                0x00000ce0                CyHalt
 .text.CyDelay  0x00000ce4       0x2c .\CortexM3\ARM_GCC_541\Debug\ZumoBot.a(CyLib.o)
                0x00000ce4                CyDelay
 .text.CyDelayUs
                0x00000d10       0x14 .\CortexM3\ARM_GCC_541\Debug\ZumoBot.a(CyLib.o)
                0x00000d10                CyDelayUs
 .text.CyIntSetVector
                0x00000d24       0x28 .\CortexM3\ARM_GCC_541\Debug\ZumoBot.a(CyLib.o)
                0x00000d24                CyIntSetVector
 .text.CyIntSetPriority
                0x00000d4c       0x30 .\CortexM3\ARM_GCC_541\Debug\ZumoBot.a(CyLib.o)
                0x00000d4c                CyIntSetPriority
 .text.MotorDirLeft_Write
                0x00000d7c       0x18 .\CortexM3\ARM_GCC_541\Debug\ZumoBot.a(MotorDirLeft.o)
                0x00000d7c                MotorDirLeft_Write
 .text.MotorDirRight_Write
                0x00000d94       0x18 .\CortexM3\ARM_GCC_541\Debug\ZumoBot.a(MotorDirRight.o)
                0x00000d94                MotorDirRight_Write
 .text.IR_led_Write
                0x00000dac       0x18 .\CortexM3\ARM_GCC_541\Debug\ZumoBot.a(IR_led.o)
                0x00000dac                IR_led_Write
 .text.sensor_isr_SetVector
                0x00000dc4        0xc .\CortexM3\ARM_GCC_541\Debug\ZumoBot.a(sensor_isr.o)
                0x00000dc4                sensor_isr_SetVector
 .text.sensor_isr_SetPriority
                0x00000dd0       0x10 .\CortexM3\ARM_GCC_541\Debug\ZumoBot.a(sensor_isr.o)
                0x00000dd0                sensor_isr_SetPriority
 .text.sensor_isr_Enable
                0x00000de0        0xc .\CortexM3\ARM_GCC_541\Debug\ZumoBot.a(sensor_isr.o)
                0x00000de0                sensor_isr_Enable
 .text.sensor_isr_Disable
                0x00000dec        0xc .\CortexM3\ARM_GCC_541\Debug\ZumoBot.a(sensor_isr.o)
                0x00000dec                sensor_isr_Disable
 .text.sensor_isr_StartEx
                0x00000df8       0x1c .\CortexM3\ARM_GCC_541\Debug\ZumoBot.a(sensor_isr.o)
                0x00000df8                sensor_isr_StartEx
 .text.UART_1_Init
                0x00000e14       0x28 .\CortexM3\ARM_GCC_541\Debug\ZumoBot.a(UART_1.o)
                0x00000e14                UART_1_Init
 .text.UART_1_Enable
                0x00000e3c       0x38 .\CortexM3\ARM_GCC_541\Debug\ZumoBot.a(UART_1.o)
                0x00000e3c                UART_1_Enable
 .text.UART_1_Start
                0x00000e74       0x1c .\CortexM3\ARM_GCC_541\Debug\ZumoBot.a(UART_1.o)
                0x00000e74                UART_1_Start
 .text.UART_1_GetChar
                0x00000e90       0x2c .\CortexM3\ARM_GCC_541\Debug\ZumoBot.a(UART_1.o)
                0x00000e90                UART_1_GetChar
 .text.UART_1_PutChar
                0x00000ebc       0x18 .\CortexM3\ARM_GCC_541\Debug\ZumoBot.a(UART_1.o)
                0x00000ebc                UART_1_PutChar
 .text.ADC_Battery_CalcGain
                0x00000ed4       0x64 .\CortexM3\ARM_GCC_541\Debug\ZumoBot.a(ADC_Battery.o)
 .text.ADC_Battery_Enable
                0x00000f38       0x94 .\CortexM3\ARM_GCC_541\Debug\ZumoBot.a(ADC_Battery.o)
                0x00000f38                ADC_Battery_Enable
 .text.ADC_Battery_SetResolution
                0x00000fcc       0x38 .\CortexM3\ARM_GCC_541\Debug\ZumoBot.a(ADC_Battery.o)
                0x00000fcc                ADC_Battery_SetResolution
 .text.ADC_Battery_Init
                0x00001004       0x3c .\CortexM3\ARM_GCC_541\Debug\ZumoBot.a(ADC_Battery.o)
                0x00001004                ADC_Battery_Init
 .text.ADC_Battery_Start
                0x00001040       0x1c .\CortexM3\ARM_GCC_541\Debug\ZumoBot.a(ADC_Battery.o)
                0x00001040                ADC_Battery_Start
 .text.ADC_Battery_StartConvert
                0x0000105c       0x10 .\CortexM3\ARM_GCC_541\Debug\ZumoBot.a(ADC_Battery.o)
                0x0000105c                ADC_Battery_StartConvert
 .text.ADC_Battery_IsEndConversion
                0x0000106c       0x24 .\CortexM3\ARM_GCC_541\Debug\ZumoBot.a(ADC_Battery.o)
                0x0000106c                ADC_Battery_IsEndConversion
 .text.ADC_Battery_GetResult16
                0x00001090       0x18 .\CortexM3\ARM_GCC_541\Debug\ZumoBot.a(ADC_Battery.o)
                0x00001090                ADC_Battery_GetResult16
 .text.ADC_Battery_CountsTo_Volts
                0x000010a8       0x50 .\CortexM3\ARM_GCC_541\Debug\ZumoBot.a(ADC_Battery.o)
                0x000010a8                ADC_Battery_CountsTo_Volts
 .text.ADC_Battery_ISR
                0x000010f8        0x4 .\CortexM3\ARM_GCC_541\Debug\ZumoBot.a(ADC_Battery_INT.o)
                0x000010f8                ADC_Battery_ISR
 .text.BatteryLed_Write
                0x000010fc       0x18 .\CortexM3\ARM_GCC_541\Debug\ZumoBot.a(BatteryLed.o)
                0x000010fc                BatteryLed_Write
 .text.UART_1_IntClock_Start
                0x00001114       0x1c .\CortexM3\ARM_GCC_541\Debug\ZumoBot.a(UART_1_IntClock.o)
                0x00001114                UART_1_IntClock_Start
 .text.ADC_Battery_theACLK_SetModeRegister
                0x00001130       0x14 .\CortexM3\ARM_GCC_541\Debug\ZumoBot.a(ADC_Battery_theACLK.o)
                0x00001130                ADC_Battery_theACLK_SetModeRegister
 .text.Buzzer_PWM_Enable
                0x00001144       0x10 .\CortexM3\ARM_GCC_541\Debug\ZumoBot.a(Buzzer_PWM.o)
                0x00001144                Buzzer_PWM_Enable
 .text.Buzzer_PWM_Stop
                0x00001154       0x10 .\CortexM3\ARM_GCC_541\Debug\ZumoBot.a(Buzzer_PWM.o)
                0x00001154                Buzzer_PWM_Stop
 .text.Buzzer_PWM_WriteCounter
                0x00001164        0xc .\CortexM3\ARM_GCC_541\Debug\ZumoBot.a(Buzzer_PWM.o)
                0x00001164                Buzzer_PWM_WriteCounter
 .text.Buzzer_PWM_WritePeriod
                0x00001170        0xc .\CortexM3\ARM_GCC_541\Debug\ZumoBot.a(Buzzer_PWM.o)
                0x00001170                Buzzer_PWM_WritePeriod
 .text.Buzzer_PWM_WriteCompare
                0x0000117c        0xc .\CortexM3\ARM_GCC_541\Debug\ZumoBot.a(Buzzer_PWM.o)
                0x0000117c                Buzzer_PWM_WriteCompare
 .text.Buzzer_PWM_Init
                0x00001188       0x34 .\CortexM3\ARM_GCC_541\Debug\ZumoBot.a(Buzzer_PWM.o)
                0x00001188                Buzzer_PWM_Init
 .text.Buzzer_PWM_Start
                0x000011bc       0x1c .\CortexM3\ARM_GCC_541\Debug\ZumoBot.a(Buzzer_PWM.o)
                0x000011bc                Buzzer_PWM_Start
 .text.L3_Write
                0x000011d8       0x18 .\CortexM3\ARM_GCC_541\Debug\ZumoBot.a(L3.o)
                0x000011d8                L3_Write
 .text.L3_SetDriveMode
                0x000011f0       0x18 .\CortexM3\ARM_GCC_541\Debug\ZumoBot.a(L3.o)
                0x000011f0                L3_SetDriveMode
 .text.Timer_L3_Enable
                0x00001208       0x28 .\CortexM3\ARM_GCC_541\Debug\ZumoBot.a(Timer_L3.o)
                0x00001208                Timer_L3_Enable
 .text.Timer_L3_SetInterruptMode
                0x00001230        0xc .\CortexM3\ARM_GCC_541\Debug\ZumoBot.a(Timer_L3.o)
                0x00001230                Timer_L3_SetInterruptMode
 .text.Timer_L3_ReadStatusRegister
                0x0000123c        0xc .\CortexM3\ARM_GCC_541\Debug\ZumoBot.a(Timer_L3.o)
                0x0000123c                Timer_L3_ReadStatusRegister
 .text.Timer_L3_ReadPeriod
                0x00001248        0xc .\CortexM3\ARM_GCC_541\Debug\ZumoBot.a(Timer_L3.o)
                0x00001248                Timer_L3_ReadPeriod
 .text.Timer_L3_WritePeriod
                0x00001254        0xc .\CortexM3\ARM_GCC_541\Debug\ZumoBot.a(Timer_L3.o)
                0x00001254                Timer_L3_WritePeriod
 .text.Timer_L3_ReadCapture
                0x00001260        0xc .\CortexM3\ARM_GCC_541\Debug\ZumoBot.a(Timer_L3.o)
                0x00001260                Timer_L3_ReadCapture
 .text.Timer_L3_WriteCounter
                0x0000126c        0xc .\CortexM3\ARM_GCC_541\Debug\ZumoBot.a(Timer_L3.o)
                0x0000126c                Timer_L3_WriteCounter
 .text.Timer_L3_Init
                0x00001278       0x68 .\CortexM3\ARM_GCC_541\Debug\ZumoBot.a(Timer_L3.o)
                0x00001278                Timer_L3_Init
 .text.Timer_L3_Start
                0x000012e0       0x1c .\CortexM3\ARM_GCC_541\Debug\ZumoBot.a(Timer_L3.o)
                0x000012e0                Timer_L3_Start
 .text.Timer_R3_Enable
                0x000012fc       0x28 .\CortexM3\ARM_GCC_541\Debug\ZumoBot.a(Timer_R3.o)
                0x000012fc                Timer_R3_Enable
 .text.Timer_R3_SetInterruptMode
                0x00001324        0xc .\CortexM3\ARM_GCC_541\Debug\ZumoBot.a(Timer_R3.o)
                0x00001324                Timer_R3_SetInterruptMode
 .text.Timer_R3_ReadStatusRegister
                0x00001330        0xc .\CortexM3\ARM_GCC_541\Debug\ZumoBot.a(Timer_R3.o)
                0x00001330                Timer_R3_ReadStatusRegister
 .text.Timer_R3_ReadPeriod
                0x0000133c        0xc .\CortexM3\ARM_GCC_541\Debug\ZumoBot.a(Timer_R3.o)
                0x0000133c                Timer_R3_ReadPeriod
 .text.Timer_R3_WritePeriod
                0x00001348        0xc .\CortexM3\ARM_GCC_541\Debug\ZumoBot.a(Timer_R3.o)
                0x00001348                Timer_R3_WritePeriod
 .text.Timer_R3_ReadCapture
                0x00001354        0xc .\CortexM3\ARM_GCC_541\Debug\ZumoBot.a(Timer_R3.o)
                0x00001354                Timer_R3_ReadCapture
 .text.Timer_R3_WriteCounter
                0x00001360        0xc .\CortexM3\ARM_GCC_541\Debug\ZumoBot.a(Timer_R3.o)
                0x00001360                Timer_R3_WriteCounter
 .text.Timer_R3_Init
                0x0000136c       0x68 .\CortexM3\ARM_GCC_541\Debug\ZumoBot.a(Timer_R3.o)
                0x0000136c                Timer_R3_Init
 .text.Timer_R3_Start
                0x000013d4       0x1c .\CortexM3\ARM_GCC_541\Debug\ZumoBot.a(Timer_R3.o)
                0x000013d4                Timer_R3_Start
 .text.Timer_R1_Enable
                0x000013f0       0x28 .\CortexM3\ARM_GCC_541\Debug\ZumoBot.a(Timer_R1.o)
                0x000013f0                Timer_R1_Enable
 .text.Timer_R1_SetInterruptMode
                0x00001418        0xc .\CortexM3\ARM_GCC_541\Debug\ZumoBot.a(Timer_R1.o)
                0x00001418                Timer_R1_SetInterruptMode
 .text.Timer_R1_ReadStatusRegister
                0x00001424        0xc .\CortexM3\ARM_GCC_541\Debug\ZumoBot.a(Timer_R1.o)
                0x00001424                Timer_R1_ReadStatusRegister
 .text.Timer_R1_ReadPeriod
                0x00001430        0xc .\CortexM3\ARM_GCC_541\Debug\ZumoBot.a(Timer_R1.o)
                0x00001430                Timer_R1_ReadPeriod
 .text.Timer_R1_WritePeriod
                0x0000143c        0xc .\CortexM3\ARM_GCC_541\Debug\ZumoBot.a(Timer_R1.o)
                0x0000143c                Timer_R1_WritePeriod
 .text.Timer_R1_ReadCapture
                0x00001448        0xc .\CortexM3\ARM_GCC_541\Debug\ZumoBot.a(Timer_R1.o)
                0x00001448                Timer_R1_ReadCapture
 .text.Timer_R1_WriteCounter
                0x00001454        0xc .\CortexM3\ARM_GCC_541\Debug\ZumoBot.a(Timer_R1.o)
                0x00001454                Timer_R1_WriteCounter
 .text.Timer_R1_Init
                0x00001460       0x68 .\CortexM3\ARM_GCC_541\Debug\ZumoBot.a(Timer_R1.o)
                0x00001460                Timer_R1_Init
 .text.Timer_R1_Start
                0x000014c8       0x1c .\CortexM3\ARM_GCC_541\Debug\ZumoBot.a(Timer_R1.o)
                0x000014c8                Timer_R1_Start
 .text.R1_Write
                0x000014e4       0x18 .\CortexM3\ARM_GCC_541\Debug\ZumoBot.a(R1.o)
                0x000014e4                R1_Write
 .text.R1_SetDriveMode
                0x000014fc       0x18 .\CortexM3\ARM_GCC_541\Debug\ZumoBot.a(R1.o)
                0x000014fc                R1_SetDriveMode
 .text.R3_Write
                0x00001514       0x18 .\CortexM3\ARM_GCC_541\Debug\ZumoBot.a(R3.o)
                0x00001514                R3_Write
 .text.R3_SetDriveMode
                0x0000152c       0x18 .\CortexM3\ARM_GCC_541\Debug\ZumoBot.a(R3.o)
                0x0000152c                R3_SetDriveMode
 .text.Timer_L1_Enable
                0x00001544       0x28 .\CortexM3\ARM_GCC_541\Debug\ZumoBot.a(Timer_L1.o)
                0x00001544                Timer_L1_Enable
 .text.Timer_L1_SetInterruptMode
                0x0000156c        0xc .\CortexM3\ARM_GCC_541\Debug\ZumoBot.a(Timer_L1.o)
                0x0000156c                Timer_L1_SetInterruptMode
 .text.Timer_L1_ReadStatusRegister
                0x00001578        0xc .\CortexM3\ARM_GCC_541\Debug\ZumoBot.a(Timer_L1.o)
                0x00001578                Timer_L1_ReadStatusRegister
 .text.Timer_L1_ReadPeriod
                0x00001584        0xc .\CortexM3\ARM_GCC_541\Debug\ZumoBot.a(Timer_L1.o)
                0x00001584                Timer_L1_ReadPeriod
 .text.Timer_L1_WritePeriod
                0x00001590        0xc .\CortexM3\ARM_GCC_541\Debug\ZumoBot.a(Timer_L1.o)
                0x00001590                Timer_L1_WritePeriod
 .text.Timer_L1_ReadCapture
                0x0000159c        0xc .\CortexM3\ARM_GCC_541\Debug\ZumoBot.a(Timer_L1.o)
                0x0000159c                Timer_L1_ReadCapture
 .text.Timer_L1_WriteCounter
                0x000015a8        0xc .\CortexM3\ARM_GCC_541\Debug\ZumoBot.a(Timer_L1.o)
                0x000015a8                Timer_L1_WriteCounter
 .text.Timer_L1_Init
                0x000015b4       0x68 .\CortexM3\ARM_GCC_541\Debug\ZumoBot.a(Timer_L1.o)
                0x000015b4                Timer_L1_Init
 .text.Timer_L1_Start
                0x0000161c       0x1c .\CortexM3\ARM_GCC_541\Debug\ZumoBot.a(Timer_L1.o)
                0x0000161c                Timer_L1_Start
 .text.L1_Write
                0x00001638       0x18 .\CortexM3\ARM_GCC_541\Debug\ZumoBot.a(L1.o)
                0x00001638                L1_Write
 .text.L1_SetDriveMode
                0x00001650       0x18 .\CortexM3\ARM_GCC_541\Debug\ZumoBot.a(L1.o)
                0x00001650                L1_SetDriveMode
 .text.SW1_Read
                0x00001668       0x10 .\CortexM3\ARM_GCC_541\Debug\ZumoBot.a(SW1.o)
                0x00001668                SW1_Read
 .text          0x00001678       0x20 .\CortexM3\ARM_GCC_541\Debug\ZumoBot.a(CyBootAsmGnu.o)
                0x00001678                CyDelayCycles
                0x00001688                CyEnterCriticalSection
                0x00001690                CyExitCriticalSection
 .text          0x00001698      0x370 c:/program files (x86)/cypress/psoc creator/4.1/psoc creator/import/gnu/arm/5.4.1/bin/../lib/gcc/arm-none-eabi/5.4.1/armv7-m\libgcc.a(_arm_addsubdf3.o)
                0x00001698                __aeabi_drsub
                0x000016a0                __aeabi_dsub
                0x000016a0                __subdf3
                0x000016a4                __aeabi_dadd
                0x000016a4                __adddf3
                0x0000191c                __floatunsidf
                0x0000191c                __aeabi_ui2d
                0x0000193c                __floatsidf
                0x0000193c                __aeabi_i2d
                0x00001960                __aeabi_f2d
                0x00001960                __extendsfdf2
                0x0000199c                __floatundidf
                0x0000199c                __aeabi_ul2d
                0x000019ac                __floatdidf
                0x000019ac                __aeabi_l2d
 .text          0x00001a08      0x424 c:/program files (x86)/cypress/psoc creator/4.1/psoc creator/import/gnu/arm/5.4.1/bin/../lib/gcc/arm-none-eabi/5.4.1/armv7-m\libgcc.a(_arm_muldivdf3.o)
                0x00001a08                __aeabi_dmul
                0x00001a08                __muldf3
                0x00001c5c                __divdf3
                0x00001c5c                __aeabi_ddiv
 .text          0x00001e2c      0x110 c:/program files (x86)/cypress/psoc creator/4.1/psoc creator/import/gnu/arm/5.4.1/bin/../lib/gcc/arm-none-eabi/5.4.1/armv7-m\libgcc.a(_arm_cmpdf2.o)
                0x00001e2c                __gtdf2
                0x00001e2c                __gedf2
                0x00001e34                __ltdf2
                0x00001e34                __ledf2
                0x00001e3c                __nedf2
                0x00001e3c                __eqdf2
                0x00001e3c                __cmpdf2
                0x00001eb8                __aeabi_cdrcmple
                0x00001ec8                __aeabi_cdcmpeq
                0x00001ec8                __aeabi_cdcmple
                0x00001ed8                __aeabi_dcmpeq
                0x00001eec                __aeabi_dcmplt
                0x00001f00                __aeabi_dcmple
                0x00001f14                __aeabi_dcmpge
                0x00001f28                __aeabi_dcmpgt
 .text          0x00001f3c       0x2c c:/program files (x86)/cypress/psoc creator/4.1/psoc creator/import/gnu/arm/5.4.1/bin/../lib/gcc/arm-none-eabi/5.4.1/armv7-m\libgcc.a(_arm_unorddf2.o)
                0x00001f3c                __unorddf2
                0x00001f3c                __aeabi_dcmpun
 .text          0x00001f68      0x21c c:/program files (x86)/cypress/psoc creator/4.1/psoc creator/import/gnu/arm/5.4.1/bin/../lib/gcc/arm-none-eabi/5.4.1/armv7-m\libgcc.a(_arm_addsubsf3.o)
                0x00001f68                __aeabi_frsub
                0x00001f70                __subsf3
                0x00001f70                __aeabi_fsub
                0x00001f74                __aeabi_fadd
                0x00001f74                __addsf3
                0x000020d4                __aeabi_ui2f
                0x000020d4                __floatunsisf
                0x000020dc                __aeabi_i2f
                0x000020dc                __floatsisf
                0x000020f8                __aeabi_ul2f
                0x000020f8                __floatundisf
                0x00002108                __aeabi_l2f
                0x00002108                __floatdisf
 .text          0x00002184      0x2a0 c:/program files (x86)/cypress/psoc creator/4.1/psoc creator/import/gnu/arm/5.4.1/bin/../lib/gcc/arm-none-eabi/5.4.1/armv7-m\libgcc.a(_arm_muldivsf3.o)
                0x00002184                __mulsf3
                0x00002184                __aeabi_fmul
                0x000022ec                __aeabi_fdiv
                0x000022ec                __divsf3
 .text          0x00002424       0xec c:/program files (x86)/cypress/psoc creator/4.1/psoc creator/import/gnu/arm/5.4.1/bin/../lib/gcc/arm-none-eabi/5.4.1/armv7-m\libgcc.a(_arm_cmpsf2.o)
                0x00002424                __gesf2
                0x00002424                __gtsf2
                0x0000242c                __lesf2
                0x0000242c                __ltsf2
                0x00002434                __nesf2
                0x00002434                __eqsf2
                0x00002434                __cmpsf2
                0x00002494                __aeabi_cfrcmple
                0x0000249c                __aeabi_cfcmpeq
                0x0000249c                __aeabi_cfcmple
                0x000024ac                __aeabi_fcmpeq
                0x000024c0                __aeabi_fcmplt
                0x000024d4                __aeabi_fcmple
                0x000024e8                __aeabi_fcmpge
                0x000024fc                __aeabi_fcmpgt
 .text          0x00002510      0x2ec c:/program files (x86)/cypress/psoc creator/4.1/psoc creator/import/gnu/arm/5.4.1/bin/../lib/gcc/arm-none-eabi/5.4.1/armv7-m\libgcc.a(_udivmoddi4.o)
                0x00002510                __udivmoddi4
 .text          0x000027fc        0x4 c:/program files (x86)/cypress/psoc creator/4.1/psoc creator/import/gnu/arm/5.4.1/bin/../lib/gcc/arm-none-eabi/5.4.1/armv7-m\libgcc.a(_dvmd_tls.o)
                0x000027fc                __aeabi_idiv0
                0x000027fc                __aeabi_ldiv0
 .text.__errno  0x00002800        0xc c:/program files (x86)/cypress/psoc creator/4.1/psoc creator/import/gnu/arm/5.4.1/bin/../lib/gcc/arm-none-eabi/5.4.1/../../../../arm-none-eabi/lib/armv7-m\libg.a(lib_a-errno.o)
                0x00002800                __errno
 .text.__libc_init_array
                0x0000280c       0x50 c:/program files (x86)/cypress/psoc creator/4.1/psoc creator/import/gnu/arm/5.4.1/bin/../lib/gcc/arm-none-eabi/5.4.1/../../../../arm-none-eabi/lib/armv7-m\libg.a(lib_a-init.o)
                0x0000280c                __libc_init_array
 .text          0x0000285c       0xec c:/program files (x86)/cypress/psoc creator/4.1/psoc creator/import/gnu/arm/5.4.1/bin/../lib/gcc/arm-none-eabi/5.4.1/../../../../arm-none-eabi/lib/armv7-m\libg.a(lib_a-memcpy.o)
                0x0000285c                memcpy
 .text.memset   0x00002948       0x9c c:/program files (x86)/cypress/psoc creator/4.1/psoc creator/import/gnu/arm/5.4.1/bin/../lib/gcc/arm-none-eabi/5.4.1/../../../../arm-none-eabi/lib/armv7-m\libg.a(lib_a-memset.o)
                0x00002948                memset
 .text.printf   0x000029e4       0x28 c:/program files (x86)/cypress/psoc creator/4.1/psoc creator/import/gnu/arm/5.4.1/bin/../lib/gcc/arm-none-eabi/5.4.1/../../../../arm-none-eabi/lib/armv7-m\libg.a(lib_a-printf.o)
                0x000029e4                printf
 .text.putchar  0x00002a0c       0x10 c:/program files (x86)/cypress/psoc creator/4.1/psoc creator/import/gnu/arm/5.4.1/bin/../lib/gcc/arm-none-eabi/5.4.1/../../../../arm-none-eabi/lib/armv7-m\libg.a(lib_a-putchar.o)
                0x00002a0c                putchar
 .text._puts_r  0x00002a1c       0x68 c:/program files (x86)/cypress/psoc creator/4.1/psoc creator/import/gnu/arm/5.4.1/bin/../lib/gcc/arm-none-eabi/5.4.1/../../../../arm-none-eabi/lib/armv7-m\libg.a(lib_a-puts.o)
                0x00002a1c                _puts_r
 .text.puts     0x00002a84       0x10 c:/program files (x86)/cypress/psoc creator/4.1/psoc creator/import/gnu/arm/5.4.1/bin/../lib/gcc/arm-none-eabi/5.4.1/../../../../arm-none-eabi/lib/armv7-m\libg.a(lib_a-puts.o)
                0x00002a84                puts
 .text.strlen   0x00002a94       0x5c c:/program files (x86)/cypress/psoc creator/4.1/psoc creator/import/gnu/arm/5.4.1/bin/../lib/gcc/arm-none-eabi/5.4.1/../../../../arm-none-eabi/lib/armv7-m\libg.a(lib_a-strlen-stub.o)
                0x00002a94                strlen
 .text._vfprintf_r
                0x00002af0     0x1788 c:/program files (x86)/cypress/psoc creator/4.1/psoc creator/import/gnu/arm/5.4.1/bin/../lib/gcc/arm-none-eabi/5.4.1/../../../../arm-none-eabi/lib/armv7-m\libg.a(lib_a-vfprintf.o)
                0x00002af0                _vfprintf_r
 .text.__sbprintf
                0x00004278       0x6c c:/program files (x86)/cypress/psoc creator/4.1/psoc creator/import/gnu/arm/5.4.1/bin/../lib/gcc/arm-none-eabi/5.4.1/../../../../arm-none-eabi/lib/armv7-m\libg.a(lib_a-vfprintf.o)
 .text.__swsetup_r
                0x000042e4       0xc8 c:/program files (x86)/cypress/psoc creator/4.1/psoc creator/import/gnu/arm/5.4.1/bin/../lib/gcc/arm-none-eabi/5.4.1/../../../../arm-none-eabi/lib/armv7-m\libg.a(lib_a-wsetup.o)
                0x000042e4                __swsetup_r
 .text.startup.register_fini
                0x000043ac       0x14 c:/program files (x86)/cypress/psoc creator/4.1/psoc creator/import/gnu/arm/5.4.1/bin/../lib/gcc/arm-none-eabi/5.4.1/../../../../arm-none-eabi/lib/armv7-m\libg.a(lib_a-__call_atexit.o)
 .text.atexit   0x000043c0        0xc c:/program files (x86)/cypress/psoc creator/4.1/psoc creator/import/gnu/arm/5.4.1/bin/../lib/gcc/arm-none-eabi/5.4.1/../../../../arm-none-eabi/lib/armv7-m\libg.a(lib_a-atexit.o)
                0x000043c0                atexit
 .text.quorem   0x000043cc      0x12c c:/program files (x86)/cypress/psoc creator/4.1/psoc creator/import/gnu/arm/5.4.1/bin/../lib/gcc/arm-none-eabi/5.4.1/../../../../arm-none-eabi/lib/armv7-m\libg.a(lib_a-dtoa.o)
 .text._dtoa_r  0x000044f8      0xe4c c:/program files (x86)/cypress/psoc creator/4.1/psoc creator/import/gnu/arm/5.4.1/bin/../lib/gcc/arm-none-eabi/5.4.1/../../../../arm-none-eabi/lib/armv7-m\libg.a(lib_a-dtoa.o)
                0x000044f8                _dtoa_r
 .text.__sflush_r
                0x00005344      0x148 c:/program files (x86)/cypress/psoc creator/4.1/psoc creator/import/gnu/arm/5.4.1/bin/../lib/gcc/arm-none-eabi/5.4.1/../../../../arm-none-eabi/lib/armv7-m\libg.a(lib_a-fflush.o)
                0x00005344                __sflush_r
 .text._fflush_r
                0x0000548c       0x2c c:/program files (x86)/cypress/psoc creator/4.1/psoc creator/import/gnu/arm/5.4.1/bin/../lib/gcc/arm-none-eabi/5.4.1/../../../../arm-none-eabi/lib/armv7-m\libg.a(lib_a-fflush.o)
                0x0000548c                _fflush_r
 .text._cleanup_r
                0x000054b8        0xc c:/program files (x86)/cypress/psoc creator/4.1/psoc creator/import/gnu/arm/5.4.1/bin/../lib/gcc/arm-none-eabi/5.4.1/../../../../arm-none-eabi/lib/armv7-m\libg.a(lib_a-findfp.o)
                0x000054b8                _cleanup_r
 .text.__sinit.part.1
                0x000054c4       0xf0 c:/program files (x86)/cypress/psoc creator/4.1/psoc creator/import/gnu/arm/5.4.1/bin/../lib/gcc/arm-none-eabi/5.4.1/../../../../arm-none-eabi/lib/armv7-m\libg.a(lib_a-findfp.o)
 .text.__sinit  0x000055b4        0xc c:/program files (x86)/cypress/psoc creator/4.1/psoc creator/import/gnu/arm/5.4.1/bin/../lib/gcc/arm-none-eabi/5.4.1/../../../../arm-none-eabi/lib/armv7-m\libg.a(lib_a-findfp.o)
                0x000055b4                __sinit
 .text.__sfp_lock_acquire
                0x000055c0        0x4 c:/program files (x86)/cypress/psoc creator/4.1/psoc creator/import/gnu/arm/5.4.1/bin/../lib/gcc/arm-none-eabi/5.4.1/../../../../arm-none-eabi/lib/armv7-m\libg.a(lib_a-findfp.o)
                0x000055c0                __sfp_lock_acquire
 .text.__sfp_lock_release
                0x000055c4        0x4 c:/program files (x86)/cypress/psoc creator/4.1/psoc creator/import/gnu/arm/5.4.1/bin/../lib/gcc/arm-none-eabi/5.4.1/../../../../arm-none-eabi/lib/armv7-m\libg.a(lib_a-findfp.o)
                0x000055c4                __sfp_lock_release
 .text.__libc_fini_array
                0x000055c8       0x28 c:/program files (x86)/cypress/psoc creator/4.1/psoc creator/import/gnu/arm/5.4.1/bin/../lib/gcc/arm-none-eabi/5.4.1/../../../../arm-none-eabi/lib/armv7-m\libg.a(lib_a-fini.o)
                0x000055c8                __libc_fini_array
 .text._malloc_trim_r
                0x000055f0       0x9c c:/program files (x86)/cypress/psoc creator/4.1/psoc creator/import/gnu/arm/5.4.1/bin/../lib/gcc/arm-none-eabi/5.4.1/../../../../arm-none-eabi/lib/armv7-m\libg.a(lib_a-freer.o)
                0x000055f0                _malloc_trim_r
 .text._free_r  0x0000568c      0x1d0 c:/program files (x86)/cypress/psoc creator/4.1/psoc creator/import/gnu/arm/5.4.1/bin/../lib/gcc/arm-none-eabi/5.4.1/../../../../arm-none-eabi/lib/armv7-m\libg.a(lib_a-freer.o)
                0x0000568c                _free_r
 .text.__sfvwrite_r
                0x0000585c      0x308 c:/program files (x86)/cypress/psoc creator/4.1/psoc creator/import/gnu/arm/5.4.1/bin/../lib/gcc/arm-none-eabi/5.4.1/../../../../arm-none-eabi/lib/armv7-m\libg.a(lib_a-fvwrite.o)
                0x0000585c                __sfvwrite_r
 .text._fwalk_reent
                0x00005b64       0x50 c:/program files (x86)/cypress/psoc creator/4.1/psoc creator/import/gnu/arm/5.4.1/bin/../lib/gcc/arm-none-eabi/5.4.1/../../../../arm-none-eabi/lib/armv7-m\libg.a(lib_a-fwalk.o)
                0x00005b64                _fwalk_reent
 .text.__locale_charset
                0x00005bb4        0x8 c:/program files (x86)/cypress/psoc creator/4.1/psoc creator/import/gnu/arm/5.4.1/bin/../lib/gcc/arm-none-eabi/5.4.1/../../../../arm-none-eabi/lib/armv7-m\libg.a(lib_a-locale.o)
                0x00005bb4                __locale_charset
 .text.__locale_mb_cur_max
                0x00005bbc        0xc c:/program files (x86)/cypress/psoc creator/4.1/psoc creator/import/gnu/arm/5.4.1/bin/../lib/gcc/arm-none-eabi/5.4.1/../../../../arm-none-eabi/lib/armv7-m\libg.a(lib_a-locale.o)
                0x00005bbc                __locale_mb_cur_max
 .text._localeconv_r
                0x00005bc8        0x8 c:/program files (x86)/cypress/psoc creator/4.1/psoc creator/import/gnu/arm/5.4.1/bin/../lib/gcc/arm-none-eabi/5.4.1/../../../../arm-none-eabi/lib/armv7-m\libg.a(lib_a-locale.o)
                0x00005bc8                _localeconv_r
 .text.__swhatbuf_r
                0x00005bd0       0x60 c:/program files (x86)/cypress/psoc creator/4.1/psoc creator/import/gnu/arm/5.4.1/bin/../lib/gcc/arm-none-eabi/5.4.1/../../../../arm-none-eabi/lib/armv7-m\libg.a(lib_a-makebuf.o)
                0x00005bd0                __swhatbuf_r
 .text.__smakebuf_r
                0x00005c30       0x88 c:/program files (x86)/cypress/psoc creator/4.1/psoc creator/import/gnu/arm/5.4.1/bin/../lib/gcc/arm-none-eabi/5.4.1/../../../../arm-none-eabi/lib/armv7-m\libg.a(lib_a-makebuf.o)
                0x00005c30                __smakebuf_r
 .text._malloc_r
                0x00005cb8      0x558 c:/program files (x86)/cypress/psoc creator/4.1/psoc creator/import/gnu/arm/5.4.1/bin/../lib/gcc/arm-none-eabi/5.4.1/../../../../arm-none-eabi/lib/armv7-m\libg.a(lib_a-mallocr.o)
                0x00005cb8                _malloc_r
 .text.memchr   0x00006210       0x8c c:/program files (x86)/cypress/psoc creator/4.1/psoc creator/import/gnu/arm/5.4.1/bin/../lib/gcc/arm-none-eabi/5.4.1/../../../../arm-none-eabi/lib/armv7-m\libg.a(lib_a-memchr-stub.o)
                0x00006210                memchr
 .text.memmove  0x0000629c       0xc8 c:/program files (x86)/cypress/psoc creator/4.1/psoc creator/import/gnu/arm/5.4.1/bin/../lib/gcc/arm-none-eabi/5.4.1/../../../../arm-none-eabi/lib/armv7-m\libg.a(lib_a-memmove.o)
                0x0000629c                memmove
 .text.__malloc_lock
                0x00006364        0x4 c:/program files (x86)/cypress/psoc creator/4.1/psoc creator/import/gnu/arm/5.4.1/bin/../lib/gcc/arm-none-eabi/5.4.1/../../../../arm-none-eabi/lib/armv7-m\libg.a(lib_a-mlock.o)
                0x00006364                __malloc_lock
 .text.__malloc_unlock
                0x00006368        0x4 c:/program files (x86)/cypress/psoc creator/4.1/psoc creator/import/gnu/arm/5.4.1/bin/../lib/gcc/arm-none-eabi/5.4.1/../../../../arm-none-eabi/lib/armv7-m\libg.a(lib_a-mlock.o)
                0x00006368                __malloc_unlock
 .text._Balloc  0x0000636c       0x50 c:/program files (x86)/cypress/psoc creator/4.1/psoc creator/import/gnu/arm/5.4.1/bin/../lib/gcc/arm-none-eabi/5.4.1/../../../../arm-none-eabi/lib/armv7-m\libg.a(lib_a-mprec.o)
                0x0000636c                _Balloc
 .text._Bfree   0x000063bc       0x14 c:/program files (x86)/cypress/psoc creator/4.1/psoc creator/import/gnu/arm/5.4.1/bin/../lib/gcc/arm-none-eabi/5.4.1/../../../../arm-none-eabi/lib/armv7-m\libg.a(lib_a-mprec.o)
                0x000063bc                _Bfree
 .text.__multadd
                0x000063d0       0x80 c:/program files (x86)/cypress/psoc creator/4.1/psoc creator/import/gnu/arm/5.4.1/bin/../lib/gcc/arm-none-eabi/5.4.1/../../../../arm-none-eabi/lib/armv7-m\libg.a(lib_a-mprec.o)
                0x000063d0                __multadd
 .text.__hi0bits
                0x00006450       0x40 c:/program files (x86)/cypress/psoc creator/4.1/psoc creator/import/gnu/arm/5.4.1/bin/../lib/gcc/arm-none-eabi/5.4.1/../../../../arm-none-eabi/lib/armv7-m\libg.a(lib_a-mprec.o)
                0x00006450                __hi0bits
 .text.__lo0bits
                0x00006490       0x5c c:/program files (x86)/cypress/psoc creator/4.1/psoc creator/import/gnu/arm/5.4.1/bin/../lib/gcc/arm-none-eabi/5.4.1/../../../../arm-none-eabi/lib/armv7-m\libg.a(lib_a-mprec.o)
                0x00006490                __lo0bits
 .text.__i2b    0x000064ec       0x14 c:/program files (x86)/cypress/psoc creator/4.1/psoc creator/import/gnu/arm/5.4.1/bin/../lib/gcc/arm-none-eabi/5.4.1/../../../../arm-none-eabi/lib/armv7-m\libg.a(lib_a-mprec.o)
                0x000064ec                __i2b
 .text.__multiply
                0x00006500      0x13c c:/program files (x86)/cypress/psoc creator/4.1/psoc creator/import/gnu/arm/5.4.1/bin/../lib/gcc/arm-none-eabi/5.4.1/../../../../arm-none-eabi/lib/armv7-m\libg.a(lib_a-mprec.o)
                0x00006500                __multiply
 .text.__pow5mult
                0x0000663c       0xa0 c:/program files (x86)/cypress/psoc creator/4.1/psoc creator/import/gnu/arm/5.4.1/bin/../lib/gcc/arm-none-eabi/5.4.1/../../../../arm-none-eabi/lib/armv7-m\libg.a(lib_a-mprec.o)
                0x0000663c                __pow5mult
 .text.__lshift
                0x000066dc       0xac c:/program files (x86)/cypress/psoc creator/4.1/psoc creator/import/gnu/arm/5.4.1/bin/../lib/gcc/arm-none-eabi/5.4.1/../../../../arm-none-eabi/lib/armv7-m\libg.a(lib_a-mprec.o)
                0x000066dc                __lshift
 .text.__mcmp   0x00006788       0x40 c:/program files (x86)/cypress/psoc creator/4.1/psoc creator/import/gnu/arm/5.4.1/bin/../lib/gcc/arm-none-eabi/5.4.1/../../../../arm-none-eabi/lib/armv7-m\libg.a(lib_a-mprec.o)
                0x00006788                __mcmp
 .text.__mdiff  0x000067c8      0x128 c:/program files (x86)/cypress/psoc creator/4.1/psoc creator/import/gnu/arm/5.4.1/bin/../lib/gcc/arm-none-eabi/5.4.1/../../../../arm-none-eabi/lib/armv7-m\libg.a(lib_a-mprec.o)
                0x000067c8                __mdiff
 .text.__d2b    0x000068f0       0xa8 c:/program files (x86)/cypress/psoc creator/4.1/psoc creator/import/gnu/arm/5.4.1/bin/../lib/gcc/arm-none-eabi/5.4.1/../../../../arm-none-eabi/lib/armv7-m\libg.a(lib_a-mprec.o)
                0x000068f0                __d2b
 .text._putc_r  0x00006998       0x44 c:/program files (x86)/cypress/psoc creator/4.1/psoc creator/import/gnu/arm/5.4.1/bin/../lib/gcc/arm-none-eabi/5.4.1/../../../../arm-none-eabi/lib/armv7-m\libg.a(lib_a-putc.o)
                0x00006998                _putc_r
 .text._realloc_r
                0x000069dc      0x3d4 c:/program files (x86)/cypress/psoc creator/4.1/psoc creator/import/gnu/arm/5.4.1/bin/../lib/gcc/arm-none-eabi/5.4.1/../../../../arm-none-eabi/lib/armv7-m\libg.a(lib_a-reallocr.o)
                0x000069dc                _realloc_r
 .text._sbrk_r  0x00006db0       0x24 c:/program files (x86)/cypress/psoc creator/4.1/psoc creator/import/gnu/arm/5.4.1/bin/../lib/gcc/arm-none-eabi/5.4.1/../../../../arm-none-eabi/lib/armv7-m\libg.a(lib_a-sbrkr.o)
                0x00006db0                _sbrk_r
 .text.__sread  0x00006dd4       0x24 c:/program files (x86)/cypress/psoc creator/4.1/psoc creator/import/gnu/arm/5.4.1/bin/../lib/gcc/arm-none-eabi/5.4.1/../../../../arm-none-eabi/lib/armv7-m\libg.a(lib_a-stdio.o)
                0x00006dd4                __sread
 .text.__swrite
                0x00006df8       0x3c c:/program files (x86)/cypress/psoc creator/4.1/psoc creator/import/gnu/arm/5.4.1/bin/../lib/gcc/arm-none-eabi/5.4.1/../../../../arm-none-eabi/lib/armv7-m\libg.a(lib_a-stdio.o)
                0x00006df8                __swrite
 .text.__sseek  0x00006e34       0x20 c:/program files (x86)/cypress/psoc creator/4.1/psoc creator/import/gnu/arm/5.4.1/bin/../lib/gcc/arm-none-eabi/5.4.1/../../../../arm-none-eabi/lib/armv7-m\libg.a(lib_a-stdio.o)
                0x00006e34                __sseek
 .text.__sclose
                0x00006e54        0x8 c:/program files (x86)/cypress/psoc creator/4.1/psoc creator/import/gnu/arm/5.4.1/bin/../lib/gcc/arm-none-eabi/5.4.1/../../../../arm-none-eabi/lib/armv7-m\libg.a(lib_a-stdio.o)
                0x00006e54                __sclose
 .text.__sprint_r.part.0
                0x00006e5c       0x78 c:/program files (x86)/cypress/psoc creator/4.1/psoc creator/import/gnu/arm/5.4.1/bin/../lib/gcc/arm-none-eabi/5.4.1/../../../../arm-none-eabi/lib/armv7-m\libg.a(lib_a-vfiprintf.o)
 .text.__sprint_r
                0x00006ed4       0x14 c:/program files (x86)/cypress/psoc creator/4.1/psoc creator/import/gnu/arm/5.4.1/bin/../lib/gcc/arm-none-eabi/5.4.1/../../../../arm-none-eabi/lib/armv7-m\libg.a(lib_a-vfiprintf.o)
                0x00006ed4                __sprint_r
 .text.__swbuf_r
                0x00006ee8       0xac c:/program files (x86)/cypress/psoc creator/4.1/psoc creator/import/gnu/arm/5.4.1/bin/../lib/gcc/arm-none-eabi/5.4.1/../../../../arm-none-eabi/lib/armv7-m\libg.a(lib_a-wbuf.o)
                0x00006ee8                __swbuf_r
 .text._write_r
                0x00006f94       0x2c c:/program files (x86)/cypress/psoc creator/4.1/psoc creator/import/gnu/arm/5.4.1/bin/../lib/gcc/arm-none-eabi/5.4.1/../../../../arm-none-eabi/lib/armv7-m\libg.a(lib_a-writer.o)
                0x00006f94                _write_r
 .text.__register_exitproc
                0x00006fc0       0xa4 c:/program files (x86)/cypress/psoc creator/4.1/psoc creator/import/gnu/arm/5.4.1/bin/../lib/gcc/arm-none-eabi/5.4.1/../../../../arm-none-eabi/lib/armv7-m\libg.a(lib_a-__atexit.o)
                0x00006fc0                __register_exitproc
 .text._calloc_r
                0x00007064       0x60 c:/program files (x86)/cypress/psoc creator/4.1/psoc creator/import/gnu/arm/5.4.1/bin/../lib/gcc/arm-none-eabi/5.4.1/../../../../arm-none-eabi/lib/armv7-m\libg.a(lib_a-callocr.o)
                0x00007064                _calloc_r
 .text._close_r
                0x000070c4       0x24 c:/program files (x86)/cypress/psoc creator/4.1/psoc creator/import/gnu/arm/5.4.1/bin/../lib/gcc/arm-none-eabi/5.4.1/../../../../arm-none-eabi/lib/armv7-m\libg.a(lib_a-closer.o)
                0x000070c4                _close_r
 .text._fclose_r
                0x000070e8       0x84 c:/program files (x86)/cypress/psoc creator/4.1/psoc creator/import/gnu/arm/5.4.1/bin/../lib/gcc/arm-none-eabi/5.4.1/../../../../arm-none-eabi/lib/armv7-m\libg.a(lib_a-fclose.o)
                0x000070e8                _fclose_r
 .text.__fputwc
                0x0000716c       0x94 c:/program files (x86)/cypress/psoc creator/4.1/psoc creator/import/gnu/arm/5.4.1/bin/../lib/gcc/arm-none-eabi/5.4.1/../../../../arm-none-eabi/lib/armv7-m\libg.a(lib_a-fputwc.o)
                0x0000716c                __fputwc
 .text._fputwc_r
                0x00007200       0x24 c:/program files (x86)/cypress/psoc creator/4.1/psoc creator/import/gnu/arm/5.4.1/bin/../lib/gcc/arm-none-eabi/5.4.1/../../../../arm-none-eabi/lib/armv7-m\libg.a(lib_a-fputwc.o)
                0x00007200                _fputwc_r
 .text._fstat_r
                0x00007224       0x28 c:/program files (x86)/cypress/psoc creator/4.1/psoc creator/import/gnu/arm/5.4.1/bin/../lib/gcc/arm-none-eabi/5.4.1/../../../../arm-none-eabi/lib/armv7-m\libg.a(lib_a-fstatr.o)
                0x00007224                _fstat_r
 .text._isatty_r
                0x0000724c       0x24 c:/program files (x86)/cypress/psoc creator/4.1/psoc creator/import/gnu/arm/5.4.1/bin/../lib/gcc/arm-none-eabi/5.4.1/../../../../arm-none-eabi/lib/armv7-m\libg.a(lib_a-isattyr.o)
                0x0000724c                _isatty_r
 .text._lseek_r
                0x00007270       0x2c c:/program files (x86)/cypress/psoc creator/4.1/psoc creator/import/gnu/arm/5.4.1/bin/../lib/gcc/arm-none-eabi/5.4.1/../../../../arm-none-eabi/lib/armv7-m\libg.a(lib_a-lseekr.o)
                0x00007270                _lseek_r
 .text._read_r  0x0000729c       0x2c c:/program files (x86)/cypress/psoc creator/4.1/psoc creator/import/gnu/arm/5.4.1/bin/../lib/gcc/arm-none-eabi/5.4.1/../../../../arm-none-eabi/lib/armv7-m\libg.a(lib_a-readr.o)
                0x0000729c                _read_r
 .text._wcrtomb_r
                0x000072c8       0x54 c:/program files (x86)/cypress/psoc creator/4.1/psoc creator/import/gnu/arm/5.4.1/bin/../lib/gcc/arm-none-eabi/5.4.1/../../../../arm-none-eabi/lib/armv7-m\libg.a(lib_a-wcrtomb.o)
                0x000072c8                _wcrtomb_r
 .text.__ascii_wctomb
                0x0000731c       0x1c c:/program files (x86)/cypress/psoc creator/4.1/psoc creator/import/gnu/arm/5.4.1/bin/../lib/gcc/arm-none-eabi/5.4.1/../../../../arm-none-eabi/lib/armv7-m\libg.a(lib_a-wctomb_r.o)
                0x0000731c                __ascii_wctomb
 .text          0x00007338       0x50 c:/program files (x86)/cypress/psoc creator/4.1/psoc creator/import/gnu/arm/5.4.1/bin/../lib/gcc/arm-none-eabi/5.4.1/armv7-m\libgcc.a(_arm_fixdfsi.o)
                0x00007338                __aeabi_d2iz
                0x00007338                __fixdfsi
 .text          0x00007388       0x30 c:/program files (x86)/cypress/psoc creator/4.1/psoc creator/import/gnu/arm/5.4.1/bin/../lib/gcc/arm-none-eabi/5.4.1/armv7-m\libgcc.a(_aeabi_uldivmod.o)
                0x00007388                __aeabi_uldivmod
 .text._close   0x000073b8       0x10 c:/program files (x86)/cypress/psoc creator/4.1/psoc creator/import/gnu/arm/5.4.1/bin/../lib/gcc/arm-none-eabi/5.4.1/../../../../arm-none-eabi/lib/armv7-m\libnosys.a(close.o)
                0x000073b8                _close
 .text._fstat   0x000073c8       0x10 c:/program files (x86)/cypress/psoc creator/4.1/psoc creator/import/gnu/arm/5.4.1/bin/../lib/gcc/arm-none-eabi/5.4.1/../../../../arm-none-eabi/lib/armv7-m\libnosys.a(fstat.o)
                0x000073c8                _fstat
 .text._isatty  0x000073d8       0x10 c:/program files (x86)/cypress/psoc creator/4.1/psoc creator/import/gnu/arm/5.4.1/bin/../lib/gcc/arm-none-eabi/5.4.1/../../../../arm-none-eabi/lib/armv7-m\libnosys.a(isatty.o)
                0x000073d8                _isatty
 .text._lseek   0x000073e8       0x10 c:/program files (x86)/cypress/psoc creator/4.1/psoc creator/import/gnu/arm/5.4.1/bin/../lib/gcc/arm-none-eabi/5.4.1/../../../../arm-none-eabi/lib/armv7-m\libnosys.a(lseek.o)
                0x000073e8                _lseek
 *(.plt)
 *(.gnu.warning)
 *(.glue_7t)
 .glue_7t       0x000073f8        0x0 linker stubs
 *(.glue_7)
 .glue_7        0x000073f8        0x0 linker stubs
 *(.vfp11_veneer)
 .vfp11_veneer  0x000073f8        0x0 linker stubs
 *(.bootloader)
 *(.ARM.extab* .gnu.linkonce.armextab.*)
 *(.gcc_except_table)

.v4_bx          0x000073f8        0x0
 .v4_bx         0x000073f8        0x0 linker stubs

.iplt           0x000073f8        0x0
 .iplt          0x000073f8        0x0 c:/program files (x86)/cypress/psoc creator/4.1/psoc creator/import/gnu/arm/5.4.1/bin/../lib/gcc/arm-none-eabi/5.4.1/armv7-m/crtbegin.o

.eh_frame_hdr
 *(.eh_frame_hdr)

.eh_frame       0x000073f8        0x4
 *(.eh_frame)
 .eh_frame      0x000073f8        0x0 c:/program files (x86)/cypress/psoc creator/4.1/psoc creator/import/gnu/arm/5.4.1/bin/../lib/gcc/arm-none-eabi/5.4.1/armv7-m/crtbegin.o
 .eh_frame      0x000073f8        0x4 c:/program files (x86)/cypress/psoc creator/4.1/psoc creator/import/gnu/arm/5.4.1/bin/../lib/gcc/arm-none-eabi/5.4.1/armv7-m/crtend.o
                [!provide]                PROVIDE (__exidx_start, .)

.ARM.exidx      0x000073fc        0x8
 *(.ARM.exidx* .gnu.linkonce.armexidx.*)
 .ARM.exidx     0x000073fc        0x8 c:/program files (x86)/cypress/psoc creator/4.1/psoc creator/import/gnu/arm/5.4.1/bin/../lib/gcc/arm-none-eabi/5.4.1/armv7-m\libgcc.a(_udivmoddi4.o)
                0x00007404                __exidx_end = .

.rodata         0x00007408      0x228
 *(.rodata .rodata.* .gnu.linkonce.r.*)
 .rodata.str1.4
                0x00007408       0x27 .\CortexM3\ARM_GCC_541\Debug\main.o
 *fill*         0x0000742f        0x1 
 .rodata        0x00007430       0x3a .\CortexM3\ARM_GCC_541\Debug\cyfitter_cfg.o
 *fill*         0x0000746a        0x2 
 .rodata.str1.4
                0x0000746c        0x2 c:/program files (x86)/cypress/psoc creator/4.1/psoc creator/import/gnu/arm/5.4.1/bin/../lib/gcc/arm-none-eabi/5.4.1/../../../../arm-none-eabi/lib/armv7-m\libg.a(lib_a-impure.o)
 *fill*         0x0000746e        0x2 
 .rodata._global_impure_ptr
                0x00007470        0x4 c:/program files (x86)/cypress/psoc creator/4.1/psoc creator/import/gnu/arm/5.4.1/bin/../lib/gcc/arm-none-eabi/5.4.1/../../../../arm-none-eabi/lib/armv7-m\libg.a(lib_a-impure.o)
                0x00007470                _global_impure_ptr
 .rodata.str1.4
                0x00007474        0x2 c:/program files (x86)/cypress/psoc creator/4.1/psoc creator/import/gnu/arm/5.4.1/bin/../lib/gcc/arm-none-eabi/5.4.1/../../../../arm-none-eabi/lib/armv7-m\libg.a(lib_a-puts.o)
 *fill*         0x00007476        0x2 
 .rodata.blanks.7070
                0x00007478       0x10 c:/program files (x86)/cypress/psoc creator/4.1/psoc creator/import/gnu/arm/5.4.1/bin/../lib/gcc/arm-none-eabi/5.4.1/../../../../arm-none-eabi/lib/armv7-m\libg.a(lib_a-vfprintf.o)
 .rodata.str1.4
                0x00007488       0x42 c:/program files (x86)/cypress/psoc creator/4.1/psoc creator/import/gnu/arm/5.4.1/bin/../lib/gcc/arm-none-eabi/5.4.1/../../../../arm-none-eabi/lib/armv7-m\libg.a(lib_a-vfprintf.o)
 *fill*         0x000074ca        0x2 
 .rodata.zeroes.7071
                0x000074cc       0x10 c:/program files (x86)/cypress/psoc creator/4.1/psoc creator/import/gnu/arm/5.4.1/bin/../lib/gcc/arm-none-eabi/5.4.1/../../../../arm-none-eabi/lib/armv7-m\libg.a(lib_a-vfprintf.o)
 .rodata.str1.4
                0x000074dc       0x10 c:/program files (x86)/cypress/psoc creator/4.1/psoc creator/import/gnu/arm/5.4.1/bin/../lib/gcc/arm-none-eabi/5.4.1/../../../../arm-none-eabi/lib/armv7-m\libg.a(lib_a-dtoa.o)
                                 0x12 (size before relaxing)
 .rodata.str1.4
                0x000074ec        0xc c:/program files (x86)/cypress/psoc creator/4.1/psoc creator/import/gnu/arm/5.4.1/bin/../lib/gcc/arm-none-eabi/5.4.1/../../../../arm-none-eabi/lib/armv7-m\libg.a(lib_a-locale.o)
                                 0x12 (size before relaxing)
 .rodata.__mprec_tens
                0x000074f8       0xc8 c:/program files (x86)/cypress/psoc creator/4.1/psoc creator/import/gnu/arm/5.4.1/bin/../lib/gcc/arm-none-eabi/5.4.1/../../../../arm-none-eabi/lib/armv7-m\libg.a(lib_a-mprec.o)
                0x000074f8                __mprec_tens
 .rodata.__mprec_bigtens
                0x000075c0       0x28 c:/program files (x86)/cypress/psoc creator/4.1/psoc creator/import/gnu/arm/5.4.1/bin/../lib/gcc/arm-none-eabi/5.4.1/../../../../arm-none-eabi/lib/armv7-m\libg.a(lib_a-mprec.o)
                0x000075c0                __mprec_bigtens
 .rodata.p05.5396
                0x000075e8        0xc c:/program files (x86)/cypress/psoc creator/4.1/psoc creator/import/gnu/arm/5.4.1/bin/../lib/gcc/arm-none-eabi/5.4.1/../../../../arm-none-eabi/lib/armv7-m\libg.a(lib_a-mprec.o)
                0x000075f4                . = ALIGN (0x4)
 *(.init)
 .init          0x000075f4        0x4 c:/program files (x86)/cypress/psoc creator/4.1/psoc creator/import/gnu/arm/5.4.1/bin/../lib/gcc/arm-none-eabi/5.4.1/armv7-m/crti.o
                0x000075f4                _init
 .init          0x000075f8        0x8 c:/program files (x86)/cypress/psoc creator/4.1/psoc creator/import/gnu/arm/5.4.1/bin/../lib/gcc/arm-none-eabi/5.4.1/armv7-m/crtn.o
                0x00007600                . = ALIGN (0x4)
                0x00007600                __preinit_array_start = .
 *(.preinit_array)
                0x00007600                __preinit_array_end = .
                0x00007600                . = ALIGN (0x4)
                0x00007600                __init_array_start = .
 *(SORT(.init_array.*))
 .init_array.00000
                0x00007600        0x4 c:/program files (x86)/cypress/psoc creator/4.1/psoc creator/import/gnu/arm/5.4.1/bin/../lib/gcc/arm-none-eabi/5.4.1/../../../../arm-none-eabi/lib/armv7-m\libg.a(lib_a-__call_atexit.o)
 *(.init_array)
 .init_array    0x00007604        0x4 c:/program files (x86)/cypress/psoc creator/4.1/psoc creator/import/gnu/arm/5.4.1/bin/../lib/gcc/arm-none-eabi/5.4.1/armv7-m/crtbegin.o
 .init_array    0x00007608        0x4 .\CortexM3\ARM_GCC_541\Debug\Cm3Start.o
                0x0000760c                __init_array_end = .
                0x0000760c                . = ALIGN (0x4)
 *(.fini)
 .fini          0x0000760c        0x4 c:/program files (x86)/cypress/psoc creator/4.1/psoc creator/import/gnu/arm/5.4.1/bin/../lib/gcc/arm-none-eabi/5.4.1/armv7-m/crti.o
                0x0000760c                _fini
 .fini          0x00007610        0x8 c:/program files (x86)/cypress/psoc creator/4.1/psoc creator/import/gnu/arm/5.4.1/bin/../lib/gcc/arm-none-eabi/5.4.1/armv7-m/crtn.o
                0x00007618                . = ALIGN (0x4)
                0x00007618                __fini_array_start = .
 *(.fini_array)
 .fini_array    0x00007618        0x4 c:/program files (x86)/cypress/psoc creator/4.1/psoc creator/import/gnu/arm/5.4.1/bin/../lib/gcc/arm-none-eabi/5.4.1/armv7-m/crtbegin.o
 *(SORT(.fini_array.*))
                0x0000761c                __fini_array_end = .
                0x0000761c                . = ALIGN (0x4)
 *crtbegin.o(.ctors)
 *(EXCLUDE_FILE(*crtend.o) .ctors)
 *(SORT(.ctors.*))
 *crtend.o(.ctors)
                0x0000761c                . = ALIGN (0x4)
 *crtbegin.o(.dtors)
 *(EXCLUDE_FILE(*crtend.o) .dtors)
 *(SORT(.dtors.*))
 *crtend.o(.dtors)
                0x0000761c                . = ALIGN (0x4)
                0x0000761c                __cy_regions = .
                0x0000761c        0x4 LONG 0x7630 __cy_region_init_ram
                0x00007620        0x4 LONG 0x1fff80c8 __cy_region_start_data
                0x00007624        0x4 LONG 0x8c0 __cy_region_init_size_ram
                0x00007628        0x4 LONG 0x88 __cy_region_zero_size_ram
                0x0000762c                __cy_regions_end = .
                0x00007630                . = ALIGN (0x8)
 *fill*         0x0000762c        0x4 
                0x00007630                _etext = .

.cy_checksum_exclude
                0x00007630        0x0
 *(.cy_checksum_exclude)

.ramvectors     0x1fff8000       0xc0
                0x1fff8000                __cy_region_start_ram = .
 *(.ramvectors)
 .ramvectors    0x1fff8000       0xc0 .\CortexM3\ARM_GCC_541\Debug\Cm3Start.o
                0x1fff8000                CyRamVectors

.noinit         0x1fff80c0        0x1
 *(.noinit)
 .noinit        0x1fff80c0        0x1 .\CortexM3\ARM_GCC_541\Debug\ZumoBot.a(CyLib.o)
                0x1fff80c0                CyResetStatus

.data           0x1fff80c8      0x8c0 load address 0x00007630
                0x1fff80c8                __cy_region_start_data = .
 *(.jcr)
 .jcr           0x1fff80c8        0x0 c:/program files (x86)/cypress/psoc creator/4.1/psoc creator/import/gnu/arm/5.4.1/bin/../lib/gcc/arm-none-eabi/5.4.1/armv7-m/crtbegin.o
 .jcr           0x1fff80c8        0x4 c:/program files (x86)/cypress/psoc creator/4.1/psoc creator/import/gnu/arm/5.4.1/bin/../lib/gcc/arm-none-eabi/5.4.1/armv7-m/crtend.o
 *(.got.plt)
 *(.got)
 *(.shdata)
 *(.data .data.* .gnu.linkonce.d.*)
 .data          0x1fff80cc        0x4 .\CortexM3\ARM_GCC_541\Debug\Drive.o
                0x1fff80cc                max
 .data          0x1fff80d0        0x4 .\CortexM3\ARM_GCC_541\Debug\Cm3Start.o
 .data          0x1fff80d4       0x10 .\CortexM3\ARM_GCC_541\Debug\ZumoBot.a(CyLib.o)
                0x1fff80d4                cydelay_32k_ms
                0x1fff80d8                cydelay_freq_khz
                0x1fff80dc                cydelay_freq_mhz
                0x1fff80e0                cydelay_freq_hz
 *fill*         0x1fff80e4        0x4 
 .data.impure_data
                0x1fff80e8      0x428 c:/program files (x86)/cypress/psoc creator/4.1/psoc creator/import/gnu/arm/5.4.1/bin/../lib/gcc/arm-none-eabi/5.4.1/../../../../arm-none-eabi/lib/armv7-m\libg.a(lib_a-impure.o)
 .data._impure_ptr
                0x1fff8510        0x4 c:/program files (x86)/cypress/psoc creator/4.1/psoc creator/import/gnu/arm/5.4.1/bin/../lib/gcc/arm-none-eabi/5.4.1/../../../../arm-none-eabi/lib/armv7-m\libg.a(lib_a-impure.o)
                0x1fff8510                _impure_ptr
 .data.lconv    0x1fff8514       0x38 c:/program files (x86)/cypress/psoc creator/4.1/psoc creator/import/gnu/arm/5.4.1/bin/../lib/gcc/arm-none-eabi/5.4.1/../../../../arm-none-eabi/lib/armv7-m\libg.a(lib_a-locale.o)
 .data.lc_ctype_charset
                0x1fff854c       0x20 c:/program files (x86)/cypress/psoc creator/4.1/psoc creator/import/gnu/arm/5.4.1/bin/../lib/gcc/arm-none-eabi/5.4.1/../../../../arm-none-eabi/lib/armv7-m\libg.a(lib_a-locale.o)
 .data.__mb_cur_max
                0x1fff856c        0x4 c:/program files (x86)/cypress/psoc creator/4.1/psoc creator/import/gnu/arm/5.4.1/bin/../lib/gcc/arm-none-eabi/5.4.1/../../../../arm-none-eabi/lib/armv7-m\libg.a(lib_a-locale.o)
                0x1fff856c                __mb_cur_max
 .data.__malloc_av_
                0x1fff8570      0x408 c:/program files (x86)/cypress/psoc creator/4.1/psoc creator/import/gnu/arm/5.4.1/bin/../lib/gcc/arm-none-eabi/5.4.1/../../../../arm-none-eabi/lib/armv7-m\libg.a(lib_a-mallocr.o)
                0x1fff8570                __malloc_av_
 .data.__malloc_trim_threshold
                0x1fff8978        0x4 c:/program files (x86)/cypress/psoc creator/4.1/psoc creator/import/gnu/arm/5.4.1/bin/../lib/gcc/arm-none-eabi/5.4.1/../../../../arm-none-eabi/lib/armv7-m\libg.a(lib_a-mallocr.o)
                0x1fff8978                __malloc_trim_threshold
 .data.__malloc_sbrk_base
                0x1fff897c        0x4 c:/program files (x86)/cypress/psoc creator/4.1/psoc creator/import/gnu/arm/5.4.1/bin/../lib/gcc/arm-none-eabi/5.4.1/../../../../arm-none-eabi/lib/armv7-m\libg.a(lib_a-mallocr.o)
                0x1fff897c                __malloc_sbrk_base
 .data.__wctomb
                0x1fff8980        0x4 c:/program files (x86)/cypress/psoc creator/4.1/psoc creator/import/gnu/arm/5.4.1/bin/../lib/gcc/arm-none-eabi/5.4.1/../../../../arm-none-eabi/lib/armv7-m\libg.a(lib_a-wctomb_r.o)
                0x1fff8980                __wctomb
                0x1fff8988                . = ALIGN (0x8)
 *fill*         0x1fff8984        0x4 
 *(.ram)
                0x1fff8988                _edata = .

.igot.plt       0x1fff8988        0x0 load address 0x00007ef0
 .igot.plt      0x1fff8988        0x0 c:/program files (x86)/cypress/psoc creator/4.1/psoc creator/import/gnu/arm/5.4.1/bin/../lib/gcc/arm-none-eabi/5.4.1/armv7-m/crtbegin.o

.bss            0x1fff8988       0x88 load address 0x00007ef0
                0x1fff8988                PROVIDE (__bss_start__, .)
 *(.shbss)
 *(.bss .bss.* .gnu.linkonce.b.*)
 .bss           0x1fff8988       0x1c c:/program files (x86)/cypress/psoc creator/4.1/psoc creator/import/gnu/arm/5.4.1/bin/../lib/gcc/arm-none-eabi/5.4.1/armv7-m/crtbegin.o
 .bss           0x1fff89a4       0x10 .\CortexM3\ARM_GCC_541\Debug\Reflectance.o
 .bss           0x1fff89b4        0x1 .\CortexM3\ARM_GCC_541\Debug\ZumoBot.a(PWM.o)
                0x1fff89b4                PWM_initVar
 .bss           0x1fff89b5        0x2 .\CortexM3\ARM_GCC_541\Debug\ZumoBot.a(UART_1.o)
                0x1fff89b5                UART_1_initVar
 .bss           0x1fff89b7        0x1 .\CortexM3\ARM_GCC_541\Debug\ZumoBot.a(ADC_Battery.o)
                0x1fff89b7                ADC_Battery_initVar
 .bss           0x1fff89b8        0x1 .\CortexM3\ARM_GCC_541\Debug\ZumoBot.a(Buzzer_PWM.o)
                0x1fff89b8                Buzzer_PWM_initVar
 .bss           0x1fff89b9        0x1 .\CortexM3\ARM_GCC_541\Debug\ZumoBot.a(Timer_L3.o)
                0x1fff89b9                Timer_L3_initVar
 .bss           0x1fff89ba        0x1 .\CortexM3\ARM_GCC_541\Debug\ZumoBot.a(Timer_R3.o)
                0x1fff89ba                Timer_R3_initVar
 .bss           0x1fff89bb        0x1 .\CortexM3\ARM_GCC_541\Debug\ZumoBot.a(Timer_R1.o)
                0x1fff89bb                Timer_R1_initVar
 .bss           0x1fff89bc        0x1 .\CortexM3\ARM_GCC_541\Debug\ZumoBot.a(Timer_L1.o)
                0x1fff89bc                Timer_L1_initVar
 *fill*         0x1fff89bd        0x3 
 .bss.__malloc_max_total_mem
                0x1fff89c0        0x4 c:/program files (x86)/cypress/psoc creator/4.1/psoc creator/import/gnu/arm/5.4.1/bin/../lib/gcc/arm-none-eabi/5.4.1/../../../../arm-none-eabi/lib/armv7-m\libg.a(lib_a-mallocr.o)
                0x1fff89c0                __malloc_max_total_mem
 .bss.__malloc_max_sbrked_mem
                0x1fff89c4        0x4 c:/program files (x86)/cypress/psoc creator/4.1/psoc creator/import/gnu/arm/5.4.1/bin/../lib/gcc/arm-none-eabi/5.4.1/../../../../arm-none-eabi/lib/armv7-m\libg.a(lib_a-mallocr.o)
                0x1fff89c4                __malloc_max_sbrked_mem
 .bss.__malloc_top_pad
                0x1fff89c8        0x4 c:/program files (x86)/cypress/psoc creator/4.1/psoc creator/import/gnu/arm/5.4.1/bin/../lib/gcc/arm-none-eabi/5.4.1/../../../../arm-none-eabi/lib/armv7-m\libg.a(lib_a-mallocr.o)
                0x1fff89c8                __malloc_top_pad
 .bss.__malloc_current_mallinfo
                0x1fff89cc       0x28 c:/program files (x86)/cypress/psoc creator/4.1/psoc creator/import/gnu/arm/5.4.1/bin/../lib/gcc/arm-none-eabi/5.4.1/../../../../arm-none-eabi/lib/armv7-m\libg.a(lib_a-mallocr.o)
                0x1fff89cc                __malloc_current_mallinfo
 *(COMMON)
 COMMON         0x1fff89f4        0x8 .\CortexM3\ARM_GCC_541\Debug\main.o
                0x1fff89f4                threshold
 COMMON         0x1fff89fc        0x4 .\CortexM3\ARM_GCC_541\Debug\Drive.o
                0x1fff89fc                dir
 COMMON         0x1fff8a00        0xc .\CortexM3\ARM_GCC_541\Debug\ZumoBot.a(ADC_Battery.o)
                0x1fff8a00                ADC_Battery_offset
                0x1fff8a02                ADC_Battery_countsPerVolt
                0x1fff8a04                ADC_Battery_shift
                0x1fff8a08                ADC_Battery_countsPer10Volt
 COMMON         0x1fff8a0c        0x4 c:/program files (x86)/cypress/psoc creator/4.1/psoc creator/import/gnu/arm/5.4.1/bin/../lib/gcc/arm-none-eabi/5.4.1/../../../../arm-none-eabi/lib/armv7-m\libg.a(lib_a-reent.o)
                0x1fff8a0c                errno
                0x1fff8a10                . = ALIGN (0x8)
 *(.ram.b)
                0x1fff8a10                _end = .
                0x1fff8a10                __end = .
                0x1fff8a10                PROVIDE (end, .)
                0x1fff8a10                PROVIDE (__bss_end__, .)
                0x00007630                __cy_region_init_ram = LOADADDR (.data)
                0x000008c0                __cy_region_init_size_ram = (_edata - ADDR (.data))
                0x00000088                __cy_region_zero_size_ram = (_end - _edata)

.heap           0x1fff8a10      0x800 load address 0x00007ef0
                0x1fff8a10                . = _end
                0x1fff9210                . = (. + 0x800)
 *fill*         0x1fff8a10      0x800 
                0x1fff9210                __cy_heap_limit = .

.stack          0x20007800      0x800
                0x20007800                __cy_stack_limit = .
                0x20008000                . = (. + 0x800)
 *fill*         0x20007800      0x800 
                0x00000001                ASSERT ((__cy_stack_limit >= __cy_heap_limit), region RAM overflowed with stack)
                0x00000000                cy_checksum_exclude_size = (CY_APPL_LOADABLE == 0x1)?SIZEOF (.cy_checksum_exclude):0x0
                0x00000001                ASSERT ((cy_checksum_exclude_size <= CY_CHECKSUM_EXCLUDE_SIZE), CY_BOOT: Section .cy_checksum_exclude size exceedes specified limit.)

.cyloadermeta
 *(.cyloadermeta)

.cyloadablemeta
 *(.cyloadablemeta)

.cyconfigecc    0x80000000      0x8c4
 *(.cyconfigecc)
 .cyconfigecc   0x80000000      0x8c4 .\CortexM3\ARM_GCC_541\Debug\cymetadata.o
                0x80000000                cy_meta_configecc

.cycustnvl      0x90000000        0x4
 *(.cycustnvl)
 .cycustnvl     0x90000000        0x4 .\CortexM3\ARM_GCC_541\Debug\cymetadata.o
                0x90000000                cy_meta_custnvl

.cywolatch      0x90100000        0x4
 *(.cywolatch)
 .cywolatch     0x90100000        0x4 .\CortexM3\ARM_GCC_541\Debug\cymetadata.o
                0x90100000                cy_meta_wonvl

.cyeeprom       0x90200000        0x0
 *(.cyeeprom)
                0x00000001                ASSERT ((. <= ((0x90200000 + ee_offset) + ee_size)), .cyeeprom data will not fit in EEPROM)

.cyflashprotect
                0x90400000      0x100
 *(.cyflashprotect)
 .cyflashprotect
                0x90400000      0x100 .\CortexM3\ARM_GCC_541\Debug\cymetadata.o
                0x90400000                cy_meta_flashprotect

.cymeta         0x90500000        0xc
 *(.cymeta)
 .cymeta        0x90500000        0xc .\CortexM3\ARM_GCC_541\Debug\cymetadata.o
                0x90500000                cy_metadata

.rel.dyn        0x00007ef0        0x0 load address 0x9050000c
 .rel.iplt      0x00007ef0        0x0 c:/program files (x86)/cypress/psoc creator/4.1/psoc creator/import/gnu/arm/5.4.1/bin/../lib/gcc/arm-none-eabi/5.4.1/armv7-m/crtbegin.o

.stab           0x00000000       0x6c
 *(.stab)
 .stab          0x00000000       0x24 c:/program files (x86)/cypress/psoc creator/4.1/psoc creator/import/gnu/arm/5.4.1/bin/../lib/gcc/arm-none-eabi/5.4.1/../../../../arm-none-eabi/lib/armv7-m\libnosys.a(close.o)
 .stab          0x00000024       0x18 c:/program files (x86)/cypress/psoc creator/4.1/psoc creator/import/gnu/arm/5.4.1/bin/../lib/gcc/arm-none-eabi/5.4.1/../../../../arm-none-eabi/lib/armv7-m\libnosys.a(fstat.o)
                                 0x24 (size before relaxing)
 .stab          0x0000003c       0x18 c:/program files (x86)/cypress/psoc creator/4.1/psoc creator/import/gnu/arm/5.4.1/bin/../lib/gcc/arm-none-eabi/5.4.1/../../../../arm-none-eabi/lib/armv7-m\libnosys.a(isatty.o)
                                 0x24 (size before relaxing)
 .stab          0x00000054       0x18 c:/program files (x86)/cypress/psoc creator/4.1/psoc creator/import/gnu/arm/5.4.1/bin/../lib/gcc/arm-none-eabi/5.4.1/../../../../arm-none-eabi/lib/armv7-m\libnosys.a(lseek.o)
                                 0x24 (size before relaxing)

.stabstr        0x00000000       0xe3
 *(.stabstr)
 .stabstr       0x00000000       0xe3 c:/program files (x86)/cypress/psoc creator/4.1/psoc creator/import/gnu/arm/5.4.1/bin/../lib/gcc/arm-none-eabi/5.4.1/../../../../arm-none-eabi/lib/armv7-m\libnosys.a(close.o)

.debug
 *(.debug)

.line
 *(.line)

.debug_srcinfo
 *(.debug_srcinfo)

.debug_sfnames
 *(.debug_sfnames)

.debug_aranges  0x00000000     0x1280
 *(.debug_aranges)
 .debug_aranges
                0x00000000       0x38 .\CortexM3\ARM_GCC_541\Debug\main.o
 .debug_aranges
                0x00000038       0x20 .\CortexM3\ARM_GCC_541\Debug\Accel.o
 .debug_aranges
                0x00000058       0x20 .\CortexM3\ARM_GCC_541\Debug\Ambient.o
 .debug_aranges
                0x00000078       0x20 .\CortexM3\ARM_GCC_541\Debug\Gyro.o
 .debug_aranges
                0x00000098       0x30 .\CortexM3\ARM_GCC_541\Debug\I2C_made.o
 .debug_aranges
                0x000000c8       0x40 .\CortexM3\ARM_GCC_541\Debug\IR.o
 .debug_aranges
                0x00000108       0x20 .\CortexM3\ARM_GCC_541\Debug\Magnet.o
 .debug_aranges
                0x00000128       0x50 .\CortexM3\ARM_GCC_541\Debug\Motor.o
 .debug_aranges
                0x00000178       0x30 .\CortexM3\ARM_GCC_541\Debug\Nunchuk.o
 .debug_aranges
                0x000001a8       0x40 .\CortexM3\ARM_GCC_541\Debug\Reflectance.o
 .debug_aranges
                0x000001e8       0x38 .\CortexM3\ARM_GCC_541\Debug\Ultra.o
 .debug_aranges
                0x00000220       0x20 .\CortexM3\ARM_GCC_541\Debug\Beep.o
 .debug_aranges
                0x00000240       0x20 .\CortexM3\ARM_GCC_541\Debug\Drive.o
 .debug_aranges
                0x00000260       0x58 .\CortexM3\ARM_GCC_541\Debug\cyfitter_cfg.o
 .debug_aranges
                0x000002b8       0x18 .\CortexM3\ARM_GCC_541\Debug\cymetadata.o
 .debug_aranges
                0x000002d0       0x48 .\CortexM3\ARM_GCC_541\Debug\Cm3Start.o
 .debug_aranges
                0x00000318       0xa8 .\CortexM3\ARM_GCC_541\Debug\ZumoBot.a(PWM.o)
 .debug_aranges
                0x000003c0       0x38 .\CortexM3\ARM_GCC_541\Debug\ZumoBot.a(I2C.o)
 .debug_aranges
                0x000003f8       0x20 .\CortexM3\ARM_GCC_541\Debug\ZumoBot.a(I2C_INT.o)
 .debug_aranges
                0x00000418       0x38 .\CortexM3\ARM_GCC_541\Debug\ZumoBot.a(I2C_PM.o)
 .debug_aranges
                0x00000450       0x80 .\CortexM3\ARM_GCC_541\Debug\ZumoBot.a(I2C_MASTER.o)
 .debug_aranges
                0x000004d0      0x2a0 .\CortexM3\ARM_GCC_541\Debug\ZumoBot.a(CyLib.o)
 .debug_aranges
                0x00000770       0x98 .\CortexM3\ARM_GCC_541\Debug\ZumoBot.a(cyPm.o)
 .debug_aranges
                0x00000808       0x38 .\CortexM3\ARM_GCC_541\Debug\ZumoBot.a(MotorDirLeft.o)
 .debug_aranges
                0x00000840       0x38 .\CortexM3\ARM_GCC_541\Debug\ZumoBot.a(MotorDirRight.o)
 .debug_aranges
                0x00000878       0x38 .\CortexM3\ARM_GCC_541\Debug\ZumoBot.a(IR_led.o)
 .debug_aranges
                0x000008b0       0x80 .\CortexM3\ARM_GCC_541\Debug\ZumoBot.a(sensor_isr.o)
 .debug_aranges
                0x00000930       0xf0 .\CortexM3\ARM_GCC_541\Debug\ZumoBot.a(UART_1.o)
 .debug_aranges
                0x00000a20       0xa8 .\CortexM3\ARM_GCC_541\Debug\ZumoBot.a(ADC_Battery.o)
 .debug_aranges
                0x00000ac8       0x20 .\CortexM3\ARM_GCC_541\Debug\ZumoBot.a(ADC_Battery_INT.o)
 .debug_aranges
                0x00000ae8       0x38 .\CortexM3\ARM_GCC_541\Debug\ZumoBot.a(BatteryLed.o)
 .debug_aranges
                0x00000b20       0x38 .\CortexM3\ARM_GCC_541\Debug\ZumoBot.a(IR_receiver.o)
 .debug_aranges
                0x00000b58       0x38 .\CortexM3\ARM_GCC_541\Debug\ZumoBot.a(Trig.o)
 .debug_aranges
                0x00000b90       0x88 .\CortexM3\ARM_GCC_541\Debug\ZumoBot.a(Timer.o)
 .debug_aranges
                0x00000c18       0x38 .\CortexM3\ARM_GCC_541\Debug\ZumoBot.a(Echo.o)
 .debug_aranges
                0x00000c50       0x80 .\CortexM3\ARM_GCC_541\Debug\ZumoBot.a(ultra_isr.o)
 .debug_aranges
                0x00000cd0       0x70 .\CortexM3\ARM_GCC_541\Debug\ZumoBot.a(UART_1_IntClock.o)
 .debug_aranges
                0x00000d40       0x70 .\CortexM3\ARM_GCC_541\Debug\ZumoBot.a(ADC_Battery_theACLK.o)
 .debug_aranges
                0x00000db0       0x80 .\CortexM3\ARM_GCC_541\Debug\ZumoBot.a(Buzzer_PWM.o)
 .debug_aranges
                0x00000e30       0x38 .\CortexM3\ARM_GCC_541\Debug\ZumoBot.a(L3.o)
 .debug_aranges
                0x00000e68       0x88 .\CortexM3\ARM_GCC_541\Debug\ZumoBot.a(Timer_L3.o)
 .debug_aranges
                0x00000ef0       0x88 .\CortexM3\ARM_GCC_541\Debug\ZumoBot.a(Timer_R3.o)
 .debug_aranges
                0x00000f78       0x88 .\CortexM3\ARM_GCC_541\Debug\ZumoBot.a(Timer_R1.o)
 .debug_aranges
                0x00001000       0x38 .\CortexM3\ARM_GCC_541\Debug\ZumoBot.a(R1.o)
 .debug_aranges
                0x00001038       0x38 .\CortexM3\ARM_GCC_541\Debug\ZumoBot.a(R3.o)
 .debug_aranges
                0x00001070       0x88 .\CortexM3\ARM_GCC_541\Debug\ZumoBot.a(Timer_L1.o)
 .debug_aranges
                0x000010f8       0x38 .\CortexM3\ARM_GCC_541\Debug\ZumoBot.a(L1.o)
 .debug_aranges
                0x00001130       0x38 .\CortexM3\ARM_GCC_541\Debug\ZumoBot.a(SW1.o)
 .debug_aranges
                0x00001168       0x20 .\CortexM3\ARM_GCC_541\Debug\ZumoBot.a(CyBootAsmGnu.o)
 .debug_aranges
                0x00001188       0x80 .\CortexM3\ARM_GCC_541\Debug\ZumoBot.a(CyFlash.o)
 .debug_aranges
                0x00001208       0x78 .\CortexM3\ARM_GCC_541\Debug\ZumoBot.a(CySpc.o)

.debug_pubnames
 *(.debug_pubnames)

.debug_info     0x00000000     0xa00f
 *(.debug_info .gnu.linkonce.wi.*)
 .debug_info    0x00000000      0x878 .\CortexM3\ARM_GCC_541\Debug\main.o
 .debug_info    0x00000878      0x138 .\CortexM3\ARM_GCC_541\Debug\Accel.o
 .debug_info    0x000009b0      0x10e .\CortexM3\ARM_GCC_541\Debug\Ambient.o
 .debug_info    0x00000abe      0x10a .\CortexM3\ARM_GCC_541\Debug\Gyro.o
 .debug_info    0x00000bc8      0x2e3 .\CortexM3\ARM_GCC_541\Debug\I2C_made.o
 .debug_info    0x00000eab      0x22d .\CortexM3\ARM_GCC_541\Debug\IR.o
 .debug_info    0x000010d8      0x145 .\CortexM3\ARM_GCC_541\Debug\Magnet.o
 .debug_info    0x0000121d      0x481 .\CortexM3\ARM_GCC_541\Debug\Motor.o
 .debug_info    0x0000169e      0x2b6 .\CortexM3\ARM_GCC_541\Debug\Nunchuk.o
 .debug_info    0x00001954      0x55f .\CortexM3\ARM_GCC_541\Debug\Reflectance.o
 .debug_info    0x00001eb3      0x6ac .\CortexM3\ARM_GCC_541\Debug\Ultra.o
 .debug_info    0x0000255f      0x194 .\CortexM3\ARM_GCC_541\Debug\Beep.o
 .debug_info    0x000026f3      0x366 .\CortexM3\ARM_GCC_541\Debug\Drive.o
 .debug_info    0x00002a59      0x63d .\CortexM3\ARM_GCC_541\Debug\cyfitter_cfg.o
 .debug_info    0x00003096      0x139 .\CortexM3\ARM_GCC_541\Debug\cymetadata.o
 .debug_info    0x000031cf      0x3b5 .\CortexM3\ARM_GCC_541\Debug\Cm3Start.o
 .debug_info    0x00003584      0x383 .\CortexM3\ARM_GCC_541\Debug\ZumoBot.a(PWM.o)
 .debug_info    0x00003907      0x2ad .\CortexM3\ARM_GCC_541\Debug\ZumoBot.a(I2C.o)
 .debug_info    0x00003bb4      0x184 .\CortexM3\ARM_GCC_541\Debug\ZumoBot.a(I2C_INT.o)
 .debug_info    0x00003d38      0x207 .\CortexM3\ARM_GCC_541\Debug\ZumoBot.a(I2C_PM.o)
 .debug_info    0x00003f3f      0x407 .\CortexM3\ARM_GCC_541\Debug\ZumoBot.a(I2C_MASTER.o)
 .debug_info    0x00004346     0x1374 .\CortexM3\ARM_GCC_541\Debug\ZumoBot.a(CyLib.o)
 .debug_info    0x000056ba      0xa1d .\CortexM3\ARM_GCC_541\Debug\ZumoBot.a(cyPm.o)
 .debug_info    0x000060d7      0x11f .\CortexM3\ARM_GCC_541\Debug\ZumoBot.a(MotorDirLeft.o)
 .debug_info    0x000061f6      0x11f .\CortexM3\ARM_GCC_541\Debug\ZumoBot.a(MotorDirRight.o)
 .debug_info    0x00006315      0x11f .\CortexM3\ARM_GCC_541\Debug\ZumoBot.a(IR_led.o)
 .debug_info    0x00006434      0x2d2 .\CortexM3\ARM_GCC_541\Debug\ZumoBot.a(sensor_isr.o)
 .debug_info    0x00006706      0x60c .\CortexM3\ARM_GCC_541\Debug\ZumoBot.a(UART_1.o)
 .debug_info    0x00006d12      0x5c0 .\CortexM3\ARM_GCC_541\Debug\ZumoBot.a(ADC_Battery.o)
 .debug_info    0x000072d2       0x92 .\CortexM3\ARM_GCC_541\Debug\ZumoBot.a(ADC_Battery_INT.o)
 .debug_info    0x00007364      0x11f .\CortexM3\ARM_GCC_541\Debug\ZumoBot.a(BatteryLed.o)
 .debug_info    0x00007483      0x11f .\CortexM3\ARM_GCC_541\Debug\ZumoBot.a(IR_receiver.o)
 .debug_info    0x000075a2      0x11f .\CortexM3\ARM_GCC_541\Debug\ZumoBot.a(Trig.o)
 .debug_info    0x000076c1      0x2d3 .\CortexM3\ARM_GCC_541\Debug\ZumoBot.a(Timer.o)
 .debug_info    0x00007994      0x11f .\CortexM3\ARM_GCC_541\Debug\ZumoBot.a(Echo.o)
 .debug_info    0x00007ab3      0x2d2 .\CortexM3\ARM_GCC_541\Debug\ZumoBot.a(ultra_isr.o)
 .debug_info    0x00007d85      0x283 .\CortexM3\ARM_GCC_541\Debug\ZumoBot.a(UART_1_IntClock.o)
 .debug_info    0x00008008      0x283 .\CortexM3\ARM_GCC_541\Debug\ZumoBot.a(ADC_Battery_theACLK.o)
 .debug_info    0x0000828b      0x279 .\CortexM3\ARM_GCC_541\Debug\ZumoBot.a(Buzzer_PWM.o)
 .debug_info    0x00008504      0x11f .\CortexM3\ARM_GCC_541\Debug\ZumoBot.a(L3.o)
 .debug_info    0x00008623      0x295 .\CortexM3\ARM_GCC_541\Debug\ZumoBot.a(Timer_L3.o)
 .debug_info    0x000088b8      0x295 .\CortexM3\ARM_GCC_541\Debug\ZumoBot.a(Timer_R3.o)
 .debug_info    0x00008b4d      0x295 .\CortexM3\ARM_GCC_541\Debug\ZumoBot.a(Timer_R1.o)
 .debug_info    0x00008de2      0x11f .\CortexM3\ARM_GCC_541\Debug\ZumoBot.a(R1.o)
 .debug_info    0x00008f01      0x11f .\CortexM3\ARM_GCC_541\Debug\ZumoBot.a(R3.o)
 .debug_info    0x00009020      0x295 .\CortexM3\ARM_GCC_541\Debug\ZumoBot.a(Timer_L1.o)
 .debug_info    0x000092b5      0x11f .\CortexM3\ARM_GCC_541\Debug\ZumoBot.a(L1.o)
 .debug_info    0x000093d4      0x11f .\CortexM3\ARM_GCC_541\Debug\ZumoBot.a(SW1.o)
 .debug_info    0x000094f3       0x7b .\CortexM3\ARM_GCC_541\Debug\ZumoBot.a(CyBootAsmGnu.o)
 .debug_info    0x0000956e      0x5b8 .\CortexM3\ARM_GCC_541\Debug\ZumoBot.a(CyFlash.o)
 .debug_info    0x00009b26      0x4e9 .\CortexM3\ARM_GCC_541\Debug\ZumoBot.a(CySpc.o)

.debug_abbrev   0x00000000     0x346c
 *(.debug_abbrev)
 .debug_abbrev  0x00000000      0x1be .\CortexM3\ARM_GCC_541\Debug\main.o
 .debug_abbrev  0x000001be       0xae .\CortexM3\ARM_GCC_541\Debug\Accel.o
 .debug_abbrev  0x0000026c       0x8c .\CortexM3\ARM_GCC_541\Debug\Ambient.o
 .debug_abbrev  0x000002f8       0xa5 .\CortexM3\ARM_GCC_541\Debug\Gyro.o
 .debug_abbrev  0x0000039d      0x124 .\CortexM3\ARM_GCC_541\Debug\I2C_made.o
 .debug_abbrev  0x000004c1      0x100 .\CortexM3\ARM_GCC_541\Debug\IR.o
 .debug_abbrev  0x000005c1       0xba .\CortexM3\ARM_GCC_541\Debug\Magnet.o
 .debug_abbrev  0x0000067b       0xec .\CortexM3\ARM_GCC_541\Debug\Motor.o
 .debug_abbrev  0x00000767       0xe4 .\CortexM3\ARM_GCC_541\Debug\Nunchuk.o
 .debug_abbrev  0x0000084b      0x12e .\CortexM3\ARM_GCC_541\Debug\Reflectance.o
 .debug_abbrev  0x00000979      0x21b .\CortexM3\ARM_GCC_541\Debug\Ultra.o
 .debug_abbrev  0x00000b94       0xc9 .\CortexM3\ARM_GCC_541\Debug\Beep.o
 .debug_abbrev  0x00000c5d       0xed .\CortexM3\ARM_GCC_541\Debug\Drive.o
 .debug_abbrev  0x00000d4a      0x20d .\CortexM3\ARM_GCC_541\Debug\cyfitter_cfg.o
 .debug_abbrev  0x00000f57       0x77 .\CortexM3\ARM_GCC_541\Debug\cymetadata.o
 .debug_abbrev  0x00000fce      0x1e8 .\CortexM3\ARM_GCC_541\Debug\Cm3Start.o
 .debug_abbrev  0x000011b6      0x133 .\CortexM3\ARM_GCC_541\Debug\ZumoBot.a(PWM.o)
 .debug_abbrev  0x000012e9      0x10a .\CortexM3\ARM_GCC_541\Debug\ZumoBot.a(I2C.o)
 .debug_abbrev  0x000013f3       0xb6 .\CortexM3\ARM_GCC_541\Debug\ZumoBot.a(I2C_INT.o)
 .debug_abbrev  0x000014a9       0xfe .\CortexM3\ARM_GCC_541\Debug\ZumoBot.a(I2C_PM.o)
 .debug_abbrev  0x000015a7      0x13c .\CortexM3\ARM_GCC_541\Debug\ZumoBot.a(I2C_MASTER.o)
 .debug_abbrev  0x000016e3      0x254 .\CortexM3\ARM_GCC_541\Debug\ZumoBot.a(CyLib.o)
 .debug_abbrev  0x00001937      0x1ab .\CortexM3\ARM_GCC_541\Debug\ZumoBot.a(cyPm.o)
 .debug_abbrev  0x00001ae2       0x90 .\CortexM3\ARM_GCC_541\Debug\ZumoBot.a(MotorDirLeft.o)
 .debug_abbrev  0x00001b72       0x90 .\CortexM3\ARM_GCC_541\Debug\ZumoBot.a(MotorDirRight.o)
 .debug_abbrev  0x00001c02       0x90 .\CortexM3\ARM_GCC_541\Debug\ZumoBot.a(IR_led.o)
 .debug_abbrev  0x00001c92      0x173 .\CortexM3\ARM_GCC_541\Debug\ZumoBot.a(sensor_isr.o)
 .debug_abbrev  0x00001e05      0x175 .\CortexM3\ARM_GCC_541\Debug\ZumoBot.a(UART_1.o)
 .debug_abbrev  0x00001f7a      0x1ac .\CortexM3\ARM_GCC_541\Debug\ZumoBot.a(ADC_Battery.o)
 .debug_abbrev  0x00002126       0x42 .\CortexM3\ARM_GCC_541\Debug\ZumoBot.a(ADC_Battery_INT.o)
 .debug_abbrev  0x00002168       0x90 .\CortexM3\ARM_GCC_541\Debug\ZumoBot.a(BatteryLed.o)
 .debug_abbrev  0x000021f8       0x90 .\CortexM3\ARM_GCC_541\Debug\ZumoBot.a(IR_receiver.o)
 .debug_abbrev  0x00002288       0x90 .\CortexM3\ARM_GCC_541\Debug\ZumoBot.a(Trig.o)
 .debug_abbrev  0x00002318      0x13a .\CortexM3\ARM_GCC_541\Debug\ZumoBot.a(Timer.o)
 .debug_abbrev  0x00002452       0x90 .\CortexM3\ARM_GCC_541\Debug\ZumoBot.a(Echo.o)
 .debug_abbrev  0x000024e2      0x173 .\CortexM3\ARM_GCC_541\Debug\ZumoBot.a(ultra_isr.o)
 .debug_abbrev  0x00002655      0x139 .\CortexM3\ARM_GCC_541\Debug\ZumoBot.a(UART_1_IntClock.o)
 .debug_abbrev  0x0000278e      0x139 .\CortexM3\ARM_GCC_541\Debug\ZumoBot.a(ADC_Battery_theACLK.o)
 .debug_abbrev  0x000028c7      0x12d .\CortexM3\ARM_GCC_541\Debug\ZumoBot.a(Buzzer_PWM.o)
 .debug_abbrev  0x000029f4       0x90 .\CortexM3\ARM_GCC_541\Debug\ZumoBot.a(L3.o)
 .debug_abbrev  0x00002a84      0x11a .\CortexM3\ARM_GCC_541\Debug\ZumoBot.a(Timer_L3.o)
 .debug_abbrev  0x00002b9e      0x11a .\CortexM3\ARM_GCC_541\Debug\ZumoBot.a(Timer_R3.o)
 .debug_abbrev  0x00002cb8      0x11a .\CortexM3\ARM_GCC_541\Debug\ZumoBot.a(Timer_R1.o)
 .debug_abbrev  0x00002dd2       0x90 .\CortexM3\ARM_GCC_541\Debug\ZumoBot.a(R1.o)
 .debug_abbrev  0x00002e62       0x90 .\CortexM3\ARM_GCC_541\Debug\ZumoBot.a(R3.o)
 .debug_abbrev  0x00002ef2      0x11a .\CortexM3\ARM_GCC_541\Debug\ZumoBot.a(Timer_L1.o)
 .debug_abbrev  0x0000300c       0x90 .\CortexM3\ARM_GCC_541\Debug\ZumoBot.a(L1.o)
 .debug_abbrev  0x0000309c       0x90 .\CortexM3\ARM_GCC_541\Debug\ZumoBot.a(SW1.o)
 .debug_abbrev  0x0000312c       0x14 .\CortexM3\ARM_GCC_541\Debug\ZumoBot.a(CyBootAsmGnu.o)
 .debug_abbrev  0x00003140      0x198 .\CortexM3\ARM_GCC_541\Debug\ZumoBot.a(CyFlash.o)
 .debug_abbrev  0x000032d8      0x194 .\CortexM3\ARM_GCC_541\Debug\ZumoBot.a(CySpc.o)

.debug_line     0x00000000     0x4eeb
 *(.debug_line)
 .debug_line    0x00000000      0x397 .\CortexM3\ARM_GCC_541\Debug\main.o
 .debug_line    0x00000397      0x1e6 .\CortexM3\ARM_GCC_541\Debug\Accel.o
 .debug_line    0x0000057d       0xe3 .\CortexM3\ARM_GCC_541\Debug\Ambient.o
 .debug_line    0x00000660      0x174 .\CortexM3\ARM_GCC_541\Debug\Gyro.o
 .debug_line    0x000007d4      0x1c6 .\CortexM3\ARM_GCC_541\Debug\I2C_made.o
 .debug_line    0x0000099a      0x208 .\CortexM3\ARM_GCC_541\Debug\IR.o
 .debug_line    0x00000ba2      0x1e5 .\CortexM3\ARM_GCC_541\Debug\Magnet.o
 .debug_line    0x00000d87      0x222 .\CortexM3\ARM_GCC_541\Debug\Motor.o
 .debug_line    0x00000fa9      0x1c2 .\CortexM3\ARM_GCC_541\Debug\Nunchuk.o
 .debug_line    0x0000116b      0x274 .\CortexM3\ARM_GCC_541\Debug\Reflectance.o
 .debug_line    0x000013df      0x20a .\CortexM3\ARM_GCC_541\Debug\Ultra.o
 .debug_line    0x000015e9      0x192 .\CortexM3\ARM_GCC_541\Debug\Beep.o
 .debug_line    0x0000177b      0x222 .\CortexM3\ARM_GCC_541\Debug\Drive.o
 .debug_line    0x0000199d      0x20e .\CortexM3\ARM_GCC_541\Debug\cyfitter_cfg.o
 .debug_line    0x00001bab      0x141 .\CortexM3\ARM_GCC_541\Debug\cymetadata.o
 .debug_line    0x00001cec      0x234 .\CortexM3\ARM_GCC_541\Debug\Cm3Start.o
 .debug_line    0x00001f20      0x1a7 .\CortexM3\ARM_GCC_541\Debug\ZumoBot.a(PWM.o)
 .debug_line    0x000020c7       0xd9 .\CortexM3\ARM_GCC_541\Debug\ZumoBot.a(I2C.o)
 .debug_line    0x000021a0      0x114 .\CortexM3\ARM_GCC_541\Debug\ZumoBot.a(I2C_INT.o)
 .debug_line    0x000022b4       0xbb .\CortexM3\ARM_GCC_541\Debug\ZumoBot.a(I2C_PM.o)
 .debug_line    0x0000236f      0x1fd .\CortexM3\ARM_GCC_541\Debug\ZumoBot.a(I2C_MASTER.o)
 .debug_line    0x0000256c      0x816 .\CortexM3\ARM_GCC_541\Debug\ZumoBot.a(CyLib.o)
 .debug_line    0x00002d82      0x364 .\CortexM3\ARM_GCC_541\Debug\ZumoBot.a(cyPm.o)
 .debug_line    0x000030e6       0x99 .\CortexM3\ARM_GCC_541\Debug\ZumoBot.a(MotorDirLeft.o)
 .debug_line    0x0000317f       0x9a .\CortexM3\ARM_GCC_541\Debug\ZumoBot.a(MotorDirRight.o)
 .debug_line    0x00003219       0x93 .\CortexM3\ARM_GCC_541\Debug\ZumoBot.a(IR_led.o)
 .debug_line    0x000032ac      0x137 .\CortexM3\ARM_GCC_541\Debug\ZumoBot.a(sensor_isr.o)
 .debug_line    0x000033e3      0x2c0 .\CortexM3\ARM_GCC_541\Debug\ZumoBot.a(UART_1.o)
 .debug_line    0x000036a3      0x222 .\CortexM3\ARM_GCC_541\Debug\ZumoBot.a(ADC_Battery.o)
 .debug_line    0x000038c5       0x58 .\CortexM3\ARM_GCC_541\Debug\ZumoBot.a(ADC_Battery_INT.o)
 .debug_line    0x0000391d       0x97 .\CortexM3\ARM_GCC_541\Debug\ZumoBot.a(BatteryLed.o)
 .debug_line    0x000039b4       0x98 .\CortexM3\ARM_GCC_541\Debug\ZumoBot.a(IR_receiver.o)
 .debug_line    0x00003a4c       0x91 .\CortexM3\ARM_GCC_541\Debug\ZumoBot.a(Trig.o)
 .debug_line    0x00003add      0x159 .\CortexM3\ARM_GCC_541\Debug\ZumoBot.a(Timer.o)
 .debug_line    0x00003c36       0x91 .\CortexM3\ARM_GCC_541\Debug\ZumoBot.a(Echo.o)
 .debug_line    0x00003cc7      0x136 .\CortexM3\ARM_GCC_541\Debug\ZumoBot.a(ultra_isr.o)
 .debug_line    0x00003dfd      0x17e .\CortexM3\ARM_GCC_541\Debug\ZumoBot.a(UART_1_IntClock.o)
 .debug_line    0x00003f7b      0x182 .\CortexM3\ARM_GCC_541\Debug\ZumoBot.a(ADC_Battery_theACLK.o)
 .debug_line    0x000040fd      0x13f .\CortexM3\ARM_GCC_541\Debug\ZumoBot.a(Buzzer_PWM.o)
 .debug_line    0x0000423c       0x8f .\CortexM3\ARM_GCC_541\Debug\ZumoBot.a(L3.o)
 .debug_line    0x000042cb      0x156 .\CortexM3\ARM_GCC_541\Debug\ZumoBot.a(Timer_L3.o)
 .debug_line    0x00004421      0x156 .\CortexM3\ARM_GCC_541\Debug\ZumoBot.a(Timer_R3.o)
 .debug_line    0x00004577      0x156 .\CortexM3\ARM_GCC_541\Debug\ZumoBot.a(Timer_R1.o)
 .debug_line    0x000046cd       0x8f .\CortexM3\ARM_GCC_541\Debug\ZumoBot.a(R1.o)
 .debug_line    0x0000475c       0x8f .\CortexM3\ARM_GCC_541\Debug\ZumoBot.a(R3.o)
 .debug_line    0x000047eb      0x156 .\CortexM3\ARM_GCC_541\Debug\ZumoBot.a(Timer_L1.o)
 .debug_line    0x00004941       0x8f .\CortexM3\ARM_GCC_541\Debug\ZumoBot.a(L1.o)
 .debug_line    0x000049d0       0x90 .\CortexM3\ARM_GCC_541\Debug\ZumoBot.a(SW1.o)
 .debug_line    0x00004a60       0x66 .\CortexM3\ARM_GCC_541\Debug\ZumoBot.a(CyBootAsmGnu.o)
 .debug_line    0x00004ac6      0x1e9 .\CortexM3\ARM_GCC_541\Debug\ZumoBot.a(CyFlash.o)
 .debug_line    0x00004caf      0x23c .\CortexM3\ARM_GCC_541\Debug\ZumoBot.a(CySpc.o)

.debug_frame    0x00000000     0x3cb0
 *(.debug_frame)
 .debug_frame   0x00000000       0xa4 .\CortexM3\ARM_GCC_541\Debug\main.o
 .debug_frame   0x000000a4       0x38 .\CortexM3\ARM_GCC_541\Debug\Accel.o
 .debug_frame   0x000000dc       0x3c .\CortexM3\ARM_GCC_541\Debug\Ambient.o
 .debug_frame   0x00000118       0x2c .\CortexM3\ARM_GCC_541\Debug\Gyro.o
 .debug_frame   0x00000144       0x64 .\CortexM3\ARM_GCC_541\Debug\I2C_made.o
 .debug_frame   0x000001a8       0xa4 .\CortexM3\ARM_GCC_541\Debug\IR.o
 .debug_frame   0x0000024c       0x2c .\CortexM3\ARM_GCC_541\Debug\Magnet.o
 .debug_frame   0x00000278       0xe8 .\CortexM3\ARM_GCC_541\Debug\Motor.o
 .debug_frame   0x00000360       0x70 .\CortexM3\ARM_GCC_541\Debug\Nunchuk.o
 .debug_frame   0x000003d0       0x90 .\CortexM3\ARM_GCC_541\Debug\Reflectance.o
 .debug_frame   0x00000460       0x74 .\CortexM3\ARM_GCC_541\Debug\Ultra.o
 .debug_frame   0x000004d4       0x30 .\CortexM3\ARM_GCC_541\Debug\Beep.o
 .debug_frame   0x00000504       0x30 .\CortexM3\ARM_GCC_541\Debug\Drive.o
 .debug_frame   0x00000534       0xfc .\CortexM3\ARM_GCC_541\Debug\cyfitter_cfg.o
 .debug_frame   0x00000630       0xb8 .\CortexM3\ARM_GCC_541\Debug\Cm3Start.o
 .debug_frame   0x000006e8      0x154 .\CortexM3\ARM_GCC_541\Debug\ZumoBot.a(PWM.o)
 .debug_frame   0x0000083c       0x94 .\CortexM3\ARM_GCC_541\Debug\ZumoBot.a(I2C.o)
 .debug_frame   0x000008d0       0x30 .\CortexM3\ARM_GCC_541\Debug\ZumoBot.a(I2C_INT.o)
 .debug_frame   0x00000900       0x74 .\CortexM3\ARM_GCC_541\Debug\ZumoBot.a(I2C_PM.o)
 .debug_frame   0x00000974      0x138 .\CortexM3\ARM_GCC_541\Debug\ZumoBot.a(I2C_MASTER.o)
 .debug_frame   0x00000aac      0x738 .\CortexM3\ARM_GCC_541\Debug\ZumoBot.a(CyLib.o)
 .debug_frame   0x000011e4      0x1f8 .\CortexM3\ARM_GCC_541\Debug\ZumoBot.a(cyPm.o)